Archive member included to satisfy reference by file (symbol)

/usr/arm-linux-gnueabihf/lib/libc_nonshared.a(elf-init.oS)
                              /usr/lib/gcc-cross/arm-linux-gnueabihf/6/../../../../arm-linux-gnueabihf/lib/../lib/crt1.o (__libc_csu_init)

As-needed library included to satisfy reference by file (symbol)

libc.so.6                     /usr/lib/gcc-cross/arm-linux-gnueabihf/6/../../../../arm-linux-gnueabihf/lib/../lib/crt1.o (abort@@GLIBC_2.4)
librt.so.1                    /tmp/cc1dW2q9.ltrans0.ltrans.o (shm_open@@GLIBC_2.4)
libgcc_s.so.1                 /tmp/cc1dW2q9.ltrans0.ltrans.o (__aeabi_unwind_cpp_pr0@@GCC_3.5)

Discarded input sections

 .note.GNU-stack
                0x0000000000000000        0x0 /usr/lib/gcc-cross/arm-linux-gnueabihf/6/../../../../arm-linux-gnueabihf/lib/../lib/crt1.o
 .note.GNU-stack
                0x0000000000000000        0x0 /usr/lib/gcc-cross/arm-linux-gnueabihf/6/../../../../arm-linux-gnueabihf/lib/../lib/crti.o
 .note.GNU-stack
                0x0000000000000000        0x0 /usr/lib/gcc-cross/arm-linux-gnueabihf/6/crtbegin.o
 .text          0x0000000000000000        0x0 Main.o (symbol from plugin)
 .gnu.linkonce.t._ZN9I2CMasterILj1ELh4ELh8E16FastSharedBufferIhhEE18PeriodicProcessingEhRh
                0x0000000000000000        0x0 Main.o (symbol from plugin)
 .gnu.linkonce.t._ZN9I2CMasterILj1ELh1ELh16E16FastSharedBufferIhhEE18PeriodicProcessingEhRh
                0x0000000000000000        0x0 Main.o (symbol from plugin)
 .gnu.linkonce.t._ZN9SchedulerILj100E3PWMILj1ELj0ELh2E16FastSharedBufferIhhEE9I2CMasterILj1ELh4ELh8ES2_ES4_ILj1ELh1ELh16ES2_ES6_S6_S6_S0_ILj1ELj0ELh16ES2_ES7_E18PeriodicProcessingEhRh
                0x0000000000000000        0x0 Main.o (symbol from plugin)
 .gnu.linkonce.t._ZZN9SchedulerILj100E3PWMILj1ELj0ELh2E16FastSharedBufferIhhEE9I2CMasterILj1ELh4ELh8ES2_ES4_ILj1ELh1ELh16ES2_ES6_S6_S6_S0_ILj1ELj0ELh16ES2_ES7_E18PeriodicProcessingEhRhE10cycleCount
                0x0000000000000000        0x0 Main.o (symbol from plugin)
 .note.GNU-stack
                0x0000000000000000        0x0 /tmp/cc1dW2q9.ltrans0.ltrans.o
 .note.GNU-stack
                0x0000000000000000        0x0 /tmp/cc1dW2q9.ltrans1.ltrans.o
 .text          0x0000000000000000        0x0 Common.o (symbol from plugin)
 .text          0x0000000000000000        0x0 CircularBuffer.o (symbol from plugin)
 .text          0x0000000000000000        0x0 Timestamp.o (symbol from plugin)
 .text          0x0000000000000000        0x0 SharedMemory.o (symbol from plugin)
 .text          0x0000000000000000        0x0 ErrorHandling.o (symbol from plugin)
 .text          0x0000000000000000        0x0 DebugText.o (symbol from plugin)
 .text          0x0000000000000000        0x0 MessageBox.o (symbol from plugin)
 .note.GNU-stack
                0x0000000000000000        0x0 /usr/arm-linux-gnueabihf/lib/libc_nonshared.a(elf-init.oS)
 .note.GNU-stack
                0x0000000000000000        0x0 /usr/lib/gcc-cross/arm-linux-gnueabihf/6/crtend.o
 .note.GNU-stack
                0x0000000000000000        0x0 /usr/lib/gcc-cross/arm-linux-gnueabihf/6/../../../../arm-linux-gnueabihf/lib/../lib/crtn.o

Memory Configuration

Name             Origin             Length             Attributes
*default*        0x0000000000000000 0xffffffffffffffff

Linker script and memory map

LOAD /usr/lib/gcc-cross/arm-linux-gnueabihf/6/../../../../arm-linux-gnueabihf/lib/../lib/crt1.o
LOAD /usr/lib/gcc-cross/arm-linux-gnueabihf/6/../../../../arm-linux-gnueabihf/lib/../lib/crti.o
LOAD /usr/lib/gcc-cross/arm-linux-gnueabihf/6/crtbegin.o
LOAD Main.o
LOAD /tmp/cc1dW2q9.ltrans0.ltrans.o
LOAD /tmp/cc1dW2q9.ltrans1.ltrans.o
LOAD Common.o
LOAD CircularBuffer.o
LOAD Timestamp.o
LOAD SharedMemory.o
LOAD ErrorHandling.o
LOAD DebugText.o
LOAD MessageBox.o
LOAD /usr/lib/gcc-cross/arm-linux-gnueabihf/6/../../../../arm-linux-gnueabihf/lib/../lib/libc.so
START GROUP
LOAD /usr/arm-linux-gnueabihf/lib/libc.so.6
LOAD /usr/arm-linux-gnueabihf/lib/libc_nonshared.a
LOAD /usr/arm-linux-gnueabihf/lib/ld-linux-armhf.so.3
END GROUP
LOAD /usr/lib/gcc-cross/arm-linux-gnueabihf/6/libgcc.a
LOAD /usr/lib/gcc-cross/arm-linux-gnueabihf/6/../../../../arm-linux-gnueabihf/lib/../lib/librt.so
LOAD /usr/lib/gcc-cross/arm-linux-gnueabihf/6/../../../../arm-linux-gnueabihf/lib/../lib/libpthread.so
START GROUP
LOAD /usr/arm-linux-gnueabihf/lib/libpthread.so.0
LOAD /usr/arm-linux-gnueabihf/lib/libpthread_nonshared.a
END GROUP
LOAD /usr/lib/gcc-cross/arm-linux-gnueabihf/6/libgcc.a
LOAD /usr/lib/gcc-cross/arm-linux-gnueabihf/6/libgcc_s.so
START GROUP
LOAD /usr/lib/gcc-cross/arm-linux-gnueabihf/6/libgcc_s.so.1
LOAD /usr/lib/gcc-cross/arm-linux-gnueabihf/6/libgcc.a
END GROUP
LOAD /usr/lib/gcc-cross/arm-linux-gnueabihf/6/../../../../arm-linux-gnueabihf/lib/../lib/libc.so
START GROUP
LOAD /usr/arm-linux-gnueabihf/lib/libc.so.6
LOAD /usr/arm-linux-gnueabihf/lib/libc_nonshared.a
LOAD /usr/arm-linux-gnueabihf/lib/ld-linux-armhf.so.3
END GROUP
LOAD /usr/lib/gcc-cross/arm-linux-gnueabihf/6/libgcc.a
LOAD /usr/lib/gcc-cross/arm-linux-gnueabihf/6/libgcc_s.so
START GROUP
LOAD /usr/lib/gcc-cross/arm-linux-gnueabihf/6/libgcc_s.so.1
LOAD /usr/lib/gcc-cross/arm-linux-gnueabihf/6/libgcc.a
END GROUP
LOAD /usr/lib/gcc-cross/arm-linux-gnueabihf/6/crtend.o
LOAD /usr/lib/gcc-cross/arm-linux-gnueabihf/6/../../../../arm-linux-gnueabihf/lib/../lib/crtn.o
                [!provide]                        PROVIDE (__executable_start, 0x10000)
                0x0000000000010154                . = (0x10000 + SIZEOF_HEADERS)

.interp         0x0000000000010154       0x19
 *(.interp)
 .interp        0x0000000000010154       0x19 /usr/lib/gcc-cross/arm-linux-gnueabihf/6/../../../../arm-linux-gnueabihf/lib/../lib/crt1.o

.note.ABI-tag   0x0000000000010170       0x20
 .note.ABI-tag  0x0000000000010170       0x20 /usr/lib/gcc-cross/arm-linux-gnueabihf/6/../../../../arm-linux-gnueabihf/lib/../lib/crt1.o

.note.gnu.build-id
                0x0000000000010190       0x24
 *(.note.gnu.build-id)
 .note.gnu.build-id
                0x0000000000010190       0x24 linker stubs

.hash
 *(.hash)

.gnu.hash       0x00000000000101b4       0x64
 *(.gnu.hash)
 .gnu.hash      0x00000000000101b4       0x64 /usr/lib/gcc-cross/arm-linux-gnueabihf/6/../../../../arm-linux-gnueabihf/lib/../lib/crt1.o

.dynsym         0x0000000000010218      0x140
 *(.dynsym)
 .dynsym        0x0000000000010218      0x140 /usr/lib/gcc-cross/arm-linux-gnueabihf/6/../../../../arm-linux-gnueabihf/lib/../lib/crt1.o

.dynstr         0x0000000000010358      0x11b
 *(.dynstr)
 .dynstr        0x0000000000010358      0x11b /usr/lib/gcc-cross/arm-linux-gnueabihf/6/../../../../arm-linux-gnueabihf/lib/../lib/crt1.o

.gnu.version    0x0000000000010474       0x28
 *(.gnu.version)
 .gnu.version   0x0000000000010474       0x28 /usr/lib/gcc-cross/arm-linux-gnueabihf/6/../../../../arm-linux-gnueabihf/lib/../lib/crt1.o

.gnu.version_d  0x000000000001049c        0x0
 *(.gnu.version_d)
 .gnu.version_d
                0x000000000001049c        0x0 /usr/lib/gcc-cross/arm-linux-gnueabihf/6/../../../../arm-linux-gnueabihf/lib/../lib/crt1.o

.gnu.version_r  0x000000000001049c       0x60
 *(.gnu.version_r)
 .gnu.version_r
                0x000000000001049c       0x60 /usr/lib/gcc-cross/arm-linux-gnueabihf/6/../../../../arm-linux-gnueabihf/lib/../lib/crt1.o

.rel.dyn        0x00000000000104fc       0x10
 *(.rel.init)
 *(.rel.text .rel.text.* .rel.gnu.linkonce.t.*)
 *(.rel.fini)
 *(.rel.rodata .rel.rodata.* .rel.gnu.linkonce.r.*)
 *(.rel.data.rel.ro .rel.data.rel.ro.* .rel.gnu.linkonce.d.rel.ro.*)
 *(.rel.data .rel.data.* .rel.gnu.linkonce.d.*)
 *(.rel.tdata .rel.tdata.* .rel.gnu.linkonce.td.*)
 *(.rel.tbss .rel.tbss.* .rel.gnu.linkonce.tb.*)
 *(.rel.ctors)
 *(.rel.dtors)
 *(.rel.got)
 .rel.got       0x00000000000104fc        0x8 /usr/lib/gcc-cross/arm-linux-gnueabihf/6/../../../../arm-linux-gnueabihf/lib/../lib/crt1.o
 *(.rel.bss .rel.bss.* .rel.gnu.linkonce.b.*)
 .rel.bss       0x0000000000010504        0x8 /usr/lib/gcc-cross/arm-linux-gnueabihf/6/../../../../arm-linux-gnueabihf/lib/../lib/crt1.o
                [!provide]                        PROVIDE (__rel_iplt_start, .)
 *(.rel.iplt)
 .rel.iplt      0x000000000001050c        0x0 /usr/lib/gcc-cross/arm-linux-gnueabihf/6/../../../../arm-linux-gnueabihf/lib/../lib/crt1.o
                [!provide]                        PROVIDE (__rel_iplt_end, .)

.rela.dyn       0x000000000001050c        0x0
 *(.rela.init)
 *(.rela.text .rela.text.* .rela.gnu.linkonce.t.*)
 *(.rela.fini)
 *(.rela.rodata .rela.rodata.* .rela.gnu.linkonce.r.*)
 *(.rela.data .rela.data.* .rela.gnu.linkonce.d.*)
 *(.rela.tdata .rela.tdata.* .rela.gnu.linkonce.td.*)
 *(.rela.tbss .rela.tbss.* .rela.gnu.linkonce.tb.*)
 *(.rela.ctors)
 *(.rela.dtors)
 *(.rela.got)
 *(.rela.bss .rela.bss.* .rela.gnu.linkonce.b.*)
                [!provide]                        PROVIDE (__rela_iplt_start, .)
 *(.rela.iplt)
                [!provide]                        PROVIDE (__rela_iplt_end, .)

.rel.plt        0x000000000001050c       0x70
 *(.rel.plt)
 .rel.plt       0x000000000001050c       0x70 /usr/lib/gcc-cross/arm-linux-gnueabihf/6/../../../../arm-linux-gnueabihf/lib/../lib/crt1.o

.rela.plt
 *(.rela.plt)

.init           0x000000000001057c        0xc
 *(SORT(.init))
 .init          0x000000000001057c        0x8 /usr/lib/gcc-cross/arm-linux-gnueabihf/6/../../../../arm-linux-gnueabihf/lib/../lib/crti.o
                0x000000000001057c                _init
 .init          0x0000000000010584        0x4 /usr/lib/gcc-cross/arm-linux-gnueabihf/6/../../../../arm-linux-gnueabihf/lib/../lib/crtn.o

.plt            0x0000000000010588       0xbc
 *(.plt)
 .plt           0x0000000000010588       0xbc /usr/lib/gcc-cross/arm-linux-gnueabihf/6/../../../../arm-linux-gnueabihf/lib/../lib/crt1.o
                0x000000000001059c                fflush@@GLIBC_2.4
                0x00000000000105a8                __vsnprintf_chk@@GLIBC_2.4
                0x00000000000105b4                shm_open@@GLIBC_2.4
                0x00000000000105c0                perror@@GLIBC_2.4
                0x00000000000105cc                __libc_start_main@@GLIBC_2.4
                0x00000000000105e4                open@@GLIBC_2.4
                0x00000000000105f0                exit@@GLIBC_2.4
                0x00000000000105fc                mmap@@GLIBC_2.4
                0x0000000000010608                memset@@GLIBC_2.4
                0x0000000000010614                __fprintf_chk@@GLIBC_2.4
                0x0000000000010620                ftruncate@@GLIBC_2.4
                0x000000000001062c                abort@@GLIBC_2.4
                0x0000000000010638                close@@GLIBC_2.4

.iplt           0x0000000000010644        0x0
 *(.iplt)
 .iplt          0x0000000000010644        0x0 /usr/lib/gcc-cross/arm-linux-gnueabihf/6/../../../../arm-linux-gnueabihf/lib/../lib/crt1.o

.text           0x0000000000010644     0x16c0
 *(.text.unlikely .text.*_unlikely .text.unlikely.*)
 *(.text.exit .text.exit.*)
 *(.text.startup .text.startup.*)
 .text.startup  0x0000000000010644     0x153c /tmp/cc1dW2q9.ltrans0.ltrans.o
                0x0000000000010644                main
 *(.text.hot .text.hot.*)
 *(.text .stub .text.* .gnu.linkonce.t.*)
 .text          0x0000000000011b80       0x30 /usr/lib/gcc-cross/arm-linux-gnueabihf/6/../../../../arm-linux-gnueabihf/lib/../lib/crt1.o
                0x0000000000011b80                _start
 .text          0x0000000000011bb0       0x24 /usr/lib/gcc-cross/arm-linux-gnueabihf/6/../../../../arm-linux-gnueabihf/lib/../lib/crti.o
 .text          0x0000000000011bd4       0x8c /usr/lib/gcc-cross/arm-linux-gnueabihf/6/crtbegin.o
 .text          0x0000000000011c60        0x0 /tmp/cc1dW2q9.ltrans0.ltrans.o
 .text          0x0000000000011c60       0x64 /tmp/cc1dW2q9.ltrans1.ltrans.o
                0x0000000000011c60                DebugPrintf
                0x0000000000011cb4                PANIC
 .text          0x0000000000011cc4       0x40 /usr/arm-linux-gnueabihf/lib/libc_nonshared.a(elf-init.oS)
                0x0000000000011cc4                __libc_csu_init
                0x0000000000011d00                __libc_csu_fini
 .text          0x0000000000011d04        0x0 /usr/lib/gcc-cross/arm-linux-gnueabihf/6/crtend.o
 .text          0x0000000000011d04        0x0 /usr/lib/gcc-cross/arm-linux-gnueabihf/6/../../../../arm-linux-gnueabihf/lib/../lib/crtn.o
 *(.gnu.warning)
 *(.glue_7t)
 .glue_7t       0x0000000000011d04        0x0 linker stubs
 *(.glue_7)
 .glue_7        0x0000000000011d04        0x0 linker stubs
 *(.vfp11_veneer)
 .vfp11_veneer  0x0000000000011d04        0x0 linker stubs
 *(.v4_bx)
 .v4_bx         0x0000000000011d04        0x0 linker stubs

.fini           0x0000000000011d04        0x8
 *(SORT(.fini))
 .fini          0x0000000000011d04        0x4 /usr/lib/gcc-cross/arm-linux-gnueabihf/6/../../../../arm-linux-gnueabihf/lib/../lib/crti.o
                0x0000000000011d04                _fini
 .fini          0x0000000000011d08        0x4 /usr/lib/gcc-cross/arm-linux-gnueabihf/6/../../../../arm-linux-gnueabihf/lib/../lib/crtn.o
                [!provide]                        PROVIDE (__etext, .)
                [!provide]                        PROVIDE (_etext, .)
                [!provide]                        PROVIDE (etext, .)

.rodata         0x0000000000011d0c       0xb0
 *(.rodata .rodata.* .gnu.linkonce.r.*)
 .rodata.cst4   0x0000000000011d0c        0x4 /usr/lib/gcc-cross/arm-linux-gnueabihf/6/../../../../arm-linux-gnueabihf/lib/../lib/crt1.o
                0x0000000000011d0c                _IO_stdin_used
 .rodata.str1.4
                0x0000000000011d10       0x98 /tmp/cc1dW2q9.ltrans0.ltrans.o
 .rodata.str1.4
                0x0000000000011da8       0x14 /tmp/cc1dW2q9.ltrans1.ltrans.o

.rodata1
 *(.rodata1)

.ARM.extab      0x0000000000011dbc        0x0
 *(.ARM.extab* .gnu.linkonce.armextab.*)
 .ARM.extab     0x0000000000011dbc        0x0 /usr/lib/gcc-cross/arm-linux-gnueabihf/6/../../../../arm-linux-gnueabihf/lib/../lib/crt1.o
 .ARM.extab.text.startup
                0x0000000000011dbc        0x0 /tmp/cc1dW2q9.ltrans0.ltrans.o
                [!provide]                        PROVIDE (__exidx_start, .)

.ARM.exidx      0x0000000000011dbc       0x10
 *(.ARM.exidx* .gnu.linkonce.armexidx.*)
 .ARM.exidx     0x0000000000011dc4        0x8 /usr/lib/gcc-cross/arm-linux-gnueabihf/6/../../../../arm-linux-gnueabihf/lib/../lib/crt1.o
 .ARM.exidx.text.startup
                0x0000000000011dbc        0x8 /tmp/cc1dW2q9.ltrans0.ltrans.o
                [!provide]                        PROVIDE (__exidx_end, .)

.eh_frame_hdr
 *(.eh_frame_hdr)
 *(.eh_frame_entry .eh_frame_entry.*)

.eh_frame       0x0000000000011dcc        0x4
 *(.eh_frame)
 .eh_frame      0x0000000000011dcc        0x4 /usr/lib/gcc-cross/arm-linux-gnueabihf/6/crtend.o
 *(.eh_frame.*)

.gcc_except_table
 *(.gcc_except_table .gcc_except_table.*)

.gnu_extab
 *(.gnu_extab*)

.exception_ranges
 *(.exception_ranges .exception_ranges*)
                0x0000000000021efc                . = DATA_SEGMENT_ALIGN (0x10000, 0x1000)

.eh_frame
 *(.eh_frame)
 *(.eh_frame.*)

.gnu_extab
 *(.gnu_extab)

.gcc_except_table
 *(.gcc_except_table .gcc_except_table.*)

.exception_ranges
 *(.exception_ranges .exception_ranges*)

.tdata
 *(.tdata .tdata.* .gnu.linkonce.td.*)

.tbss
 *(.tbss .tbss.* .gnu.linkonce.tb.*)
 *(.tcommon)

.preinit_array  0x0000000000021efc        0x0
                [!provide]                        PROVIDE (__preinit_array_start, .)
 *(.preinit_array)
                [!provide]                        PROVIDE (__preinit_array_end, .)

.init_array     0x0000000000021efc        0x4
                0x0000000000021efc                PROVIDE (__init_array_start, .)
 *(SORT(.init_array.*) SORT(.ctors.*))
 *(.init_array EXCLUDE_FILE(*crtend?.o *crtend.o *crtbegin?.o *crtbegin.o) .ctors)
 .init_array    0x0000000000021efc        0x4 /usr/lib/gcc-cross/arm-linux-gnueabihf/6/crtbegin.o
                0x0000000000021f00                PROVIDE (__init_array_end, .)

.fini_array     0x0000000000021f00        0x4
                [!provide]                        PROVIDE (__fini_array_start, .)
 *(SORT(.fini_array.*) SORT(.dtors.*))
 *(.fini_array EXCLUDE_FILE(*crtend?.o *crtend.o *crtbegin?.o *crtbegin.o) .dtors)
 .fini_array    0x0000000000021f00        0x4 /usr/lib/gcc-cross/arm-linux-gnueabihf/6/crtbegin.o
                [!provide]                        PROVIDE (__fini_array_end, .)

.ctors
 *crtbegin.o(.ctors)
 *crtbegin?.o(.ctors)
 *(EXCLUDE_FILE(*crtend?.o *crtend.o) .ctors)
 *(SORT(.ctors.*))
 *(.ctors)

.dtors
 *crtbegin.o(.dtors)
 *crtbegin?.o(.dtors)
 *(EXCLUDE_FILE(*crtend?.o *crtend.o) .dtors)
 *(SORT(.dtors.*))
 *(.dtors)

.jcr            0x0000000000021f04        0x4
 *(.jcr)
 .jcr           0x0000000000021f04        0x0 /usr/lib/gcc-cross/arm-linux-gnueabihf/6/crtbegin.o
 .jcr           0x0000000000021f04        0x4 /usr/lib/gcc-cross/arm-linux-gnueabihf/6/crtend.o

.data.rel.ro
 *(.data.rel.ro.local* .gnu.linkonce.d.rel.ro.local.*)
 *(.data.rel.ro .data.rel.ro.* .gnu.linkonce.d.rel.ro.*)

.dynamic        0x0000000000021f08       0xf8
 *(.dynamic)
 .dynamic       0x0000000000021f08       0xf8 /usr/lib/gcc-cross/arm-linux-gnueabihf/6/../../../../arm-linux-gnueabihf/lib/../lib/crt1.o
                0x0000000000021f08                _DYNAMIC
                0x0000000000022000                . = DATA_SEGMENT_RELRO_END (., 0x0)

.got            0x0000000000022000       0x48
 *(.got.plt)
 .got.plt       0x0000000000022000       0x44 /usr/lib/gcc-cross/arm-linux-gnueabihf/6/../../../../arm-linux-gnueabihf/lib/../lib/crt1.o
                0x0000000000022000                _GLOBAL_OFFSET_TABLE_
 *(.igot.plt)
 .igot.plt      0x0000000000022044        0x0 /usr/lib/gcc-cross/arm-linux-gnueabihf/6/../../../../arm-linux-gnueabihf/lib/../lib/crt1.o
 *(.got)
 .got           0x0000000000022044        0x4 /usr/lib/gcc-cross/arm-linux-gnueabihf/6/../../../../arm-linux-gnueabihf/lib/../lib/crt1.o
 *(.igot)

.data           0x0000000000022048        0x8
                [!provide]                        PROVIDE (__data_start, .)
 *(.data .data.* .gnu.linkonce.d.*)
 .data          0x0000000000022048        0x4 /usr/lib/gcc-cross/arm-linux-gnueabihf/6/../../../../arm-linux-gnueabihf/lib/../lib/crt1.o
                0x0000000000022048                data_start
                0x0000000000022048                __data_start
 .data          0x000000000002204c        0x0 /usr/lib/gcc-cross/arm-linux-gnueabihf/6/../../../../arm-linux-gnueabihf/lib/../lib/crti.o
 .data          0x000000000002204c        0x4 /usr/lib/gcc-cross/arm-linux-gnueabihf/6/crtbegin.o
                0x000000000002204c                __dso_handle
 .data          0x0000000000022050        0x0 /tmp/cc1dW2q9.ltrans0.ltrans.o
 .data          0x0000000000022050        0x0 /tmp/cc1dW2q9.ltrans1.ltrans.o
 .data          0x0000000000022050        0x0 /usr/arm-linux-gnueabihf/lib/libc_nonshared.a(elf-init.oS)
 .data          0x0000000000022050        0x0 /usr/lib/gcc-cross/arm-linux-gnueabihf/6/crtend.o
 .data          0x0000000000022050        0x0 /usr/lib/gcc-cross/arm-linux-gnueabihf/6/../../../../arm-linux-gnueabihf/lib/../lib/crtn.o

.tm_clone_table
                0x0000000000022050        0x0
 .tm_clone_table
                0x0000000000022050        0x0 /usr/lib/gcc-cross/arm-linux-gnueabihf/6/crtbegin.o
 .tm_clone_table
                0x0000000000022050        0x0 /usr/lib/gcc-cross/arm-linux-gnueabihf/6/crtend.o

.data1
 *(.data1)
                0x0000000000022050                _edata = .
                [!provide]                        PROVIDE (edata, .)
                0x0000000000022050                . = .
                0x0000000000022050                __bss_start = .
                0x0000000000022050                __bss_start__ = .

.bss            0x0000000000022050      0x110
 *(.dynbss)
 .dynbss        0x0000000000022050        0x4 /usr/lib/gcc-cross/arm-linux-gnueabihf/6/../../../../arm-linux-gnueabihf/lib/../lib/crt1.o
                0x0000000000022050                stdout@@GLIBC_2.4
 *(.bss .bss.* .gnu.linkonce.b.*)
 .bss           0x0000000000022054        0x0 /usr/lib/gcc-cross/arm-linux-gnueabihf/6/../../../../arm-linux-gnueabihf/lib/../lib/crt1.o
 .bss           0x0000000000022054        0x0 /usr/lib/gcc-cross/arm-linux-gnueabihf/6/../../../../arm-linux-gnueabihf/lib/../lib/crti.o
 .bss           0x0000000000022054        0x1 /usr/lib/gcc-cross/arm-linux-gnueabihf/6/crtbegin.o
 *fill*         0x0000000000022055        0x3 
 .bss           0x0000000000022058        0x8 /tmp/cc1dW2q9.ltrans0.ltrans.o
 .bss           0x0000000000022060      0x100 /tmp/cc1dW2q9.ltrans1.ltrans.o
 .bss           0x0000000000022160        0x0 /usr/arm-linux-gnueabihf/lib/libc_nonshared.a(elf-init.oS)
 .bss           0x0000000000022160        0x0 /usr/lib/gcc-cross/arm-linux-gnueabihf/6/crtend.o
 .bss           0x0000000000022160        0x0 /usr/lib/gcc-cross/arm-linux-gnueabihf/6/../../../../arm-linux-gnueabihf/lib/../lib/crtn.o
 *(COMMON)
                0x0000000000022160                . = ALIGN ((. != 0x0)?0x4:0x1)
                0x0000000000022160                _bss_end__ = .
                0x0000000000022160                __bss_end__ = .
                0x0000000000022160                . = ALIGN (0x4)
                0x0000000000022160                . = SEGMENT_START ("ldata-segment", .)
                0x0000000000022160                . = ALIGN (0x4)
                0x0000000000022160                __end__ = .
                0x0000000000022160                _end = .
                [!provide]                        PROVIDE (end, .)
                0x0000000000022160                . = DATA_SEGMENT_END (.)

.stab
 *(.stab)

.stabstr
 *(.stabstr)

.stab.excl
 *(.stab.excl)

.stab.exclstr
 *(.stab.exclstr)

.stab.index
 *(.stab.index)

.stab.indexstr
 *(.stab.indexstr)

.comment        0x0000000000000000       0x2d
 *(.comment)
 .comment       0x0000000000000000       0x2d /usr/lib/gcc-cross/arm-linux-gnueabihf/6/crtbegin.o
                                         0x2e (size before relaxing)
 .comment       0x000000000000002d       0x2e /tmp/cc1dW2q9.ltrans0.ltrans.o
 .comment       0x000000000000002d       0x2e /tmp/cc1dW2q9.ltrans1.ltrans.o
 .comment       0x000000000000002d       0x2e /usr/lib/gcc-cross/arm-linux-gnueabihf/6/crtend.o

.ARM.attributes
                0x0000000000000000       0x35
 .ARM.attributes
                0x0000000000000000       0x33 /usr/lib/gcc-cross/arm-linux-gnueabihf/6/../../../../arm-linux-gnueabihf/lib/../lib/crt1.o
 .ARM.attributes
                0x0000000000000033       0x27 /usr/lib/gcc-cross/arm-linux-gnueabihf/6/../../../../arm-linux-gnueabihf/lib/../lib/crti.o
 .ARM.attributes
                0x000000000000005a       0x33 /usr/lib/gcc-cross/arm-linux-gnueabihf/6/crtbegin.o
 .ARM.attributes
                0x000000000000008d       0x33 /tmp/cc1dW2q9.ltrans0.ltrans.o
 .ARM.attributes
                0x00000000000000c0       0x33 /tmp/cc1dW2q9.ltrans1.ltrans.o
 .ARM.attributes
                0x00000000000000f3       0x35 /usr/arm-linux-gnueabihf/lib/libc_nonshared.a(elf-init.oS)
 .ARM.attributes
                0x0000000000000128       0x33 /usr/lib/gcc-cross/arm-linux-gnueabihf/6/crtend.o
 .ARM.attributes
                0x000000000000015b       0x27 /usr/lib/gcc-cross/arm-linux-gnueabihf/6/../../../../arm-linux-gnueabihf/lib/../lib/crtn.o

.debug
 *(.debug)

.line
 *(.line)

.debug_srcinfo
 *(.debug_srcinfo)

.debug_sfnames
 *(.debug_sfnames)

.debug_aranges  0x0000000000000000       0x40
 *(.debug_aranges)
 .debug_aranges
                0x0000000000000000       0x20 /tmp/cc1dW2q9.ltrans0.ltrans.o
 .debug_aranges
                0x0000000000000020       0x20 /tmp/cc1dW2q9.ltrans1.ltrans.o

.debug_pubnames
 *(.debug_pubnames)

.debug_info     0x0000000000000000     0x30ae
 *(.debug_info .gnu.linkonce.wi.*)
 .debug_info    0x0000000000000000     0x2e70 /tmp/cc1dW2q9.ltrans0.ltrans.o
 .debug_info    0x0000000000002e70      0x23e /tmp/cc1dW2q9.ltrans1.ltrans.o

.debug_abbrev   0x0000000000000000      0x5c8
 *(.debug_abbrev)
 .debug_abbrev  0x0000000000000000      0x412 /tmp/cc1dW2q9.ltrans0.ltrans.o
 .debug_abbrev  0x0000000000000412      0x1b6 /tmp/cc1dW2q9.ltrans1.ltrans.o

.debug_line     0x0000000000000000      0xeba
 *(.debug_line .debug_line.* .debug_line_end)
 .debug_line    0x0000000000000000      0xd04 /tmp/cc1dW2q9.ltrans0.ltrans.o
 .debug_line    0x0000000000000d04      0x1b6 /tmp/cc1dW2q9.ltrans1.ltrans.o

.debug_frame    0x0000000000000000       0xa0
 *(.debug_frame)
 .debug_frame   0x0000000000000000       0x3c /tmp/cc1dW2q9.ltrans0.ltrans.o
 .debug_frame   0x000000000000003c       0x64 /tmp/cc1dW2q9.ltrans1.ltrans.o

.debug_str      0x0000000000000000      0xcef
 *(.debug_str)
 .debug_str     0x0000000000000000      0xc42 /tmp/cc1dW2q9.ltrans0.ltrans.o
                                        0xcc6 (size before relaxing)
 .debug_str     0x0000000000000c42       0xad /tmp/cc1dW2q9.ltrans1.ltrans.o
                                        0x25d (size before relaxing)

.debug_loc      0x0000000000000000     0x3a08
 *(.debug_loc)
 .debug_loc     0x0000000000000000     0x3996 /tmp/cc1dW2q9.ltrans0.ltrans.o
 .debug_loc     0x0000000000003996       0x72 /tmp/cc1dW2q9.ltrans1.ltrans.o

.debug_macinfo
 *(.debug_macinfo)

.debug_weaknames
 *(.debug_weaknames)

.debug_funcnames
 *(.debug_funcnames)

.debug_typenames
 *(.debug_typenames)

.debug_varnames
 *(.debug_varnames)

.debug_pubtypes
 *(.debug_pubtypes)

.debug_ranges   0x0000000000000000      0xf80
 *(.debug_ranges)
 .debug_ranges  0x0000000000000000      0xf38 /tmp/cc1dW2q9.ltrans0.ltrans.o
 .debug_ranges  0x0000000000000f38       0x48 /tmp/cc1dW2q9.ltrans1.ltrans.o

.debug_macro
 *(.debug_macro)

.gnu.attributes
 *(.gnu.attributes)

.note.gnu.arm.ident
 *(.note.gnu.arm.ident)

/DISCARD/
 *(.note.GNU-stack)
 *(.gnu_debuglink)
 *(.gnu.lto_*)
OUTPUT(Main.elf elf32-littlearm)
