Archive member included to satisfy reference by file (symbol)

/usr/arm-linux-gnueabihf/lib/libc_nonshared.a(elf-init.oS)
                              /usr/lib/gcc-cross/arm-linux-gnueabihf/6/../../../../arm-linux-gnueabihf/lib/../lib/crt1.o (__libc_csu_init)
/usr/lib/gcc-cross/arm-linux-gnueabihf/6/libgcc.a(_udivsi3.o)
                              CircularBuffer.o (__aeabi_uidivmod)
/usr/lib/gcc-cross/arm-linux-gnueabihf/6/libgcc.a(_dvmd_lnx.o)
                              /usr/lib/gcc-cross/arm-linux-gnueabihf/6/libgcc.a(_udivsi3.o) (__aeabi_idiv0)

As-needed library included to satisfy reference by file (symbol)

libc.so.6                     DebugText.o (fflush@@GLIBC_2.4)
ld-linux-armhf.so.3           Main.o (__stack_chk_guard@@GLIBC_2.4)
librt.so.1                    SharedMemory.o (shm_open@@GLIBC_2.4)
libpthread.so.0               Main.o (pthread_create@@GLIBC_2.4)
libgcc_s.so.1                 Main.o (__aeabi_unwind_cpp_pr0@@GCC_3.5)

Discarded input sections

 .note.GNU-stack
                0x0000000000000000        0x0 /usr/lib/gcc-cross/arm-linux-gnueabihf/6/../../../../arm-linux-gnueabihf/lib/../lib/crt1.o
 .note.GNU-stack
                0x0000000000000000        0x0 /usr/lib/gcc-cross/arm-linux-gnueabihf/6/../../../../arm-linux-gnueabihf/lib/../lib/crti.o
 .note.GNU-stack
                0x0000000000000000        0x0 /usr/lib/gcc-cross/arm-linux-gnueabihf/6/crtbegin.o
 .note.GNU-stack
                0x0000000000000000        0x0 Main.o
 .note.GNU-stack
                0x0000000000000000        0x0 Common.o
 .note.GNU-stack
                0x0000000000000000        0x0 CircularBuffer.o
 .note.GNU-stack
                0x0000000000000000        0x0 Timestamp.o
 .note.GNU-stack
                0x0000000000000000        0x0 SharedMemory.o
 .note.GNU-stack
                0x0000000000000000        0x0 ErrorHandling.o
 .note.GNU-stack
                0x0000000000000000        0x0 DebugText.o
 .note.GNU-stack
                0x0000000000000000        0x0 /usr/arm-linux-gnueabihf/lib/libc_nonshared.a(elf-init.oS)
 .note.GNU-stack
                0x0000000000000000        0x0 /usr/lib/gcc-cross/arm-linux-gnueabihf/6/libgcc.a(_udivsi3.o)
 .note.GNU-stack
                0x0000000000000000        0x0 /usr/lib/gcc-cross/arm-linux-gnueabihf/6/libgcc.a(_dvmd_lnx.o)
 .note.GNU-stack
                0x0000000000000000        0x0 /usr/lib/gcc-cross/arm-linux-gnueabihf/6/crtend.o
 .note.GNU-stack
                0x0000000000000000        0x0 /usr/lib/gcc-cross/arm-linux-gnueabihf/6/../../../../arm-linux-gnueabihf/lib/../lib/crtn.o

Memory Configuration

Name             Origin             Length             Attributes
*default*        0x0000000000000000 0xffffffffffffffff

Linker script and memory map

LOAD /usr/lib/gcc-cross/arm-linux-gnueabihf/6/../../../../arm-linux-gnueabihf/lib/../lib/crt1.o
LOAD /usr/lib/gcc-cross/arm-linux-gnueabihf/6/../../../../arm-linux-gnueabihf/lib/../lib/crti.o
LOAD /usr/lib/gcc-cross/arm-linux-gnueabihf/6/crtbegin.o
LOAD Main.o
LOAD Common.o
LOAD CircularBuffer.o
LOAD Timestamp.o
LOAD SharedMemory.o
LOAD ErrorHandling.o
LOAD DebugText.o
LOAD /usr/lib/gcc-cross/arm-linux-gnueabihf/6/../../../../arm-linux-gnueabihf/lib/../lib/libc.so
START GROUP
LOAD /usr/arm-linux-gnueabihf/lib/libc.so.6
LOAD /usr/arm-linux-gnueabihf/lib/libc_nonshared.a
LOAD /usr/arm-linux-gnueabihf/lib/ld-linux-armhf.so.3
END GROUP
LOAD /usr/lib/gcc-cross/arm-linux-gnueabihf/6/libgcc.a
LOAD /usr/lib/gcc-cross/arm-linux-gnueabihf/6/../../../../arm-linux-gnueabihf/lib/../lib/librt.so
LOAD /usr/lib/gcc-cross/arm-linux-gnueabihf/6/../../../../arm-linux-gnueabihf/lib/../lib/libpthread.so
START GROUP
LOAD /usr/arm-linux-gnueabihf/lib/libpthread.so.0
LOAD /usr/arm-linux-gnueabihf/lib/libpthread_nonshared.a
END GROUP
LOAD /usr/lib/gcc-cross/arm-linux-gnueabihf/6/libgcc.a
LOAD /usr/lib/gcc-cross/arm-linux-gnueabihf/6/libgcc_s.so
START GROUP
LOAD /usr/lib/gcc-cross/arm-linux-gnueabihf/6/libgcc_s.so.1
LOAD /usr/lib/gcc-cross/arm-linux-gnueabihf/6/libgcc.a
END GROUP
LOAD /usr/lib/gcc-cross/arm-linux-gnueabihf/6/../../../../arm-linux-gnueabihf/lib/../lib/libc.so
START GROUP
LOAD /usr/arm-linux-gnueabihf/lib/libc.so.6
LOAD /usr/arm-linux-gnueabihf/lib/libc_nonshared.a
LOAD /usr/arm-linux-gnueabihf/lib/ld-linux-armhf.so.3
END GROUP
LOAD /usr/lib/gcc-cross/arm-linux-gnueabihf/6/libgcc.a
LOAD /usr/lib/gcc-cross/arm-linux-gnueabihf/6/libgcc_s.so
START GROUP
LOAD /usr/lib/gcc-cross/arm-linux-gnueabihf/6/libgcc_s.so.1
LOAD /usr/lib/gcc-cross/arm-linux-gnueabihf/6/libgcc.a
END GROUP
LOAD /usr/lib/gcc-cross/arm-linux-gnueabihf/6/crtend.o
LOAD /usr/lib/gcc-cross/arm-linux-gnueabihf/6/../../../../arm-linux-gnueabihf/lib/../lib/crtn.o
                [!provide]                        PROVIDE (__executable_start, 0x10000)
                0x0000000000010154                . = (0x10000 + SIZEOF_HEADERS)

.interp         0x0000000000010154       0x19
 *(.interp)
 .interp        0x0000000000010154       0x19 /usr/lib/gcc-cross/arm-linux-gnueabihf/6/../../../../arm-linux-gnueabihf/lib/../lib/crt1.o

.note.ABI-tag   0x0000000000010170       0x20
 .note.ABI-tag  0x0000000000010170       0x20 /usr/lib/gcc-cross/arm-linux-gnueabihf/6/../../../../arm-linux-gnueabihf/lib/../lib/crt1.o

.note.gnu.build-id
                0x0000000000010190       0x24
 *(.note.gnu.build-id)
 .note.gnu.build-id
                0x0000000000010190       0x24 linker stubs

.hash
 *(.hash)

.gnu.hash       0x00000000000101b4       0xb8
 *(.gnu.hash)
 .gnu.hash      0x00000000000101b4       0xb8 /usr/lib/gcc-cross/arm-linux-gnueabihf/6/../../../../arm-linux-gnueabihf/lib/../lib/crt1.o

.dynsym         0x000000000001026c      0x1b0
 *(.dynsym)
 .dynsym        0x000000000001026c      0x1b0 /usr/lib/gcc-cross/arm-linux-gnueabihf/6/../../../../arm-linux-gnueabihf/lib/../lib/crt1.o

.dynstr         0x000000000001041c      0x18b
 *(.dynstr)
 .dynstr        0x000000000001041c      0x18b /usr/lib/gcc-cross/arm-linux-gnueabihf/6/../../../../arm-linux-gnueabihf/lib/../lib/crt1.o

.gnu.version    0x00000000000105a8       0x36
 *(.gnu.version)
 .gnu.version   0x00000000000105a8       0x36 /usr/lib/gcc-cross/arm-linux-gnueabihf/6/../../../../arm-linux-gnueabihf/lib/../lib/crt1.o

.gnu.version_d  0x00000000000105e0        0x0
 *(.gnu.version_d)
 .gnu.version_d
                0x00000000000105e0        0x0 /usr/lib/gcc-cross/arm-linux-gnueabihf/6/../../../../arm-linux-gnueabihf/lib/../lib/crt1.o

.gnu.version_r  0x00000000000105e0       0xa0
 *(.gnu.version_r)
 .gnu.version_r
                0x00000000000105e0       0xa0 /usr/lib/gcc-cross/arm-linux-gnueabihf/6/../../../../arm-linux-gnueabihf/lib/../lib/crt1.o

.rel.dyn        0x0000000000010680       0x18
 *(.rel.init)
 *(.rel.text .rel.text.* .rel.gnu.linkonce.t.*)
 *(.rel.fini)
 *(.rel.rodata .rel.rodata.* .rel.gnu.linkonce.r.*)
 *(.rel.data.rel.ro .rel.data.rel.ro.* .rel.gnu.linkonce.d.rel.ro.*)
 *(.rel.data .rel.data.* .rel.gnu.linkonce.d.*)
 *(.rel.tdata .rel.tdata.* .rel.gnu.linkonce.td.*)
 *(.rel.tbss .rel.tbss.* .rel.gnu.linkonce.tb.*)
 *(.rel.ctors)
 *(.rel.dtors)
 *(.rel.got)
 .rel.got       0x0000000000010680        0x8 /usr/lib/gcc-cross/arm-linux-gnueabihf/6/../../../../arm-linux-gnueabihf/lib/../lib/crt1.o
 *(.rel.bss .rel.bss.* .rel.gnu.linkonce.b.*)
 .rel.bss       0x0000000000010688       0x10 /usr/lib/gcc-cross/arm-linux-gnueabihf/6/../../../../arm-linux-gnueabihf/lib/../lib/crt1.o
                [!provide]                        PROVIDE (__rel_iplt_start, .)
 *(.rel.iplt)
 .rel.iplt      0x0000000000010698        0x0 /usr/lib/gcc-cross/arm-linux-gnueabihf/6/../../../../arm-linux-gnueabihf/lib/../lib/crt1.o
                [!provide]                        PROVIDE (__rel_iplt_end, .)

.rela.dyn       0x0000000000010698        0x0
 *(.rela.init)
 *(.rela.text .rela.text.* .rela.gnu.linkonce.t.*)
 *(.rela.fini)
 *(.rela.rodata .rela.rodata.* .rela.gnu.linkonce.r.*)
 *(.rela.data .rela.data.* .rela.gnu.linkonce.d.*)
 *(.rela.tdata .rela.tdata.* .rela.gnu.linkonce.td.*)
 *(.rela.tbss .rela.tbss.* .rela.gnu.linkonce.tb.*)
 *(.rela.ctors)
 *(.rela.dtors)
 *(.rela.got)
 *(.rela.bss .rela.bss.* .rela.gnu.linkonce.b.*)
                [!provide]                        PROVIDE (__rela_iplt_start, .)
 *(.rela.iplt)
                [!provide]                        PROVIDE (__rela_iplt_end, .)

.rel.plt        0x0000000000010698       0xa0
 *(.rel.plt)
 .rel.plt       0x0000000000010698       0xa0 /usr/lib/gcc-cross/arm-linux-gnueabihf/6/../../../../arm-linux-gnueabihf/lib/../lib/crt1.o

.rela.plt
 *(.rela.plt)

.init           0x0000000000010738        0xc
 *(SORT(.init))
 .init          0x0000000000010738        0x8 /usr/lib/gcc-cross/arm-linux-gnueabihf/6/../../../../arm-linux-gnueabihf/lib/../lib/crti.o
                0x0000000000010738                _init
 .init          0x0000000000010740        0x4 /usr/lib/gcc-cross/arm-linux-gnueabihf/6/../../../../arm-linux-gnueabihf/lib/../lib/crtn.o

.plt            0x0000000000010744      0x10c
 *(.plt)
 .plt           0x0000000000010744      0x10c /usr/lib/gcc-cross/arm-linux-gnueabihf/6/../../../../arm-linux-gnueabihf/lib/../lib/crt1.o
                0x0000000000010758                raise@@GLIBC_2.4
                0x0000000000010768                fflush@@GLIBC_2.4
                0x0000000000010774                __vsnprintf_chk@@GLIBC_2.4
                0x0000000000010780                memcpy@@GLIBC_2.4
                0x000000000001078c                shm_open@@GLIBC_2.4
                0x0000000000010798                __stack_chk_fail@@GLIBC_2.4
                0x00000000000107a4                perror@@GLIBC_2.4
                0x00000000000107b0                usleep@@GLIBC_2.4
                0x00000000000107bc                pthread_create@@GLIBC_2.4
                0x00000000000107c8                __libc_start_main@@GLIBC_2.4
                0x00000000000107e0                open@@GLIBC_2.4
                0x00000000000107ec                exit@@GLIBC_2.4
                0x00000000000107f8                mmap@@GLIBC_2.4
                0x0000000000010804                memset@@GLIBC_2.4
                0x0000000000010810                __fprintf_chk@@GLIBC_2.4
                0x000000000001081c                ftruncate@@GLIBC_2.4
                0x000000000001082c                msync@@GLIBC_2.4
                0x0000000000010838                abort@@GLIBC_2.4
                0x0000000000010844                close@@GLIBC_2.4

.iplt           0x0000000000010850        0x0
 *(.iplt)
 .iplt          0x0000000000010850        0x0 /usr/lib/gcc-cross/arm-linux-gnueabihf/6/../../../../arm-linux-gnueabihf/lib/../lib/crt1.o

.text           0x0000000000010850      0xb9c
 *(.text.unlikely .text.*_unlikely .text.unlikely.*)
 *(.text.exit .text.exit.*)
 *(.text.startup .text.startup.*)
 .text.startup  0x0000000000010850      0x370 Main.o
                0x0000000000010850                main
 *(.text.hot .text.hot.*)
 *(.text .stub .text.* .gnu.linkonce.t.*)
 .text          0x0000000000010bc0       0x30 /usr/lib/gcc-cross/arm-linux-gnueabihf/6/../../../../arm-linux-gnueabihf/lib/../lib/crt1.o
                0x0000000000010bc0                _start
 .text          0x0000000000010bf0       0x24 /usr/lib/gcc-cross/arm-linux-gnueabihf/6/../../../../arm-linux-gnueabihf/lib/../lib/crti.o
 .text          0x0000000000010c14       0x8c /usr/lib/gcc-cross/arm-linux-gnueabihf/6/crtbegin.o
 .text          0x0000000000010ca0       0xe8 Main.o
                0x0000000000010ca0                entryPoint(void*)
                0x0000000000010ce4                SetupCounter64()
                0x0000000000010d6c                GetCounter64()
 .text          0x0000000000010d88        0x0 Common.o
 .text          0x0000000000010d88      0x1bc CircularBuffer.o
                0x0000000000010d88                CircularBufferShow
                0x0000000000010de4                CircularBufferInitialiseAsReader
                0x0000000000010e0c                CircularBufferInitialiseAsWriter
                0x0000000000010e34                CircularBufferPut
                0x0000000000010e90                CircularBufferLossyPut
                0x0000000000010ee8                CircularBufferGet
 .text          0x0000000000010f44        0xc Timestamp.o
                0x0000000000010f44                TimestampInitialise
                0x0000000000010f48                GetTimestamp
 .text          0x0000000000010f50       0xcc SharedMemory.o
                0x0000000000010f50                SharedMemoryMasterInitialise
                0x0000000000010fc0                SharedMemorySlaveInitialise
                0x0000000000011010                SharedMemoryFlush
 .text          0x000000000001101c       0x10 ErrorHandling.o
                0x000000000001101c                PANIC
 .text          0x000000000001102c       0xf8 DebugText.o
                0x000000000001102c                DebugTextOutput
                0x0000000000011054                DebugPrintf
                0x00000000000110a8                NibbleToHex
                0x00000000000110b4                DebugHexDumpBytes
                0x0000000000011120                DebugHexDumpWords
 .text          0x0000000000011124       0x40 /usr/arm-linux-gnueabihf/lib/libc_nonshared.a(elf-init.oS)
                0x0000000000011124                __libc_csu_init
                0x0000000000011160                __libc_csu_fini
 *fill*         0x0000000000011164        0x4 
 .text          0x0000000000011168      0x278 /usr/lib/gcc-cross/arm-linux-gnueabihf/6/libgcc.a(_udivsi3.o)
                0x0000000000011168                __aeabi_uidiv
                0x0000000000011168                __udivsi3
                0x00000000000113c4                __aeabi_uidivmod
 .text          0x00000000000113e0        0xc /usr/lib/gcc-cross/arm-linux-gnueabihf/6/libgcc.a(_dvmd_lnx.o)
                0x00000000000113e0                __aeabi_ldiv0
                0x00000000000113e0                __aeabi_idiv0
 .text          0x00000000000113ec        0x0 /usr/lib/gcc-cross/arm-linux-gnueabihf/6/crtend.o
 .text          0x00000000000113ec        0x0 /usr/lib/gcc-cross/arm-linux-gnueabihf/6/../../../../arm-linux-gnueabihf/lib/../lib/crtn.o
 *(.gnu.warning)
 *(.glue_7t)
 .glue_7t       0x00000000000113ec        0x0 linker stubs
 *(.glue_7)
 .glue_7        0x00000000000113ec        0x0 linker stubs
 *(.vfp11_veneer)
 .vfp11_veneer  0x00000000000113ec        0x0 linker stubs
 *(.v4_bx)
 .v4_bx         0x00000000000113ec        0x0 linker stubs

.fini           0x00000000000113ec        0x8
 *(SORT(.fini))
 .fini          0x00000000000113ec        0x4 /usr/lib/gcc-cross/arm-linux-gnueabihf/6/../../../../arm-linux-gnueabihf/lib/../lib/crti.o
                0x00000000000113ec                _fini
 .fini          0x00000000000113f0        0x4 /usr/lib/gcc-cross/arm-linux-gnueabihf/6/../../../../arm-linux-gnueabihf/lib/../lib/crtn.o
                [!provide]                        PROVIDE (__etext, .)
                [!provide]                        PROVIDE (_etext, .)
                [!provide]                        PROVIDE (etext, .)

.rodata         0x00000000000113f4      0x128
 *(.rodata .rodata.* .gnu.linkonce.r.*)
 .rodata.cst4   0x00000000000113f4        0x4 /usr/lib/gcc-cross/arm-linux-gnueabihf/6/../../../../arm-linux-gnueabihf/lib/../lib/crt1.o
                0x00000000000113f4                _IO_stdin_used
 .rodata.str1.4
                0x00000000000113f8       0x68 Main.o
 .rodata.str1.4
                0x0000000000011460       0x71 CircularBuffer.o
 *fill*         0x00000000000114d1        0x3 
 .rodata        0x00000000000114d4        0x4 SharedMemory.o
                0x00000000000114d4                SIZE
 .rodata.str1.4
                0x00000000000114d8       0x2d SharedMemory.o
 *fill*         0x0000000000011505        0x3 
 .rodata.str1.4
                0x0000000000011508       0x10 ErrorHandling.o
 .rodata.str1.4
                0x0000000000011518        0x4 DebugText.o
                                          0x6 (size before relaxing)

.rodata1
 *(.rodata1)

.ARM.extab      0x000000000001151c        0x0
 *(.ARM.extab* .gnu.linkonce.armextab.*)
 .ARM.extab     0x000000000001151c        0x0 /usr/lib/gcc-cross/arm-linux-gnueabihf/6/../../../../arm-linux-gnueabihf/lib/../lib/crt1.o
 .ARM.extab     0x000000000001151c        0x0 Main.o
 .ARM.extab.text.startup
                0x000000000001151c        0x0 Main.o
                [!provide]                        PROVIDE (__exidx_start, .)

.ARM.exidx      0x000000000001151c       0x28
 *(.ARM.exidx* .gnu.linkonce.armexidx.*)
 .ARM.exidx     0x000000000001152c        0x0 /usr/lib/gcc-cross/arm-linux-gnueabihf/6/../../../../arm-linux-gnueabihf/lib/../lib/crt1.o
                                          0x8 (size before relaxing)
 .ARM.exidx     0x000000000001152c       0x18 Main.o
 .ARM.exidx.text.startup
                0x000000000001151c       0x10 Main.o
                [!provide]                        PROVIDE (__exidx_end, .)

.eh_frame_hdr
 *(.eh_frame_hdr)
 *(.eh_frame_entry .eh_frame_entry.*)

.eh_frame       0x0000000000011544        0x4
 *(.eh_frame)
 .eh_frame      0x0000000000011544        0x4 /usr/lib/gcc-cross/arm-linux-gnueabihf/6/crtend.o
 *(.eh_frame.*)

.gcc_except_table
 *(.gcc_except_table .gcc_except_table.*)

.gnu_extab
 *(.gnu_extab*)

.exception_ranges
 *(.exception_ranges .exception_ranges*)
                0x0000000000021ee8                . = DATA_SEGMENT_ALIGN (0x10000, 0x1000)

.eh_frame
 *(.eh_frame)
 *(.eh_frame.*)

.gnu_extab
 *(.gnu_extab)

.gcc_except_table
 *(.gcc_except_table .gcc_except_table.*)

.exception_ranges
 *(.exception_ranges .exception_ranges*)

.tdata
 *(.tdata .tdata.* .gnu.linkonce.td.*)

.tbss
 *(.tbss .tbss.* .gnu.linkonce.tb.*)
 *(.tcommon)

.preinit_array  0x0000000000021ee8        0x0
                [!provide]                        PROVIDE (__preinit_array_start, .)
 *(.preinit_array)
                [!provide]                        PROVIDE (__preinit_array_end, .)

.init_array     0x0000000000021ee8        0x8
                0x0000000000021ee8                PROVIDE (__init_array_start, .)
 *(SORT(.init_array.*) SORT(.ctors.*))
 *(.init_array EXCLUDE_FILE(*crtend?.o *crtend.o *crtbegin?.o *crtbegin.o) .ctors)
 .init_array    0x0000000000021ee8        0x4 /usr/lib/gcc-cross/arm-linux-gnueabihf/6/crtbegin.o
 .init_array    0x0000000000021eec        0x4 Main.o
                0x0000000000021ef0                PROVIDE (__init_array_end, .)

.fini_array     0x0000000000021ef0        0x4
                [!provide]                        PROVIDE (__fini_array_start, .)
 *(SORT(.fini_array.*) SORT(.dtors.*))
 *(.fini_array EXCLUDE_FILE(*crtend?.o *crtend.o *crtbegin?.o *crtbegin.o) .dtors)
 .fini_array    0x0000000000021ef0        0x4 /usr/lib/gcc-cross/arm-linux-gnueabihf/6/crtbegin.o
                [!provide]                        PROVIDE (__fini_array_end, .)

.ctors
 *crtbegin.o(.ctors)
 *crtbegin?.o(.ctors)
 *(EXCLUDE_FILE(*crtend?.o *crtend.o) .ctors)
 *(SORT(.ctors.*))
 *(.ctors)

.dtors
 *crtbegin.o(.dtors)
 *crtbegin?.o(.dtors)
 *(EXCLUDE_FILE(*crtend?.o *crtend.o) .dtors)
 *(SORT(.dtors.*))
 *(.dtors)

.jcr            0x0000000000021ef4        0x4
 *(.jcr)
 .jcr           0x0000000000021ef4        0x0 /usr/lib/gcc-cross/arm-linux-gnueabihf/6/crtbegin.o
 .jcr           0x0000000000021ef4        0x4 /usr/lib/gcc-cross/arm-linux-gnueabihf/6/crtend.o

.data.rel.ro
 *(.data.rel.ro.local* .gnu.linkonce.d.rel.ro.local.*)
 *(.data.rel.ro .data.rel.ro.* .gnu.linkonce.d.rel.ro.*)

.dynamic        0x0000000000021ef8      0x108
 *(.dynamic)
 .dynamic       0x0000000000021ef8      0x108 /usr/lib/gcc-cross/arm-linux-gnueabihf/6/../../../../arm-linux-gnueabihf/lib/../lib/crt1.o
                0x0000000000021ef8                _DYNAMIC
                0x0000000000022000                . = DATA_SEGMENT_RELRO_END (., 0x0)

.got            0x0000000000022000       0x60
 *(.got.plt)
 .got.plt       0x0000000000022000       0x5c /usr/lib/gcc-cross/arm-linux-gnueabihf/6/../../../../arm-linux-gnueabihf/lib/../lib/crt1.o
                0x0000000000022000                _GLOBAL_OFFSET_TABLE_
 *(.igot.plt)
 .igot.plt      0x000000000002205c        0x0 /usr/lib/gcc-cross/arm-linux-gnueabihf/6/../../../../arm-linux-gnueabihf/lib/../lib/crt1.o
 *(.got)
 .got           0x000000000002205c        0x4 /usr/lib/gcc-cross/arm-linux-gnueabihf/6/../../../../arm-linux-gnueabihf/lib/../lib/crt1.o
 *(.igot)

.data           0x0000000000022060        0xc
                [!provide]                        PROVIDE (__data_start, .)
 *(.data .data.* .gnu.linkonce.d.*)
 .data          0x0000000000022060        0x4 /usr/lib/gcc-cross/arm-linux-gnueabihf/6/../../../../arm-linux-gnueabihf/lib/../lib/crt1.o
                0x0000000000022060                data_start
                0x0000000000022060                __data_start
 .data          0x0000000000022064        0x0 /usr/lib/gcc-cross/arm-linux-gnueabihf/6/../../../../arm-linux-gnueabihf/lib/../lib/crti.o
 .data          0x0000000000022064        0x4 /usr/lib/gcc-cross/arm-linux-gnueabihf/6/crtbegin.o
                0x0000000000022064                __dso_handle
 .data          0x0000000000022068        0x4 Main.o
 .data          0x000000000002206c        0x0 Common.o
 .data          0x000000000002206c        0x0 CircularBuffer.o
 .data          0x000000000002206c        0x0 Timestamp.o
 .data          0x000000000002206c        0x0 SharedMemory.o
 .data          0x000000000002206c        0x0 ErrorHandling.o
 .data          0x000000000002206c        0x0 DebugText.o
 .data          0x000000000002206c        0x0 /usr/arm-linux-gnueabihf/lib/libc_nonshared.a(elf-init.oS)
 .data          0x000000000002206c        0x0 /usr/lib/gcc-cross/arm-linux-gnueabihf/6/libgcc.a(_udivsi3.o)
 .data          0x000000000002206c        0x0 /usr/lib/gcc-cross/arm-linux-gnueabihf/6/libgcc.a(_dvmd_lnx.o)
 .data          0x000000000002206c        0x0 /usr/lib/gcc-cross/arm-linux-gnueabihf/6/crtend.o
 .data          0x000000000002206c        0x0 /usr/lib/gcc-cross/arm-linux-gnueabihf/6/../../../../arm-linux-gnueabihf/lib/../lib/crtn.o

.tm_clone_table
                0x000000000002206c        0x0
 .tm_clone_table
                0x000000000002206c        0x0 /usr/lib/gcc-cross/arm-linux-gnueabihf/6/crtbegin.o
 .tm_clone_table
                0x000000000002206c        0x0 /usr/lib/gcc-cross/arm-linux-gnueabihf/6/crtend.o

.data1
 *(.data1)
                0x000000000002206c                _edata = .
                [!provide]                        PROVIDE (edata, .)
                0x000000000002206c                . = .
                0x000000000002206c                __bss_start = .
                0x000000000002206c                __bss_start__ = .

.bss            0x0000000000022070      0x530
 *(.dynbss)
 *fill*         0x0000000000022070        0x0 
 .dynbss        0x0000000000022070        0x8 /usr/lib/gcc-cross/arm-linux-gnueabihf/6/../../../../arm-linux-gnueabihf/lib/../lib/crt1.o
                0x0000000000022070                __stack_chk_guard@@GLIBC_2.4
                0x0000000000022074                stdout@@GLIBC_2.4
 *(.bss .bss.* .gnu.linkonce.b.*)
 .bss           0x0000000000022078        0x0 /usr/lib/gcc-cross/arm-linux-gnueabihf/6/../../../../arm-linux-gnueabihf/lib/../lib/crt1.o
 .bss           0x0000000000022078        0x0 /usr/lib/gcc-cross/arm-linux-gnueabihf/6/../../../../arm-linux-gnueabihf/lib/../lib/crti.o
 .bss           0x0000000000022078        0x1 /usr/lib/gcc-cross/arm-linux-gnueabihf/6/crtbegin.o
 *fill*         0x0000000000022079        0x3 
 .bss           0x000000000002207c      0x421 Main.o
                0x0000000000022080                pwm
                0x0000000000022490                counter64Base
                0x0000000000022494                counterValue
                0x0000000000022498                counterControl
                0x000000000002249c                nop
 .bss           0x000000000002249d        0x0 Common.o
 .bss           0x000000000002249d        0x0 CircularBuffer.o
 .bss           0x000000000002249d        0x0 Timestamp.o
 .bss           0x000000000002249d        0x0 SharedMemory.o
 .bss           0x000000000002249d        0x0 ErrorHandling.o
 *fill*         0x000000000002249d        0x3 
 .bss           0x00000000000224a0      0x100 DebugText.o
 .bss           0x00000000000225a0        0x0 /usr/arm-linux-gnueabihf/lib/libc_nonshared.a(elf-init.oS)
 .bss           0x00000000000225a0        0x0 /usr/lib/gcc-cross/arm-linux-gnueabihf/6/libgcc.a(_udivsi3.o)
 .bss           0x00000000000225a0        0x0 /usr/lib/gcc-cross/arm-linux-gnueabihf/6/libgcc.a(_dvmd_lnx.o)
 .bss           0x00000000000225a0        0x0 /usr/lib/gcc-cross/arm-linux-gnueabihf/6/crtend.o
 .bss           0x00000000000225a0        0x0 /usr/lib/gcc-cross/arm-linux-gnueabihf/6/../../../../arm-linux-gnueabihf/lib/../lib/crtn.o
 *(COMMON)
                0x00000000000225a0                . = ALIGN ((. != 0x0)?0x4:0x1)
                0x00000000000225a0                _bss_end__ = .
                0x00000000000225a0                __bss_end__ = .
                0x00000000000225a0                . = ALIGN (0x4)
                0x00000000000225a0                . = SEGMENT_START ("ldata-segment", .)
                0x00000000000225a0                . = ALIGN (0x4)
                0x00000000000225a0                __end__ = .
                0x00000000000225a0                _end = .
                [!provide]                        PROVIDE (end, .)
                0x00000000000225a0                . = DATA_SEGMENT_END (.)

.stab
 *(.stab)

.stabstr
 *(.stabstr)

.stab.excl
 *(.stab.excl)

.stab.exclstr
 *(.stab.exclstr)

.stab.index
 *(.stab.index)

.stab.indexstr
 *(.stab.indexstr)

.comment        0x0000000000000000       0x2d
 *(.comment)
 .comment       0x0000000000000000       0x2d /usr/lib/gcc-cross/arm-linux-gnueabihf/6/crtbegin.o
                                         0x2e (size before relaxing)
 .comment       0x000000000000002d       0x2e Main.o
 .comment       0x000000000000002d       0x2e Common.o
 .comment       0x000000000000002d       0x2e CircularBuffer.o
 .comment       0x000000000000002d       0x2e Timestamp.o
 .comment       0x000000000000002d       0x2e SharedMemory.o
 .comment       0x000000000000002d       0x2e ErrorHandling.o
 .comment       0x000000000000002d       0x2e DebugText.o
 .comment       0x000000000000002d       0x2e /usr/lib/gcc-cross/arm-linux-gnueabihf/6/crtend.o

.ARM.attributes
                0x0000000000000000       0x35
 .ARM.attributes
                0x0000000000000000       0x33 /usr/lib/gcc-cross/arm-linux-gnueabihf/6/../../../../arm-linux-gnueabihf/lib/../lib/crt1.o
 .ARM.attributes
                0x0000000000000033       0x27 /usr/lib/gcc-cross/arm-linux-gnueabihf/6/../../../../arm-linux-gnueabihf/lib/../lib/crti.o
 .ARM.attributes
                0x000000000000005a       0x33 /usr/lib/gcc-cross/arm-linux-gnueabihf/6/crtbegin.o
 .ARM.attributes
                0x000000000000008d       0x35 Main.o
 .ARM.attributes
                0x00000000000000c2       0x35 Common.o
 .ARM.attributes
                0x00000000000000f7       0x35 CircularBuffer.o
 .ARM.attributes
                0x000000000000012c       0x35 Timestamp.o
 .ARM.attributes
                0x0000000000000161       0x35 SharedMemory.o
 .ARM.attributes
                0x0000000000000196       0x35 ErrorHandling.o
 .ARM.attributes
                0x00000000000001cb       0x35 DebugText.o
 .ARM.attributes
                0x0000000000000200       0x35 /usr/arm-linux-gnueabihf/lib/libc_nonshared.a(elf-init.oS)
 .ARM.attributes
                0x0000000000000235       0x21 /usr/lib/gcc-cross/arm-linux-gnueabihf/6/libgcc.a(_udivsi3.o)
 .ARM.attributes
                0x0000000000000256       0x21 /usr/lib/gcc-cross/arm-linux-gnueabihf/6/libgcc.a(_dvmd_lnx.o)
 .ARM.attributes
                0x0000000000000277       0x33 /usr/lib/gcc-cross/arm-linux-gnueabihf/6/crtend.o
 .ARM.attributes
                0x00000000000002aa       0x27 /usr/lib/gcc-cross/arm-linux-gnueabihf/6/../../../../arm-linux-gnueabihf/lib/../lib/crtn.o

.debug
 *(.debug)

.line
 *(.line)

.debug_srcinfo
 *(.debug_srcinfo)

.debug_sfnames
 *(.debug_sfnames)

.debug_aranges  0x0000000000000000       0xd0
 *(.debug_aranges)
 .debug_aranges
                0x0000000000000000       0x30 Main.o
 .debug_aranges
                0x0000000000000030       0x20 CircularBuffer.o
 .debug_aranges
                0x0000000000000050       0x20 Timestamp.o
 .debug_aranges
                0x0000000000000070       0x20 SharedMemory.o
 .debug_aranges
                0x0000000000000090       0x20 ErrorHandling.o
 .debug_aranges
                0x00000000000000b0       0x20 DebugText.o

.debug_pubnames
 *(.debug_pubnames)

.debug_info     0x0000000000000000     0x31cf
 *(.debug_info .gnu.linkonce.wi.*)
 .debug_info    0x0000000000000000     0x20b0 Main.o
 .debug_info    0x00000000000020b0      0x55a CircularBuffer.o
 .debug_info    0x000000000000260a       0xba Timestamp.o
 .debug_info    0x00000000000026c4      0x3b5 SharedMemory.o
 .debug_info    0x0000000000002a79       0xa0 ErrorHandling.o
 .debug_info    0x0000000000002b19      0x6b6 DebugText.o

.debug_abbrev   0x0000000000000000      0xbf4
 *(.debug_abbrev)
 .debug_abbrev  0x0000000000000000      0x5c7 Main.o
 .debug_abbrev  0x00000000000005c7      0x17b CircularBuffer.o
 .debug_abbrev  0x0000000000000742       0x76 Timestamp.o
 .debug_abbrev  0x00000000000007b8      0x193 SharedMemory.o
 .debug_abbrev  0x000000000000094b       0x6a ErrorHandling.o
 .debug_abbrev  0x00000000000009b5      0x23f DebugText.o

.debug_line     0x0000000000000000      0xdac
 *(.debug_line .debug_line.* .debug_line_end)
 .debug_line    0x0000000000000000      0x4b5 Main.o
 .debug_line    0x00000000000004b5        0x0 Common.o
 .debug_line    0x00000000000004b5      0x2d2 CircularBuffer.o
 .debug_line    0x0000000000000787      0x115 Timestamp.o
 .debug_line    0x000000000000089c      0x1fe SharedMemory.o
 .debug_line    0x0000000000000a9a       0xea ErrorHandling.o
 .debug_line    0x0000000000000b84      0x228 DebugText.o

.debug_frame    0x0000000000000000      0x2dc
 *(.debug_frame)
 .debug_frame   0x0000000000000000       0x9c Main.o
 .debug_frame   0x000000000000009c       0xd0 CircularBuffer.o
 .debug_frame   0x000000000000016c       0x30 Timestamp.o
 .debug_frame   0x000000000000019c       0x64 SharedMemory.o
 .debug_frame   0x0000000000000200       0x28 ErrorHandling.o
 .debug_frame   0x0000000000000228       0xb4 DebugText.o

.debug_str      0x0000000000000000     0x241b
 *(.debug_str)
 .debug_str     0x0000000000000000     0x1ec5 Main.o
                                       0x20c3 (size before relaxing)
 .debug_str     0x0000000000001ec5       0xa6 Common.o
                                         0xd4 (size before relaxing)
 .debug_str     0x0000000000001f6b      0x1ac CircularBuffer.o
                                        0x34e (size before relaxing)
 .debug_str     0x0000000000002117       0x82 Timestamp.o
                                        0x1bf (size before relaxing)
 .debug_str     0x0000000000002199       0xdc SharedMemory.o
                                        0x2a4 (size before relaxing)
 .debug_str     0x0000000000002275       0x61 ErrorHandling.o
                                        0x19d (size before relaxing)
 .debug_str     0x00000000000022d6      0x145 DebugText.o
                                        0x4cc (size before relaxing)

.debug_loc      0x0000000000000000      0xa99
 *(.debug_loc)
 .debug_loc     0x0000000000000000      0x2da Main.o
 .debug_loc     0x00000000000002da      0x4ca CircularBuffer.o
 .debug_loc     0x00000000000007a4       0x1f Timestamp.o
 .debug_loc     0x00000000000007c3      0x181 SharedMemory.o
 .debug_loc     0x0000000000000944      0x155 DebugText.o

.debug_macinfo
 *(.debug_macinfo)

.debug_weaknames
 *(.debug_weaknames)

.debug_funcnames
 *(.debug_funcnames)

.debug_typenames
 *(.debug_typenames)

.debug_varnames
 *(.debug_varnames)

.debug_pubtypes
 *(.debug_pubtypes)

.debug_ranges   0x0000000000000000      0x1e8
 *(.debug_ranges)
 .debug_ranges  0x0000000000000000       0xe8 Main.o
 .debug_ranges  0x00000000000000e8       0x88 CircularBuffer.o
 .debug_ranges  0x0000000000000170       0x78 DebugText.o

.debug_macro
 *(.debug_macro)

.gnu.attributes
 *(.gnu.attributes)

.note.gnu.arm.ident
 *(.note.gnu.arm.ident)

/DISCARD/
 *(.note.GNU-stack)
 *(.gnu_debuglink)
 *(.gnu.lto_*)
OUTPUT(Main.elf elf32-littlearm)
