Archive member included to satisfy reference by file (symbol)

/usr/arm-linux-gnueabihf/lib/libc_nonshared.a(elf-init.oS)
                              /usr/lib/gcc-cross/arm-linux-gnueabihf/6/../../../../arm-linux-gnueabihf/lib/../lib/crt1.o (__libc_csu_init)
/usr/lib/gcc-cross/arm-linux-gnueabihf/6/libgcc.a(_udivsi3.o)
                              CircularBuffer.o (__aeabi_uidivmod)
/usr/lib/gcc-cross/arm-linux-gnueabihf/6/libgcc.a(_dvmd_lnx.o)
                              /usr/lib/gcc-cross/arm-linux-gnueabihf/6/libgcc.a(_udivsi3.o) (__aeabi_idiv0)

As-needed library included to satisfy reference by file (symbol)

libc.so.6                     DebugText.o (fflush@@GLIBC_2.4)
ld-linux-armhf.so.3           Main.o (__stack_chk_guard@@GLIBC_2.4)
librt.so.1                    SharedMemory.o (shm_open@@GLIBC_2.4)

Discarded input sections

 .note.GNU-stack
                0x0000000000000000        0x0 /usr/lib/gcc-cross/arm-linux-gnueabihf/6/../../../../arm-linux-gnueabihf/lib/../lib/crt1.o
 .note.GNU-stack
                0x0000000000000000        0x0 /usr/lib/gcc-cross/arm-linux-gnueabihf/6/../../../../arm-linux-gnueabihf/lib/../lib/crti.o
 .note.GNU-stack
                0x0000000000000000        0x0 /usr/lib/gcc-cross/arm-linux-gnueabihf/6/crtbegin.o
 .note.GNU-stack
                0x0000000000000000        0x0 Main.o
 .note.GNU-stack
                0x0000000000000000        0x0 CircularBuffer.o
 .note.GNU-stack
                0x0000000000000000        0x0 Timestamp.o
 .note.GNU-stack
                0x0000000000000000        0x0 SharedMemory.o
 .note.GNU-stack
                0x0000000000000000        0x0 ErrorHandling.o
 .note.GNU-stack
                0x0000000000000000        0x0 DebugText.o
 .note.GNU-stack
                0x0000000000000000        0x0 /usr/arm-linux-gnueabihf/lib/libc_nonshared.a(elf-init.oS)
 .note.GNU-stack
                0x0000000000000000        0x0 /usr/lib/gcc-cross/arm-linux-gnueabihf/6/libgcc.a(_udivsi3.o)
 .note.GNU-stack
                0x0000000000000000        0x0 /usr/lib/gcc-cross/arm-linux-gnueabihf/6/libgcc.a(_dvmd_lnx.o)
 .note.GNU-stack
                0x0000000000000000        0x0 /usr/lib/gcc-cross/arm-linux-gnueabihf/6/crtend.o
 .note.GNU-stack
                0x0000000000000000        0x0 /usr/lib/gcc-cross/arm-linux-gnueabihf/6/../../../../arm-linux-gnueabihf/lib/../lib/crtn.o

Memory Configuration

Name             Origin             Length             Attributes
*default*        0x0000000000000000 0xffffffffffffffff

Linker script and memory map

LOAD /usr/lib/gcc-cross/arm-linux-gnueabihf/6/../../../../arm-linux-gnueabihf/lib/../lib/crt1.o
LOAD /usr/lib/gcc-cross/arm-linux-gnueabihf/6/../../../../arm-linux-gnueabihf/lib/../lib/crti.o
LOAD /usr/lib/gcc-cross/arm-linux-gnueabihf/6/crtbegin.o
LOAD Main.o
LOAD CircularBuffer.o
LOAD Timestamp.o
LOAD SharedMemory.o
LOAD ErrorHandling.o
LOAD DebugText.o
LOAD /usr/lib/gcc-cross/arm-linux-gnueabihf/6/../../../../arm-linux-gnueabihf/lib/../lib/libc.so
START GROUP
LOAD /usr/arm-linux-gnueabihf/lib/libc.so.6
LOAD /usr/arm-linux-gnueabihf/lib/libc_nonshared.a
LOAD /usr/arm-linux-gnueabihf/lib/ld-linux-armhf.so.3
END GROUP
LOAD /usr/lib/gcc-cross/arm-linux-gnueabihf/6/libgcc.a
LOAD /usr/lib/gcc-cross/arm-linux-gnueabihf/6/../../../../arm-linux-gnueabihf/lib/../lib/librt.so
LOAD /usr/lib/gcc-cross/arm-linux-gnueabihf/6/libgcc.a
LOAD /usr/lib/gcc-cross/arm-linux-gnueabihf/6/libgcc_s.so
START GROUP
LOAD /usr/lib/gcc-cross/arm-linux-gnueabihf/6/libgcc_s.so.1
LOAD /usr/lib/gcc-cross/arm-linux-gnueabihf/6/libgcc.a
END GROUP
LOAD /usr/lib/gcc-cross/arm-linux-gnueabihf/6/../../../../arm-linux-gnueabihf/lib/../lib/libc.so
START GROUP
LOAD /usr/arm-linux-gnueabihf/lib/libc.so.6
LOAD /usr/arm-linux-gnueabihf/lib/libc_nonshared.a
LOAD /usr/arm-linux-gnueabihf/lib/ld-linux-armhf.so.3
END GROUP
LOAD /usr/lib/gcc-cross/arm-linux-gnueabihf/6/libgcc.a
LOAD /usr/lib/gcc-cross/arm-linux-gnueabihf/6/libgcc_s.so
START GROUP
LOAD /usr/lib/gcc-cross/arm-linux-gnueabihf/6/libgcc_s.so.1
LOAD /usr/lib/gcc-cross/arm-linux-gnueabihf/6/libgcc.a
END GROUP
LOAD /usr/lib/gcc-cross/arm-linux-gnueabihf/6/crtend.o
LOAD /usr/lib/gcc-cross/arm-linux-gnueabihf/6/../../../../arm-linux-gnueabihf/lib/../lib/crtn.o
                [!provide]                        PROVIDE (__executable_start, 0x10000)
                0x0000000000010154                . = (0x10000 + SIZEOF_HEADERS)

.interp         0x0000000000010154       0x19
 *(.interp)
 .interp        0x0000000000010154       0x19 /usr/lib/gcc-cross/arm-linux-gnueabihf/6/../../../../arm-linux-gnueabihf/lib/../lib/crt1.o

.note.ABI-tag   0x0000000000010170       0x20
 .note.ABI-tag  0x0000000000010170       0x20 /usr/lib/gcc-cross/arm-linux-gnueabihf/6/../../../../arm-linux-gnueabihf/lib/../lib/crt1.o

.note.gnu.build-id
                0x0000000000010190       0x24
 *(.note.gnu.build-id)
 .note.gnu.build-id
                0x0000000000010190       0x24 linker stubs

.hash
 *(.hash)

.gnu.hash       0x00000000000101b4       0x64
 *(.gnu.hash)
 .gnu.hash      0x00000000000101b4       0x64 /usr/lib/gcc-cross/arm-linux-gnueabihf/6/../../../../arm-linux-gnueabihf/lib/../lib/crt1.o

.dynsym         0x0000000000010218      0x130
 *(.dynsym)
 .dynsym        0x0000000000010218      0x130 /usr/lib/gcc-cross/arm-linux-gnueabihf/6/../../../../arm-linux-gnueabihf/lib/../lib/crt1.o

.dynstr         0x0000000000010348      0x126
 *(.dynstr)
 .dynstr        0x0000000000010348      0x126 /usr/lib/gcc-cross/arm-linux-gnueabihf/6/../../../../arm-linux-gnueabihf/lib/../lib/crt1.o

.gnu.version    0x000000000001046e       0x26
 *(.gnu.version)
 .gnu.version   0x000000000001046e       0x26 /usr/lib/gcc-cross/arm-linux-gnueabihf/6/../../../../arm-linux-gnueabihf/lib/../lib/crt1.o

.gnu.version_d  0x0000000000010494        0x0
 *(.gnu.version_d)
 .gnu.version_d
                0x0000000000010494        0x0 /usr/lib/gcc-cross/arm-linux-gnueabihf/6/../../../../arm-linux-gnueabihf/lib/../lib/crt1.o

.gnu.version_r  0x0000000000010494       0x60
 *(.gnu.version_r)
 .gnu.version_r
                0x0000000000010494       0x60 /usr/lib/gcc-cross/arm-linux-gnueabihf/6/../../../../arm-linux-gnueabihf/lib/../lib/crt1.o

.rel.dyn        0x00000000000104f4       0x18
 *(.rel.init)
 *(.rel.text .rel.text.* .rel.gnu.linkonce.t.*)
 *(.rel.fini)
 *(.rel.rodata .rel.rodata.* .rel.gnu.linkonce.r.*)
 *(.rel.data.rel.ro .rel.data.rel.ro.* .rel.gnu.linkonce.d.rel.ro.*)
 *(.rel.data .rel.data.* .rel.gnu.linkonce.d.*)
 *(.rel.tdata .rel.tdata.* .rel.gnu.linkonce.td.*)
 *(.rel.tbss .rel.tbss.* .rel.gnu.linkonce.tb.*)
 *(.rel.ctors)
 *(.rel.dtors)
 *(.rel.got)
 .rel.got       0x00000000000104f4        0x8 /usr/lib/gcc-cross/arm-linux-gnueabihf/6/../../../../arm-linux-gnueabihf/lib/../lib/crt1.o
 *(.rel.bss .rel.bss.* .rel.gnu.linkonce.b.*)
 .rel.bss       0x00000000000104fc       0x10 /usr/lib/gcc-cross/arm-linux-gnueabihf/6/../../../../arm-linux-gnueabihf/lib/../lib/crt1.o
                [!provide]                        PROVIDE (__rel_iplt_start, .)
 *(.rel.iplt)
 .rel.iplt      0x000000000001050c        0x0 /usr/lib/gcc-cross/arm-linux-gnueabihf/6/../../../../arm-linux-gnueabihf/lib/../lib/crt1.o
                [!provide]                        PROVIDE (__rel_iplt_end, .)

.rela.dyn       0x000000000001050c        0x0
 *(.rela.init)
 *(.rela.text .rela.text.* .rela.gnu.linkonce.t.*)
 *(.rela.fini)
 *(.rela.rodata .rela.rodata.* .rela.gnu.linkonce.r.*)
 *(.rela.data .rela.data.* .rela.gnu.linkonce.d.*)
 *(.rela.tdata .rela.tdata.* .rela.gnu.linkonce.td.*)
 *(.rela.tbss .rela.tbss.* .rela.gnu.linkonce.tb.*)
 *(.rela.ctors)
 *(.rela.dtors)
 *(.rela.got)
 *(.rela.bss .rela.bss.* .rela.gnu.linkonce.b.*)
                [!provide]                        PROVIDE (__rela_iplt_start, .)
 *(.rela.iplt)
                [!provide]                        PROVIDE (__rela_iplt_end, .)

.rel.plt        0x000000000001050c       0x68
 *(.rel.plt)
 .rel.plt       0x000000000001050c       0x68 /usr/lib/gcc-cross/arm-linux-gnueabihf/6/../../../../arm-linux-gnueabihf/lib/../lib/crt1.o

.rela.plt
 *(.rela.plt)

.init           0x0000000000010574        0xc
 *(SORT(.init))
 .init          0x0000000000010574        0x8 /usr/lib/gcc-cross/arm-linux-gnueabihf/6/../../../../arm-linux-gnueabihf/lib/../lib/crti.o
                0x0000000000010574                _init
 .init          0x000000000001057c        0x4 /usr/lib/gcc-cross/arm-linux-gnueabihf/6/../../../../arm-linux-gnueabihf/lib/../lib/crtn.o

.plt            0x0000000000010580       0xb4
 *(.plt)
 .plt           0x0000000000010580       0xb4 /usr/lib/gcc-cross/arm-linux-gnueabihf/6/../../../../arm-linux-gnueabihf/lib/../lib/crt1.o
                0x0000000000010594                raise@@GLIBC_2.4
                0x00000000000105a4                fflush@@GLIBC_2.4
                0x00000000000105b0                __vsnprintf_chk@@GLIBC_2.4
                0x00000000000105bc                memcpy@@GLIBC_2.4
                0x00000000000105c8                shm_open@@GLIBC_2.4
                0x00000000000105d4                __stack_chk_fail@@GLIBC_2.4
                0x00000000000105e0                __libc_start_main@@GLIBC_2.4
                0x00000000000105f8                mmap@@GLIBC_2.4
                0x0000000000010604                __printf_chk@@GLIBC_2.4
                0x0000000000010610                __fprintf_chk@@GLIBC_2.4
                0x000000000001061c                ftruncate@@GLIBC_2.4
                0x0000000000010628                abort@@GLIBC_2.4

.iplt           0x0000000000010634        0x0
 *(.iplt)
 .iplt          0x0000000000010634        0x0 /usr/lib/gcc-cross/arm-linux-gnueabihf/6/../../../../arm-linux-gnueabihf/lib/../lib/crt1.o

.text           0x0000000000010638      0x6b4
 *(.text.unlikely .text.*_unlikely .text.unlikely.*)
 *(.text.exit .text.exit.*)
 *(.text.startup .text.startup.*)
 .text.startup  0x0000000000010638       0x94 Main.o
                0x0000000000010638                main
 *(.text.hot .text.hot.*)
 *(.text .stub .text.* .gnu.linkonce.t.*)
 .text          0x00000000000106cc       0x30 /usr/lib/gcc-cross/arm-linux-gnueabihf/6/../../../../arm-linux-gnueabihf/lib/../lib/crt1.o
                0x00000000000106cc                _start
 .text          0x00000000000106fc       0x24 /usr/lib/gcc-cross/arm-linux-gnueabihf/6/../../../../arm-linux-gnueabihf/lib/../lib/crti.o
 .text          0x0000000000010720       0x8c /usr/lib/gcc-cross/arm-linux-gnueabihf/6/crtbegin.o
 .text          0x00000000000107ac        0x0 Main.o
 .text          0x00000000000107ac       0xb0 CircularBuffer.o
                0x00000000000107ac                CircularBufferShow
                0x00000000000107fc                CircularBufferInitialise
                0x000000000001080c                CircularBufferPut
                0x0000000000010830                CircularBufferGet
 .text          0x000000000001085c        0xc Timestamp.o
                0x000000000001085c                TimestampInitialise
                0x0000000000010860                GetTimestamp
 .text          0x0000000000010868       0xb8 SharedMemory.o
                0x0000000000010868                SharedMemoryMasterInitialise
                0x00000000000108d0                SharedMemorySlaveInitialise
 .text          0x0000000000010920       0x10 ErrorHandling.o
                0x0000000000010920                PANIC
 .text          0x0000000000010930       0xf8 DebugText.o
                0x0000000000010930                DebugTextOutput
                0x0000000000010958                DebugPrintf
                0x00000000000109ac                NibbleToHex
                0x00000000000109b8                DebugHexDumpBytes
                0x0000000000010a24                DebugHexDumpWords
 .text          0x0000000000010a28       0x40 /usr/arm-linux-gnueabihf/lib/libc_nonshared.a(elf-init.oS)
                0x0000000000010a28                __libc_csu_init
                0x0000000000010a64                __libc_csu_fini
 .text          0x0000000000010a68      0x278 /usr/lib/gcc-cross/arm-linux-gnueabihf/6/libgcc.a(_udivsi3.o)
                0x0000000000010a68                __aeabi_uidiv
                0x0000000000010a68                __udivsi3
                0x0000000000010cc4                __aeabi_uidivmod
 .text          0x0000000000010ce0        0xc /usr/lib/gcc-cross/arm-linux-gnueabihf/6/libgcc.a(_dvmd_lnx.o)
                0x0000000000010ce0                __aeabi_ldiv0
                0x0000000000010ce0                __aeabi_idiv0
 .text          0x0000000000010cec        0x0 /usr/lib/gcc-cross/arm-linux-gnueabihf/6/crtend.o
 .text          0x0000000000010cec        0x0 /usr/lib/gcc-cross/arm-linux-gnueabihf/6/../../../../arm-linux-gnueabihf/lib/../lib/crtn.o
 *(.gnu.warning)
 *(.glue_7t)
 .glue_7t       0x0000000000010cec        0x0 linker stubs
 *(.glue_7)
 .glue_7        0x0000000000010cec        0x0 linker stubs
 *(.vfp11_veneer)
 .vfp11_veneer  0x0000000000010cec        0x0 linker stubs
 *(.v4_bx)
 .v4_bx         0x0000000000010cec        0x0 linker stubs

.fini           0x0000000000010cec        0x8
 *(SORT(.fini))
 .fini          0x0000000000010cec        0x4 /usr/lib/gcc-cross/arm-linux-gnueabihf/6/../../../../arm-linux-gnueabihf/lib/../lib/crti.o
                0x0000000000010cec                _fini
 .fini          0x0000000000010cf0        0x4 /usr/lib/gcc-cross/arm-linux-gnueabihf/6/../../../../arm-linux-gnueabihf/lib/../lib/crtn.o
                [!provide]                        PROVIDE (__etext, .)
                [!provide]                        PROVIDE (_etext, .)
                [!provide]                        PROVIDE (etext, .)

.rodata         0x0000000000010cf4       0xc4
 *(.rodata .rodata.* .gnu.linkonce.r.*)
 .rodata.cst4   0x0000000000010cf4        0x4 /usr/lib/gcc-cross/arm-linux-gnueabihf/6/../../../../arm-linux-gnueabihf/lib/../lib/crt1.o
                0x0000000000010cf4                _IO_stdin_used
 .rodata.str1.4
                0x0000000000010cf8       0x28 Main.o
 .rodata.str1.4
                0x0000000000010d20       0x53 CircularBuffer.o
 *fill*         0x0000000000010d73        0x1 
 .rodata.str1.4
                0x0000000000010d74       0x2d SharedMemory.o
 *fill*         0x0000000000010da1        0x3 
 .rodata.str1.4
                0x0000000000010da4       0x10 ErrorHandling.o
 .rodata.str1.4
                0x0000000000010db4        0x4 DebugText.o
                                          0x6 (size before relaxing)

.rodata1
 *(.rodata1)

.ARM.extab      0x0000000000010db8        0x0
 *(.ARM.extab* .gnu.linkonce.armextab.*)
 .ARM.extab     0x0000000000010db8        0x0 /usr/lib/gcc-cross/arm-linux-gnueabihf/6/../../../../arm-linux-gnueabihf/lib/../lib/crt1.o
                [!provide]                        PROVIDE (__exidx_start, .)

.ARM.exidx      0x0000000000010db8        0x8
 *(.ARM.exidx* .gnu.linkonce.armexidx.*)
 .ARM.exidx     0x0000000000010db8        0x8 /usr/lib/gcc-cross/arm-linux-gnueabihf/6/../../../../arm-linux-gnueabihf/lib/../lib/crt1.o
                [!provide]                        PROVIDE (__exidx_end, .)

.eh_frame_hdr
 *(.eh_frame_hdr)
 *(.eh_frame_entry .eh_frame_entry.*)

.eh_frame       0x0000000000010dc0        0x4
 *(.eh_frame)
 .eh_frame      0x0000000000010dc0        0x4 /usr/lib/gcc-cross/arm-linux-gnueabihf/6/crtend.o
 *(.eh_frame.*)

.gcc_except_table
 *(.gcc_except_table .gcc_except_table.*)

.gnu_extab
 *(.gnu_extab*)

.exception_ranges
 *(.exception_ranges .exception_ranges*)
                0x0000000000020efc                . = DATA_SEGMENT_ALIGN (0x10000, 0x1000)

.eh_frame
 *(.eh_frame)
 *(.eh_frame.*)

.gnu_extab
 *(.gnu_extab)

.gcc_except_table
 *(.gcc_except_table .gcc_except_table.*)

.exception_ranges
 *(.exception_ranges .exception_ranges*)

.tdata
 *(.tdata .tdata.* .gnu.linkonce.td.*)

.tbss
 *(.tbss .tbss.* .gnu.linkonce.tb.*)
 *(.tcommon)

.preinit_array  0x0000000000020efc        0x0
                [!provide]                        PROVIDE (__preinit_array_start, .)
 *(.preinit_array)
                [!provide]                        PROVIDE (__preinit_array_end, .)

.init_array     0x0000000000020efc        0x4
                0x0000000000020efc                PROVIDE (__init_array_start, .)
 *(SORT(.init_array.*) SORT(.ctors.*))
 *(.init_array EXCLUDE_FILE(*crtend?.o *crtend.o *crtbegin?.o *crtbegin.o) .ctors)
 .init_array    0x0000000000020efc        0x4 /usr/lib/gcc-cross/arm-linux-gnueabihf/6/crtbegin.o
                0x0000000000020f00                PROVIDE (__init_array_end, .)

.fini_array     0x0000000000020f00        0x4
                [!provide]                        PROVIDE (__fini_array_start, .)
 *(SORT(.fini_array.*) SORT(.dtors.*))
 *(.fini_array EXCLUDE_FILE(*crtend?.o *crtend.o *crtbegin?.o *crtbegin.o) .dtors)
 .fini_array    0x0000000000020f00        0x4 /usr/lib/gcc-cross/arm-linux-gnueabihf/6/crtbegin.o
                [!provide]                        PROVIDE (__fini_array_end, .)

.ctors
 *crtbegin.o(.ctors)
 *crtbegin?.o(.ctors)
 *(EXCLUDE_FILE(*crtend?.o *crtend.o) .ctors)
 *(SORT(.ctors.*))
 *(.ctors)

.dtors
 *crtbegin.o(.dtors)
 *crtbegin?.o(.dtors)
 *(EXCLUDE_FILE(*crtend?.o *crtend.o) .dtors)
 *(SORT(.dtors.*))
 *(.dtors)

.jcr            0x0000000000020f04        0x4
 *(.jcr)
 .jcr           0x0000000000020f04        0x0 /usr/lib/gcc-cross/arm-linux-gnueabihf/6/crtbegin.o
 .jcr           0x0000000000020f04        0x4 /usr/lib/gcc-cross/arm-linux-gnueabihf/6/crtend.o

.data.rel.ro
 *(.data.rel.ro.local* .gnu.linkonce.d.rel.ro.local.*)
 *(.data.rel.ro .data.rel.ro.* .gnu.linkonce.d.rel.ro.*)

.dynamic        0x0000000000020f08       0xf8
 *(.dynamic)
 .dynamic       0x0000000000020f08       0xf8 /usr/lib/gcc-cross/arm-linux-gnueabihf/6/../../../../arm-linux-gnueabihf/lib/../lib/crt1.o
                0x0000000000020f08                _DYNAMIC
                0x0000000000021000                . = DATA_SEGMENT_RELRO_END (., 0x0)

.got            0x0000000000021000       0x44
 *(.got.plt)
 .got.plt       0x0000000000021000       0x40 /usr/lib/gcc-cross/arm-linux-gnueabihf/6/../../../../arm-linux-gnueabihf/lib/../lib/crt1.o
                0x0000000000021000                _GLOBAL_OFFSET_TABLE_
 *(.igot.plt)
 .igot.plt      0x0000000000021040        0x0 /usr/lib/gcc-cross/arm-linux-gnueabihf/6/../../../../arm-linux-gnueabihf/lib/../lib/crt1.o
 *(.got)
 .got           0x0000000000021040        0x4 /usr/lib/gcc-cross/arm-linux-gnueabihf/6/../../../../arm-linux-gnueabihf/lib/../lib/crt1.o
 *(.igot)

.data           0x0000000000021044        0x8
                [!provide]                        PROVIDE (__data_start, .)
 *(.data .data.* .gnu.linkonce.d.*)
 .data          0x0000000000021044        0x4 /usr/lib/gcc-cross/arm-linux-gnueabihf/6/../../../../arm-linux-gnueabihf/lib/../lib/crt1.o
                0x0000000000021044                data_start
                0x0000000000021044                __data_start
 .data          0x0000000000021048        0x0 /usr/lib/gcc-cross/arm-linux-gnueabihf/6/../../../../arm-linux-gnueabihf/lib/../lib/crti.o
 .data          0x0000000000021048        0x4 /usr/lib/gcc-cross/arm-linux-gnueabihf/6/crtbegin.o
                0x0000000000021048                __dso_handle
 .data          0x000000000002104c        0x0 Main.o
 .data          0x000000000002104c        0x0 CircularBuffer.o
 .data          0x000000000002104c        0x0 Timestamp.o
 .data          0x000000000002104c        0x0 SharedMemory.o
 .data          0x000000000002104c        0x0 ErrorHandling.o
 .data          0x000000000002104c        0x0 DebugText.o
 .data          0x000000000002104c        0x0 /usr/arm-linux-gnueabihf/lib/libc_nonshared.a(elf-init.oS)
 .data          0x000000000002104c        0x0 /usr/lib/gcc-cross/arm-linux-gnueabihf/6/libgcc.a(_udivsi3.o)
 .data          0x000000000002104c        0x0 /usr/lib/gcc-cross/arm-linux-gnueabihf/6/libgcc.a(_dvmd_lnx.o)
 .data          0x000000000002104c        0x0 /usr/lib/gcc-cross/arm-linux-gnueabihf/6/crtend.o
 .data          0x000000000002104c        0x0 /usr/lib/gcc-cross/arm-linux-gnueabihf/6/../../../../arm-linux-gnueabihf/lib/../lib/crtn.o

.tm_clone_table
                0x000000000002104c        0x0
 .tm_clone_table
                0x000000000002104c        0x0 /usr/lib/gcc-cross/arm-linux-gnueabihf/6/crtbegin.o
 .tm_clone_table
                0x000000000002104c        0x0 /usr/lib/gcc-cross/arm-linux-gnueabihf/6/crtend.o

.data1
 *(.data1)
                0x000000000002104c                _edata = .
                [!provide]                        PROVIDE (edata, .)
                0x000000000002104c                . = .
                0x000000000002104c                __bss_start = .
                0x000000000002104c                __bss_start__ = .

.bss            0x0000000000021050      0x110
 *(.dynbss)
 *fill*         0x0000000000021050        0x0 
 .dynbss        0x0000000000021050        0xc /usr/lib/gcc-cross/arm-linux-gnueabihf/6/../../../../arm-linux-gnueabihf/lib/../lib/crt1.o
                0x0000000000021050                __stack_chk_guard@@GLIBC_2.4
                0x0000000000021058                stderr@@GLIBC_2.4
 *(.bss .bss.* .gnu.linkonce.b.*)
 .bss           0x000000000002105c        0x0 /usr/lib/gcc-cross/arm-linux-gnueabihf/6/../../../../arm-linux-gnueabihf/lib/../lib/crt1.o
 .bss           0x000000000002105c        0x0 /usr/lib/gcc-cross/arm-linux-gnueabihf/6/../../../../arm-linux-gnueabihf/lib/../lib/crti.o
 .bss           0x000000000002105c        0x1 /usr/lib/gcc-cross/arm-linux-gnueabihf/6/crtbegin.o
 .bss           0x000000000002105d        0x0 Main.o
 .bss           0x000000000002105d        0x0 CircularBuffer.o
 .bss           0x000000000002105d        0x0 Timestamp.o
 .bss           0x000000000002105d        0x0 SharedMemory.o
 .bss           0x000000000002105d        0x0 ErrorHandling.o
 *fill*         0x000000000002105d        0x3 
 .bss           0x0000000000021060      0x100 DebugText.o
 .bss           0x0000000000021160        0x0 /usr/arm-linux-gnueabihf/lib/libc_nonshared.a(elf-init.oS)
 .bss           0x0000000000021160        0x0 /usr/lib/gcc-cross/arm-linux-gnueabihf/6/libgcc.a(_udivsi3.o)
 .bss           0x0000000000021160        0x0 /usr/lib/gcc-cross/arm-linux-gnueabihf/6/libgcc.a(_dvmd_lnx.o)
 .bss           0x0000000000021160        0x0 /usr/lib/gcc-cross/arm-linux-gnueabihf/6/crtend.o
 .bss           0x0000000000021160        0x0 /usr/lib/gcc-cross/arm-linux-gnueabihf/6/../../../../arm-linux-gnueabihf/lib/../lib/crtn.o
 *(COMMON)
                0x0000000000021160                . = ALIGN ((. != 0x0)?0x4:0x1)
                0x0000000000021160                _bss_end__ = .
                0x0000000000021160                __bss_end__ = .
                0x0000000000021160                . = ALIGN (0x4)
                0x0000000000021160                . = SEGMENT_START ("ldata-segment", .)
                0x0000000000021160                . = ALIGN (0x4)
                0x0000000000021160                __end__ = .
                0x0000000000021160                _end = .
                [!provide]                        PROVIDE (end, .)
                0x0000000000021160                . = DATA_SEGMENT_END (.)

.stab
 *(.stab)

.stabstr
 *(.stabstr)

.stab.excl
 *(.stab.excl)

.stab.exclstr
 *(.stab.exclstr)

.stab.index
 *(.stab.index)

.stab.indexstr
 *(.stab.indexstr)

.comment        0x0000000000000000       0x2d
 *(.comment)
 .comment       0x0000000000000000       0x2d /usr/lib/gcc-cross/arm-linux-gnueabihf/6/crtbegin.o
                                         0x2e (size before relaxing)
 .comment       0x000000000000002d       0x2e Main.o
 .comment       0x000000000000002d       0x2e CircularBuffer.o
 .comment       0x000000000000002d       0x2e Timestamp.o
 .comment       0x000000000000002d       0x2e SharedMemory.o
 .comment       0x000000000000002d       0x2e ErrorHandling.o
 .comment       0x000000000000002d       0x2e DebugText.o
 .comment       0x000000000000002d       0x2e /usr/lib/gcc-cross/arm-linux-gnueabihf/6/crtend.o

.ARM.attributes
                0x0000000000000000       0x33
 .ARM.attributes
                0x0000000000000000       0x33 /usr/lib/gcc-cross/arm-linux-gnueabihf/6/../../../../arm-linux-gnueabihf/lib/../lib/crt1.o
 .ARM.attributes
                0x0000000000000033       0x27 /usr/lib/gcc-cross/arm-linux-gnueabihf/6/../../../../arm-linux-gnueabihf/lib/../lib/crti.o
 .ARM.attributes
                0x000000000000005a       0x33 /usr/lib/gcc-cross/arm-linux-gnueabihf/6/crtbegin.o
 .ARM.attributes
                0x000000000000008d       0x33 Main.o
 .ARM.attributes
                0x00000000000000c0       0x33 CircularBuffer.o
 .ARM.attributes
                0x00000000000000f3       0x33 Timestamp.o
 .ARM.attributes
                0x0000000000000126       0x33 SharedMemory.o
 .ARM.attributes
                0x0000000000000159       0x33 ErrorHandling.o
 .ARM.attributes
                0x000000000000018c       0x33 DebugText.o
 .ARM.attributes
                0x00000000000001bf       0x35 /usr/arm-linux-gnueabihf/lib/libc_nonshared.a(elf-init.oS)
 .ARM.attributes
                0x00000000000001f4       0x21 /usr/lib/gcc-cross/arm-linux-gnueabihf/6/libgcc.a(_udivsi3.o)
 .ARM.attributes
                0x0000000000000215       0x21 /usr/lib/gcc-cross/arm-linux-gnueabihf/6/libgcc.a(_dvmd_lnx.o)
 .ARM.attributes
                0x0000000000000236       0x33 /usr/lib/gcc-cross/arm-linux-gnueabihf/6/crtend.o
 .ARM.attributes
                0x0000000000000269       0x27 /usr/lib/gcc-cross/arm-linux-gnueabihf/6/../../../../arm-linux-gnueabihf/lib/../lib/crtn.o

.debug
 *(.debug)

.line
 *(.line)

.debug_srcinfo
 *(.debug_srcinfo)

.debug_sfnames
 *(.debug_sfnames)

.debug_aranges  0x0000000000000000       0xc0
 *(.debug_aranges)
 .debug_aranges
                0x0000000000000000       0x20 Main.o
 .debug_aranges
                0x0000000000000020       0x20 CircularBuffer.o
 .debug_aranges
                0x0000000000000040       0x20 Timestamp.o
 .debug_aranges
                0x0000000000000060       0x20 SharedMemory.o
 .debug_aranges
                0x0000000000000080       0x20 ErrorHandling.o
 .debug_aranges
                0x00000000000000a0       0x20 DebugText.o

.debug_pubnames
 *(.debug_pubnames)

.debug_info     0x0000000000000000     0x13f8
 *(.debug_info .gnu.linkonce.wi.*)
 .debug_info    0x0000000000000000      0x5e0 Main.o
 .debug_info    0x00000000000005e0      0x328 CircularBuffer.o
 .debug_info    0x0000000000000908       0xba Timestamp.o
 .debug_info    0x00000000000009c2      0x2e0 SharedMemory.o
 .debug_info    0x0000000000000ca2       0xa0 ErrorHandling.o
 .debug_info    0x0000000000000d42      0x6b6 DebugText.o

.debug_abbrev   0x0000000000000000      0x79a
 *(.debug_abbrev)
 .debug_abbrev  0x0000000000000000      0x1d9 Main.o
 .debug_abbrev  0x00000000000001d9      0x184 CircularBuffer.o
 .debug_abbrev  0x000000000000035d       0x76 Timestamp.o
 .debug_abbrev  0x00000000000003d3      0x11e SharedMemory.o
 .debug_abbrev  0x00000000000004f1       0x6a ErrorHandling.o
 .debug_abbrev  0x000000000000055b      0x23f DebugText.o

.debug_line     0x0000000000000000      0xac6
 *(.debug_line .debug_line.* .debug_line_end)
 .debug_line    0x0000000000000000      0x2fc Main.o
 .debug_line    0x00000000000002fc      0x21d CircularBuffer.o
 .debug_line    0x0000000000000519      0x115 Timestamp.o
 .debug_line    0x000000000000062e      0x186 SharedMemory.o
 .debug_line    0x00000000000007b4       0xea ErrorHandling.o
 .debug_line    0x000000000000089e      0x228 DebugText.o

.debug_frame    0x0000000000000000      0x208
 *(.debug_frame)
 .debug_frame   0x0000000000000000       0x30 Main.o
 .debug_frame   0x0000000000000030       0x74 CircularBuffer.o
 .debug_frame   0x00000000000000a4       0x30 Timestamp.o
 .debug_frame   0x00000000000000d4       0x58 SharedMemory.o
 .debug_frame   0x000000000000012c       0x28 ErrorHandling.o
 .debug_frame   0x0000000000000154       0xb4 DebugText.o

.debug_str      0x0000000000000000      0x7ec
 *(.debug_str)
 .debug_str     0x0000000000000000      0x416 Main.o
                                        0x4a3 (size before relaxing)
 .debug_str     0x0000000000000416       0xcb CircularBuffer.o
                                        0x2af (size before relaxing)
 .debug_str     0x00000000000004e1       0x75 Timestamp.o
                                        0x1c4 (size before relaxing)
 .debug_str     0x0000000000000556       0xf1 SharedMemory.o
                                        0x269 (size before relaxing)
 .debug_str     0x0000000000000647       0x61 ErrorHandling.o
                                        0x1a2 (size before relaxing)
 .debug_str     0x00000000000006a8      0x144 DebugText.o
                                        0x4d1 (size before relaxing)

.debug_loc      0x0000000000000000      0x4a1
 *(.debug_loc)
 .debug_loc     0x0000000000000000       0x9e Main.o
 .debug_loc     0x000000000000009e      0x177 CircularBuffer.o
 .debug_loc     0x0000000000000215       0x1f Timestamp.o
 .debug_loc     0x0000000000000234      0x118 SharedMemory.o
 .debug_loc     0x000000000000034c      0x155 DebugText.o

.debug_macinfo
 *(.debug_macinfo)

.debug_weaknames
 *(.debug_weaknames)

.debug_funcnames
 *(.debug_funcnames)

.debug_typenames
 *(.debug_typenames)

.debug_varnames
 *(.debug_varnames)

.debug_pubtypes
 *(.debug_pubtypes)

.debug_ranges   0x0000000000000000       0xe8
 *(.debug_ranges)
 .debug_ranges  0x0000000000000000       0x58 Main.o
 .debug_ranges  0x0000000000000058       0x18 CircularBuffer.o
 .debug_ranges  0x0000000000000070       0x78 DebugText.o

.debug_macro
 *(.debug_macro)

.gnu.attributes
 *(.gnu.attributes)

.note.gnu.arm.ident
 *(.note.gnu.arm.ident)

/DISCARD/
 *(.note.GNU-stack)
 *(.gnu_debuglink)
 *(.gnu.lto_*)
OUTPUT(Main.elf elf32-littlearm)
