Archive member included to satisfy reference by file (symbol)

/usr/arm-linux-gnueabihf/lib/libc_nonshared.a(elf-init.oS)
                              /usr/lib/gcc-cross/arm-linux-gnueabihf/6/../../../../arm-linux-gnueabihf/lib/../lib/crt1.o (__libc_csu_init)
/usr/lib/gcc-cross/arm-linux-gnueabihf/6/libgcc.a(_udivsi3.o)
                              CircularBuffer.o (__aeabi_uidivmod)
/usr/lib/gcc-cross/arm-linux-gnueabihf/6/libgcc.a(_dvmd_lnx.o)
                              /usr/lib/gcc-cross/arm-linux-gnueabihf/6/libgcc.a(_udivsi3.o) (__aeabi_idiv0)

As-needed library included to satisfy reference by file (symbol)

libc.so.6                     Main.o (fflush@@GLIBC_2.4)
ld-linux-armhf.so.3           DebugText.o (__stack_chk_guard@@GLIBC_2.4)
librt.so.1                    SharedMemory.o (shm_open@@GLIBC_2.4)
libgcc_s.so.1                 Main.o (__aeabi_unwind_cpp_pr0@@GCC_3.5)

Discarded input sections

 .note.GNU-stack
                0x0000000000000000        0x0 /usr/lib/gcc-cross/arm-linux-gnueabihf/6/../../../../arm-linux-gnueabihf/lib/../lib/crt1.o
 .note.GNU-stack
                0x0000000000000000        0x0 /usr/lib/gcc-cross/arm-linux-gnueabihf/6/../../../../arm-linux-gnueabihf/lib/../lib/crti.o
 .note.GNU-stack
                0x0000000000000000        0x0 /usr/lib/gcc-cross/arm-linux-gnueabihf/6/crtbegin.o
 .note.GNU-stack
                0x0000000000000000        0x0 Main.o
 .note.GNU-stack
                0x0000000000000000        0x0 Common.o
 .note.GNU-stack
                0x0000000000000000        0x0 CircularBuffer.o
 .note.GNU-stack
                0x0000000000000000        0x0 Timestamp.o
 .note.GNU-stack
                0x0000000000000000        0x0 SharedMemory.o
 .note.GNU-stack
                0x0000000000000000        0x0 ErrorHandling.o
 .note.GNU-stack
                0x0000000000000000        0x0 DebugText.o
 .note.GNU-stack
                0x0000000000000000        0x0 /usr/arm-linux-gnueabihf/lib/libc_nonshared.a(elf-init.oS)
 .note.GNU-stack
                0x0000000000000000        0x0 /usr/lib/gcc-cross/arm-linux-gnueabihf/6/libgcc.a(_udivsi3.o)
 .note.GNU-stack
                0x0000000000000000        0x0 /usr/lib/gcc-cross/arm-linux-gnueabihf/6/libgcc.a(_dvmd_lnx.o)
 .note.GNU-stack
                0x0000000000000000        0x0 /usr/lib/gcc-cross/arm-linux-gnueabihf/6/crtend.o
 .note.GNU-stack
                0x0000000000000000        0x0 /usr/lib/gcc-cross/arm-linux-gnueabihf/6/../../../../arm-linux-gnueabihf/lib/../lib/crtn.o

Memory Configuration

Name             Origin             Length             Attributes
*default*        0x0000000000000000 0xffffffffffffffff

Linker script and memory map

LOAD /usr/lib/gcc-cross/arm-linux-gnueabihf/6/../../../../arm-linux-gnueabihf/lib/../lib/crt1.o
LOAD /usr/lib/gcc-cross/arm-linux-gnueabihf/6/../../../../arm-linux-gnueabihf/lib/../lib/crti.o
LOAD /usr/lib/gcc-cross/arm-linux-gnueabihf/6/crtbegin.o
LOAD Main.o
LOAD Common.o
LOAD CircularBuffer.o
LOAD Timestamp.o
LOAD SharedMemory.o
LOAD ErrorHandling.o
LOAD DebugText.o
LOAD /usr/lib/gcc-cross/arm-linux-gnueabihf/6/../../../../arm-linux-gnueabihf/lib/../lib/libc.so
START GROUP
LOAD /usr/arm-linux-gnueabihf/lib/libc.so.6
LOAD /usr/arm-linux-gnueabihf/lib/libc_nonshared.a
LOAD /usr/arm-linux-gnueabihf/lib/ld-linux-armhf.so.3
END GROUP
LOAD /usr/lib/gcc-cross/arm-linux-gnueabihf/6/libgcc.a
LOAD /usr/lib/gcc-cross/arm-linux-gnueabihf/6/../../../../arm-linux-gnueabihf/lib/../lib/librt.so
LOAD /usr/lib/gcc-cross/arm-linux-gnueabihf/6/libgcc.a
LOAD /usr/lib/gcc-cross/arm-linux-gnueabihf/6/libgcc_s.so
START GROUP
LOAD /usr/lib/gcc-cross/arm-linux-gnueabihf/6/libgcc_s.so.1
LOAD /usr/lib/gcc-cross/arm-linux-gnueabihf/6/libgcc.a
END GROUP
LOAD /usr/lib/gcc-cross/arm-linux-gnueabihf/6/../../../../arm-linux-gnueabihf/lib/../lib/libc.so
START GROUP
LOAD /usr/arm-linux-gnueabihf/lib/libc.so.6
LOAD /usr/arm-linux-gnueabihf/lib/libc_nonshared.a
LOAD /usr/arm-linux-gnueabihf/lib/ld-linux-armhf.so.3
END GROUP
LOAD /usr/lib/gcc-cross/arm-linux-gnueabihf/6/libgcc.a
LOAD /usr/lib/gcc-cross/arm-linux-gnueabihf/6/libgcc_s.so
START GROUP
LOAD /usr/lib/gcc-cross/arm-linux-gnueabihf/6/libgcc_s.so.1
LOAD /usr/lib/gcc-cross/arm-linux-gnueabihf/6/libgcc.a
END GROUP
LOAD /usr/lib/gcc-cross/arm-linux-gnueabihf/6/crtend.o
LOAD /usr/lib/gcc-cross/arm-linux-gnueabihf/6/../../../../arm-linux-gnueabihf/lib/../lib/crtn.o
                [!provide]                        PROVIDE (__executable_start, 0x10000)
                0x0000000000010154                . = (0x10000 + SIZEOF_HEADERS)

.interp         0x0000000000010154       0x19
 *(.interp)
 .interp        0x0000000000010154       0x19 /usr/lib/gcc-cross/arm-linux-gnueabihf/6/../../../../arm-linux-gnueabihf/lib/../lib/crt1.o

.note.ABI-tag   0x0000000000010170       0x20
 .note.ABI-tag  0x0000000000010170       0x20 /usr/lib/gcc-cross/arm-linux-gnueabihf/6/../../../../arm-linux-gnueabihf/lib/../lib/crt1.o

.note.gnu.build-id
                0x0000000000010190       0x24
 *(.note.gnu.build-id)
 .note.gnu.build-id
                0x0000000000010190       0x24 linker stubs

.hash
 *(.hash)

.gnu.hash       0x00000000000101b4       0x68
 *(.gnu.hash)
 .gnu.hash      0x00000000000101b4       0x68 /usr/lib/gcc-cross/arm-linux-gnueabihf/6/../../../../arm-linux-gnueabihf/lib/../lib/crt1.o

.dynsym         0x000000000001021c      0x150
 *(.dynsym)
 .dynsym        0x000000000001021c      0x150 /usr/lib/gcc-cross/arm-linux-gnueabihf/6/../../../../arm-linux-gnueabihf/lib/../lib/crt1.o

.dynstr         0x000000000001036c      0x153
 *(.dynstr)
 .dynstr        0x000000000001036c      0x153 /usr/lib/gcc-cross/arm-linux-gnueabihf/6/../../../../arm-linux-gnueabihf/lib/../lib/crt1.o

.gnu.version    0x00000000000104c0       0x2a
 *(.gnu.version)
 .gnu.version   0x00000000000104c0       0x2a /usr/lib/gcc-cross/arm-linux-gnueabihf/6/../../../../arm-linux-gnueabihf/lib/../lib/crt1.o

.gnu.version_d  0x00000000000104ec        0x0
 *(.gnu.version_d)
 .gnu.version_d
                0x00000000000104ec        0x0 /usr/lib/gcc-cross/arm-linux-gnueabihf/6/../../../../arm-linux-gnueabihf/lib/../lib/crt1.o

.gnu.version_r  0x00000000000104ec       0x80
 *(.gnu.version_r)
 .gnu.version_r
                0x00000000000104ec       0x80 /usr/lib/gcc-cross/arm-linux-gnueabihf/6/../../../../arm-linux-gnueabihf/lib/../lib/crt1.o

.rel.dyn        0x000000000001056c       0x18
 *(.rel.init)
 *(.rel.text .rel.text.* .rel.gnu.linkonce.t.*)
 *(.rel.fini)
 *(.rel.rodata .rel.rodata.* .rel.gnu.linkonce.r.*)
 *(.rel.data.rel.ro .rel.data.rel.ro.* .rel.gnu.linkonce.d.rel.ro.*)
 *(.rel.data .rel.data.* .rel.gnu.linkonce.d.*)
 *(.rel.tdata .rel.tdata.* .rel.gnu.linkonce.td.*)
 *(.rel.tbss .rel.tbss.* .rel.gnu.linkonce.tb.*)
 *(.rel.ctors)
 *(.rel.dtors)
 *(.rel.got)
 .rel.got       0x000000000001056c        0x8 /usr/lib/gcc-cross/arm-linux-gnueabihf/6/../../../../arm-linux-gnueabihf/lib/../lib/crt1.o
 *(.rel.bss .rel.bss.* .rel.gnu.linkonce.b.*)
 .rel.bss       0x0000000000010574       0x10 /usr/lib/gcc-cross/arm-linux-gnueabihf/6/../../../../arm-linux-gnueabihf/lib/../lib/crt1.o
                [!provide]                        PROVIDE (__rel_iplt_start, .)
 *(.rel.iplt)
 .rel.iplt      0x0000000000010584        0x0 /usr/lib/gcc-cross/arm-linux-gnueabihf/6/../../../../arm-linux-gnueabihf/lib/../lib/crt1.o
                [!provide]                        PROVIDE (__rel_iplt_end, .)

.rela.dyn       0x0000000000010584        0x0
 *(.rela.init)
 *(.rela.text .rela.text.* .rela.gnu.linkonce.t.*)
 *(.rela.fini)
 *(.rela.rodata .rela.rodata.* .rela.gnu.linkonce.r.*)
 *(.rela.data .rela.data.* .rela.gnu.linkonce.d.*)
 *(.rela.tdata .rela.tdata.* .rela.gnu.linkonce.td.*)
 *(.rela.tbss .rela.tbss.* .rela.gnu.linkonce.tb.*)
 *(.rela.ctors)
 *(.rela.dtors)
 *(.rela.got)
 *(.rela.bss .rela.bss.* .rela.gnu.linkonce.b.*)
                [!provide]                        PROVIDE (__rela_iplt_start, .)
 *(.rela.iplt)
                [!provide]                        PROVIDE (__rela_iplt_end, .)

.rel.plt        0x0000000000010584       0x70
 *(.rel.plt)
 .rel.plt       0x0000000000010584       0x70 /usr/lib/gcc-cross/arm-linux-gnueabihf/6/../../../../arm-linux-gnueabihf/lib/../lib/crt1.o

.rela.plt
 *(.rela.plt)

.init           0x00000000000105f4        0xc
 *(SORT(.init))
 .init          0x00000000000105f4        0x8 /usr/lib/gcc-cross/arm-linux-gnueabihf/6/../../../../arm-linux-gnueabihf/lib/../lib/crti.o
                0x00000000000105f4                _init
 .init          0x00000000000105fc        0x4 /usr/lib/gcc-cross/arm-linux-gnueabihf/6/../../../../arm-linux-gnueabihf/lib/../lib/crtn.o

.plt            0x0000000000010600       0xc4
 *(.plt)
 .plt           0x0000000000010600       0xc4 /usr/lib/gcc-cross/arm-linux-gnueabihf/6/../../../../arm-linux-gnueabihf/lib/../lib/crt1.o
                0x0000000000010614                raise@@GLIBC_2.4
                0x0000000000010624                fflush@@GLIBC_2.4
                0x0000000000010630                __vsnprintf_chk@@GLIBC_2.4
                0x000000000001063c                memcpy@@GLIBC_2.4
                0x0000000000010648                shm_open@@GLIBC_2.4
                0x0000000000010654                __stack_chk_fail@@GLIBC_2.4
                0x0000000000010660                __libc_start_main@@GLIBC_2.4
                0x0000000000010678                mmap@@GLIBC_2.4
                0x0000000000010684                memset@@GLIBC_2.4
                0x0000000000010690                __fprintf_chk@@GLIBC_2.4
                0x000000000001069c                ftruncate@@GLIBC_2.4
                0x00000000000106ac                msync@@GLIBC_2.4
                0x00000000000106b8                abort@@GLIBC_2.4

.iplt           0x00000000000106c4        0x0
 *(.iplt)
 .iplt          0x00000000000106c4        0x0 /usr/lib/gcc-cross/arm-linux-gnueabihf/6/../../../../arm-linux-gnueabihf/lib/../lib/crt1.o

.text           0x00000000000106c8      0x8bc
 *(.text.unlikely .text.*_unlikely .text.unlikely.*)
 *(.text.exit .text.exit.*)
 *(.text.startup .text.startup.*)
 .text.startup  0x00000000000106c8       0x7c Main.o
                0x00000000000106c8                main
 *(.text.hot .text.hot.*)
 *(.text .stub .text.* .gnu.linkonce.t.*)
 .text          0x0000000000010744       0x30 /usr/lib/gcc-cross/arm-linux-gnueabihf/6/../../../../arm-linux-gnueabihf/lib/../lib/crt1.o
                0x0000000000010744                _start
 .text          0x0000000000010774       0x24 /usr/lib/gcc-cross/arm-linux-gnueabihf/6/../../../../arm-linux-gnueabihf/lib/../lib/crti.o
 .text          0x0000000000010798       0x8c /usr/lib/gcc-cross/arm-linux-gnueabihf/6/crtbegin.o
 .text          0x0000000000010824       0x90 Main.o
                0x0000000000010824                ProcessValue(CircularBuffer*, unsigned int)
 .text          0x00000000000108b4       0x70 Common.o
                0x00000000000108b4                FastSharedBufferInitialiseAsReader
                0x00000000000108c0                FastSharedBufferInitialiseAsWriter
                0x00000000000108d4                FastSharedBufferPut
                0x00000000000108f8                FastSharedBufferGet
 .text          0x0000000000010924      0x1bc CircularBuffer.o
                0x0000000000010924                CircularBufferShow
                0x0000000000010980                CircularBufferInitialiseAsReader
                0x00000000000109a8                CircularBufferInitialiseAsWriter
                0x00000000000109d0                CircularBufferPut
                0x0000000000010a2c                CircularBufferLossyPut
                0x0000000000010a84                CircularBufferGet
 .text          0x0000000000010ae0        0xc Timestamp.o
                0x0000000000010ae0                TimestampInitialise
                0x0000000000010ae4                GetTimestamp
 .text          0x0000000000010aec       0xcc SharedMemory.o
                0x0000000000010aec                SharedMemoryMasterInitialise
                0x0000000000010b5c                SharedMemorySlaveInitialise
                0x0000000000010bac                SharedMemoryFlush
 .text          0x0000000000010bb8       0x10 ErrorHandling.o
                0x0000000000010bb8                PANIC
 .text          0x0000000000010bc8       0xf8 DebugText.o
                0x0000000000010bc8                DebugTextOutput
                0x0000000000010bf0                DebugPrintf
                0x0000000000010c44                NibbleToHex
                0x0000000000010c50                DebugHexDumpBytes
                0x0000000000010cbc                DebugHexDumpWords
 .text          0x0000000000010cc0       0x40 /usr/arm-linux-gnueabihf/lib/libc_nonshared.a(elf-init.oS)
                0x0000000000010cc0                __libc_csu_init
                0x0000000000010cfc                __libc_csu_fini
 .text          0x0000000000010d00      0x278 /usr/lib/gcc-cross/arm-linux-gnueabihf/6/libgcc.a(_udivsi3.o)
                0x0000000000010d00                __aeabi_uidiv
                0x0000000000010d00                __udivsi3
                0x0000000000010f5c                __aeabi_uidivmod
 .text          0x0000000000010f78        0xc /usr/lib/gcc-cross/arm-linux-gnueabihf/6/libgcc.a(_dvmd_lnx.o)
                0x0000000000010f78                __aeabi_ldiv0
                0x0000000000010f78                __aeabi_idiv0
 .text          0x0000000000010f84        0x0 /usr/lib/gcc-cross/arm-linux-gnueabihf/6/crtend.o
 .text          0x0000000000010f84        0x0 /usr/lib/gcc-cross/arm-linux-gnueabihf/6/../../../../arm-linux-gnueabihf/lib/../lib/crtn.o
 *(.gnu.warning)
 *(.glue_7t)
 .glue_7t       0x0000000000010f84        0x0 linker stubs
 *(.glue_7)
 .glue_7        0x0000000000010f84        0x0 linker stubs
 *(.vfp11_veneer)
 .vfp11_veneer  0x0000000000010f84        0x0 linker stubs
 *(.v4_bx)
 .v4_bx         0x0000000000010f84        0x0 linker stubs

.fini           0x0000000000010f84        0x8
 *(SORT(.fini))
 .fini          0x0000000000010f84        0x4 /usr/lib/gcc-cross/arm-linux-gnueabihf/6/../../../../arm-linux-gnueabihf/lib/../lib/crti.o
                0x0000000000010f84                _fini
 .fini          0x0000000000010f88        0x4 /usr/lib/gcc-cross/arm-linux-gnueabihf/6/../../../../arm-linux-gnueabihf/lib/../lib/crtn.o
                [!provide]                        PROVIDE (__etext, .)
                [!provide]                        PROVIDE (_etext, .)
                [!provide]                        PROVIDE (etext, .)

.rodata         0x0000000000010f8c      0x124
 *(.rodata .rodata.* .gnu.linkonce.r.*)
 .rodata.cst4   0x0000000000010f8c        0x4 /usr/lib/gcc-cross/arm-linux-gnueabihf/6/../../../../arm-linux-gnueabihf/lib/../lib/crt1.o
                0x0000000000010f8c                _IO_stdin_used
 .rodata.str1.4
                0x0000000000010f90       0x63 Main.o
 *fill*         0x0000000000010ff3        0x1 
 .rodata.str1.4
                0x0000000000010ff4       0x71 CircularBuffer.o
 *fill*         0x0000000000011065        0x3 
 .rodata        0x0000000000011068        0x4 SharedMemory.o
                0x0000000000011068                SIZE
 .rodata.str1.4
                0x000000000001106c       0x2d SharedMemory.o
 *fill*         0x0000000000011099        0x3 
 .rodata.str1.4
                0x000000000001109c       0x10 ErrorHandling.o
 .rodata.str1.4
                0x00000000000110ac        0x4 DebugText.o
                                          0x6 (size before relaxing)

.rodata1
 *(.rodata1)

.ARM.extab      0x00000000000110b0        0x0
 *(.ARM.extab* .gnu.linkonce.armextab.*)
 .ARM.extab     0x00000000000110b0        0x0 /usr/lib/gcc-cross/arm-linux-gnueabihf/6/../../../../arm-linux-gnueabihf/lib/../lib/crt1.o
 .ARM.extab     0x00000000000110b0        0x0 Main.o
 .ARM.extab.text.startup
                0x00000000000110b0        0x0 Main.o
                [!provide]                        PROVIDE (__exidx_start, .)

.ARM.exidx      0x00000000000110b0       0x20
 *(.ARM.exidx* .gnu.linkonce.armexidx.*)
 .ARM.exidx     0x00000000000110b8        0x8 /usr/lib/gcc-cross/arm-linux-gnueabihf/6/../../../../arm-linux-gnueabihf/lib/../lib/crt1.o
 .ARM.exidx     0x00000000000110c0       0x10 Main.o
                                          0x8 (size before relaxing)
 .ARM.exidx.text.startup
                0x00000000000110b0        0x8 Main.o
                [!provide]                        PROVIDE (__exidx_end, .)

.eh_frame_hdr
 *(.eh_frame_hdr)
 *(.eh_frame_entry .eh_frame_entry.*)

.eh_frame       0x00000000000110d0        0x4
 *(.eh_frame)
 .eh_frame      0x00000000000110d0        0x4 /usr/lib/gcc-cross/arm-linux-gnueabihf/6/crtend.o
 *(.eh_frame.*)

.gcc_except_table
 *(.gcc_except_table .gcc_except_table.*)

.gnu_extab
 *(.gnu_extab*)

.exception_ranges
 *(.exception_ranges .exception_ranges*)
                0x0000000000021ef4                . = DATA_SEGMENT_ALIGN (0x10000, 0x1000)

.eh_frame
 *(.eh_frame)
 *(.eh_frame.*)

.gnu_extab
 *(.gnu_extab)

.gcc_except_table
 *(.gcc_except_table .gcc_except_table.*)

.exception_ranges
 *(.exception_ranges .exception_ranges*)

.tdata
 *(.tdata .tdata.* .gnu.linkonce.td.*)

.tbss
 *(.tbss .tbss.* .gnu.linkonce.tb.*)
 *(.tcommon)

.preinit_array  0x0000000000021ef4        0x0
                [!provide]                        PROVIDE (__preinit_array_start, .)
 *(.preinit_array)
                [!provide]                        PROVIDE (__preinit_array_end, .)

.init_array     0x0000000000021ef4        0x4
                0x0000000000021ef4                PROVIDE (__init_array_start, .)
 *(SORT(.init_array.*) SORT(.ctors.*))
 *(.init_array EXCLUDE_FILE(*crtend?.o *crtend.o *crtbegin?.o *crtbegin.o) .ctors)
 .init_array    0x0000000000021ef4        0x4 /usr/lib/gcc-cross/arm-linux-gnueabihf/6/crtbegin.o
                0x0000000000021ef8                PROVIDE (__init_array_end, .)

.fini_array     0x0000000000021ef8        0x4
                [!provide]                        PROVIDE (__fini_array_start, .)
 *(SORT(.fini_array.*) SORT(.dtors.*))
 *(.fini_array EXCLUDE_FILE(*crtend?.o *crtend.o *crtbegin?.o *crtbegin.o) .dtors)
 .fini_array    0x0000000000021ef8        0x4 /usr/lib/gcc-cross/arm-linux-gnueabihf/6/crtbegin.o
                [!provide]                        PROVIDE (__fini_array_end, .)

.ctors
 *crtbegin.o(.ctors)
 *crtbegin?.o(.ctors)
 *(EXCLUDE_FILE(*crtend?.o *crtend.o) .ctors)
 *(SORT(.ctors.*))
 *(.ctors)

.dtors
 *crtbegin.o(.dtors)
 *crtbegin?.o(.dtors)
 *(EXCLUDE_FILE(*crtend?.o *crtend.o) .dtors)
 *(SORT(.dtors.*))
 *(.dtors)

.jcr            0x0000000000021efc        0x4
 *(.jcr)
 .jcr           0x0000000000021efc        0x0 /usr/lib/gcc-cross/arm-linux-gnueabihf/6/crtbegin.o
 .jcr           0x0000000000021efc        0x4 /usr/lib/gcc-cross/arm-linux-gnueabihf/6/crtend.o

.data.rel.ro
 *(.data.rel.ro.local* .gnu.linkonce.d.rel.ro.local.*)
 *(.data.rel.ro .data.rel.ro.* .gnu.linkonce.d.rel.ro.*)

.dynamic        0x0000000000021f00      0x100
 *(.dynamic)
 .dynamic       0x0000000000021f00      0x100 /usr/lib/gcc-cross/arm-linux-gnueabihf/6/../../../../arm-linux-gnueabihf/lib/../lib/crt1.o
                0x0000000000021f00                _DYNAMIC
                0x0000000000022000                . = DATA_SEGMENT_RELRO_END (., 0x0)

.got            0x0000000000022000       0x48
 *(.got.plt)
 .got.plt       0x0000000000022000       0x44 /usr/lib/gcc-cross/arm-linux-gnueabihf/6/../../../../arm-linux-gnueabihf/lib/../lib/crt1.o
                0x0000000000022000                _GLOBAL_OFFSET_TABLE_
 *(.igot.plt)
 .igot.plt      0x0000000000022044        0x0 /usr/lib/gcc-cross/arm-linux-gnueabihf/6/../../../../arm-linux-gnueabihf/lib/../lib/crt1.o
 *(.got)
 .got           0x0000000000022044        0x4 /usr/lib/gcc-cross/arm-linux-gnueabihf/6/../../../../arm-linux-gnueabihf/lib/../lib/crt1.o
 *(.igot)

.data           0x0000000000022048        0x8
                [!provide]                        PROVIDE (__data_start, .)
 *(.data .data.* .gnu.linkonce.d.*)
 .data          0x0000000000022048        0x4 /usr/lib/gcc-cross/arm-linux-gnueabihf/6/../../../../arm-linux-gnueabihf/lib/../lib/crt1.o
                0x0000000000022048                data_start
                0x0000000000022048                __data_start
 .data          0x000000000002204c        0x0 /usr/lib/gcc-cross/arm-linux-gnueabihf/6/../../../../arm-linux-gnueabihf/lib/../lib/crti.o
 .data          0x000000000002204c        0x4 /usr/lib/gcc-cross/arm-linux-gnueabihf/6/crtbegin.o
                0x000000000002204c                __dso_handle
 .data          0x0000000000022050        0x0 Main.o
 .data          0x0000000000022050        0x0 Common.o
 .data          0x0000000000022050        0x0 CircularBuffer.o
 .data          0x0000000000022050        0x0 Timestamp.o
 .data          0x0000000000022050        0x0 SharedMemory.o
 .data          0x0000000000022050        0x0 ErrorHandling.o
 .data          0x0000000000022050        0x0 DebugText.o
 .data          0x0000000000022050        0x0 /usr/arm-linux-gnueabihf/lib/libc_nonshared.a(elf-init.oS)
 .data          0x0000000000022050        0x0 /usr/lib/gcc-cross/arm-linux-gnueabihf/6/libgcc.a(_udivsi3.o)
 .data          0x0000000000022050        0x0 /usr/lib/gcc-cross/arm-linux-gnueabihf/6/libgcc.a(_dvmd_lnx.o)
 .data          0x0000000000022050        0x0 /usr/lib/gcc-cross/arm-linux-gnueabihf/6/crtend.o
 .data          0x0000000000022050        0x0 /usr/lib/gcc-cross/arm-linux-gnueabihf/6/../../../../arm-linux-gnueabihf/lib/../lib/crtn.o

.tm_clone_table
                0x0000000000022050        0x0
 .tm_clone_table
                0x0000000000022050        0x0 /usr/lib/gcc-cross/arm-linux-gnueabihf/6/crtbegin.o
 .tm_clone_table
                0x0000000000022050        0x0 /usr/lib/gcc-cross/arm-linux-gnueabihf/6/crtend.o

.data1
 *(.data1)
                0x0000000000022050                _edata = .
                [!provide]                        PROVIDE (edata, .)
                0x0000000000022050                . = .
                0x0000000000022050                __bss_start = .
                0x0000000000022050                __bss_start__ = .

.bss            0x0000000000022050      0x118
 *(.dynbss)
 .dynbss        0x0000000000022050        0x8 /usr/lib/gcc-cross/arm-linux-gnueabihf/6/../../../../arm-linux-gnueabihf/lib/../lib/crt1.o
                0x0000000000022050                __stack_chk_guard@@GLIBC_2.4
                0x0000000000022054                stdout@@GLIBC_2.4
 *(.bss .bss.* .gnu.linkonce.b.*)
 .bss           0x0000000000022058        0x0 /usr/lib/gcc-cross/arm-linux-gnueabihf/6/../../../../arm-linux-gnueabihf/lib/../lib/crt1.o
 .bss           0x0000000000022058        0x0 /usr/lib/gcc-cross/arm-linux-gnueabihf/6/../../../../arm-linux-gnueabihf/lib/../lib/crti.o
 .bss           0x0000000000022058        0x1 /usr/lib/gcc-cross/arm-linux-gnueabihf/6/crtbegin.o
 *fill*         0x0000000000022059        0x3 
 .bss           0x000000000002205c        0x9 Main.o
                0x000000000002205c                started
                0x0000000000022060                checkValue
 .bss           0x0000000000022065        0x0 Common.o
 .bss           0x0000000000022065        0x0 CircularBuffer.o
 .bss           0x0000000000022065        0x0 Timestamp.o
 .bss           0x0000000000022065        0x0 SharedMemory.o
 .bss           0x0000000000022065        0x0 ErrorHandling.o
 *fill*         0x0000000000022065        0x3 
 .bss           0x0000000000022068      0x100 DebugText.o
 .bss           0x0000000000022168        0x0 /usr/arm-linux-gnueabihf/lib/libc_nonshared.a(elf-init.oS)
 .bss           0x0000000000022168        0x0 /usr/lib/gcc-cross/arm-linux-gnueabihf/6/libgcc.a(_udivsi3.o)
 .bss           0x0000000000022168        0x0 /usr/lib/gcc-cross/arm-linux-gnueabihf/6/libgcc.a(_dvmd_lnx.o)
 .bss           0x0000000000022168        0x0 /usr/lib/gcc-cross/arm-linux-gnueabihf/6/crtend.o
 .bss           0x0000000000022168        0x0 /usr/lib/gcc-cross/arm-linux-gnueabihf/6/../../../../arm-linux-gnueabihf/lib/../lib/crtn.o
 *(COMMON)
                0x0000000000022168                . = ALIGN ((. != 0x0)?0x4:0x1)
                0x0000000000022168                _bss_end__ = .
                0x0000000000022168                __bss_end__ = .
                0x0000000000022168                . = ALIGN (0x4)
                0x0000000000022168                . = SEGMENT_START ("ldata-segment", .)
                0x0000000000022168                . = ALIGN (0x4)
                0x0000000000022168                __end__ = .
                0x0000000000022168                _end = .
                [!provide]                        PROVIDE (end, .)
                0x0000000000022168                . = DATA_SEGMENT_END (.)

.stab
 *(.stab)

.stabstr
 *(.stabstr)

.stab.excl
 *(.stab.excl)

.stab.exclstr
 *(.stab.exclstr)

.stab.index
 *(.stab.index)

.stab.indexstr
 *(.stab.indexstr)

.comment        0x0000000000000000       0x2d
 *(.comment)
 .comment       0x0000000000000000       0x2d /usr/lib/gcc-cross/arm-linux-gnueabihf/6/crtbegin.o
                                         0x2e (size before relaxing)
 .comment       0x000000000000002d       0x2e Main.o
 .comment       0x000000000000002d       0x2e Common.o
 .comment       0x000000000000002d       0x2e CircularBuffer.o
 .comment       0x000000000000002d       0x2e Timestamp.o
 .comment       0x000000000000002d       0x2e SharedMemory.o
 .comment       0x000000000000002d       0x2e ErrorHandling.o
 .comment       0x000000000000002d       0x2e DebugText.o
 .comment       0x000000000000002d       0x2e /usr/lib/gcc-cross/arm-linux-gnueabihf/6/crtend.o

.ARM.attributes
                0x0000000000000000       0x35
 .ARM.attributes
                0x0000000000000000       0x33 /usr/lib/gcc-cross/arm-linux-gnueabihf/6/../../../../arm-linux-gnueabihf/lib/../lib/crt1.o
 .ARM.attributes
                0x0000000000000033       0x27 /usr/lib/gcc-cross/arm-linux-gnueabihf/6/../../../../arm-linux-gnueabihf/lib/../lib/crti.o
 .ARM.attributes
                0x000000000000005a       0x33 /usr/lib/gcc-cross/arm-linux-gnueabihf/6/crtbegin.o
 .ARM.attributes
                0x000000000000008d       0x35 Main.o
 .ARM.attributes
                0x00000000000000c2       0x35 Common.o
 .ARM.attributes
                0x00000000000000f7       0x35 CircularBuffer.o
 .ARM.attributes
                0x000000000000012c       0x35 Timestamp.o
 .ARM.attributes
                0x0000000000000161       0x35 SharedMemory.o
 .ARM.attributes
                0x0000000000000196       0x35 ErrorHandling.o
 .ARM.attributes
                0x00000000000001cb       0x35 DebugText.o
 .ARM.attributes
                0x0000000000000200       0x35 /usr/arm-linux-gnueabihf/lib/libc_nonshared.a(elf-init.oS)
 .ARM.attributes
                0x0000000000000235       0x21 /usr/lib/gcc-cross/arm-linux-gnueabihf/6/libgcc.a(_udivsi3.o)
 .ARM.attributes
                0x0000000000000256       0x21 /usr/lib/gcc-cross/arm-linux-gnueabihf/6/libgcc.a(_dvmd_lnx.o)
 .ARM.attributes
                0x0000000000000277       0x33 /usr/lib/gcc-cross/arm-linux-gnueabihf/6/crtend.o
 .ARM.attributes
                0x00000000000002aa       0x27 /usr/lib/gcc-cross/arm-linux-gnueabihf/6/../../../../arm-linux-gnueabihf/lib/../lib/crtn.o

.debug
 *(.debug)

.line
 *(.line)

.debug_srcinfo
 *(.debug_srcinfo)

.debug_sfnames
 *(.debug_sfnames)

.debug_aranges  0x0000000000000000       0xe8
 *(.debug_aranges)
 .debug_aranges
                0x0000000000000000       0x28 Main.o
 .debug_aranges
                0x0000000000000028       0x20 Common.o
 .debug_aranges
                0x0000000000000048       0x20 CircularBuffer.o
 .debug_aranges
                0x0000000000000068       0x20 Timestamp.o
 .debug_aranges
                0x0000000000000088       0x20 SharedMemory.o
 .debug_aranges
                0x00000000000000a8       0x20 ErrorHandling.o
 .debug_aranges
                0x00000000000000c8       0x20 DebugText.o

.debug_pubnames
 *(.debug_pubnames)

.debug_info     0x0000000000000000     0x1a2b
 *(.debug_info .gnu.linkonce.wi.*)
 .debug_info    0x0000000000000000      0x752 Main.o
 .debug_info    0x0000000000000752      0x1ba Common.o
 .debug_info    0x000000000000090c      0x55a CircularBuffer.o
 .debug_info    0x0000000000000e66       0xba Timestamp.o
 .debug_info    0x0000000000000f20      0x3b5 SharedMemory.o
 .debug_info    0x00000000000012d5       0xa0 ErrorHandling.o
 .debug_info    0x0000000000001375      0x6b6 DebugText.o

.debug_abbrev   0x0000000000000000      0x926
 *(.debug_abbrev)
 .debug_abbrev  0x0000000000000000      0x1fa Main.o
 .debug_abbrev  0x00000000000001fa       0xff Common.o
 .debug_abbrev  0x00000000000002f9      0x17b CircularBuffer.o
 .debug_abbrev  0x0000000000000474       0x76 Timestamp.o
 .debug_abbrev  0x00000000000004ea      0x193 SharedMemory.o
 .debug_abbrev  0x000000000000067d       0x6a ErrorHandling.o
 .debug_abbrev  0x00000000000006e7      0x23f DebugText.o

.debug_line     0x0000000000000000      0xcc7
 *(.debug_line .debug_line.* .debug_line_end)
 .debug_line    0x0000000000000000      0x32c Main.o
 .debug_line    0x000000000000032c       0xa4 Common.o
 .debug_line    0x00000000000003d0      0x2d2 CircularBuffer.o
 .debug_line    0x00000000000006a2      0x115 Timestamp.o
 .debug_line    0x00000000000007b7      0x1fe SharedMemory.o
 .debug_line    0x00000000000009b5       0xea ErrorHandling.o
 .debug_line    0x0000000000000a9f      0x228 DebugText.o

.debug_frame    0x0000000000000000      0x2fc
 *(.debug_frame)
 .debug_frame   0x0000000000000000       0x54 Main.o
 .debug_frame   0x0000000000000054       0x68 Common.o
 .debug_frame   0x00000000000000bc       0xd0 CircularBuffer.o
 .debug_frame   0x000000000000018c       0x30 Timestamp.o
 .debug_frame   0x00000000000001bc       0x64 SharedMemory.o
 .debug_frame   0x0000000000000220       0x28 ErrorHandling.o
 .debug_frame   0x0000000000000248       0xb4 DebugText.o

.debug_str      0x0000000000000000      0xa82
 *(.debug_str)
 .debug_str     0x0000000000000000      0x537 Main.o
                                        0x5e7 (size before relaxing)
 .debug_str     0x0000000000000537       0xec Common.o
                                        0x223 (size before relaxing)
 .debug_str     0x0000000000000623      0x152 CircularBuffer.o
                                        0x34e (size before relaxing)
 .debug_str     0x0000000000000775       0x75 Timestamp.o
                                        0x1bf (size before relaxing)
 .debug_str     0x00000000000007ea       0xf9 SharedMemory.o
                                        0x2a4 (size before relaxing)
 .debug_str     0x00000000000008e3       0x61 ErrorHandling.o
                                        0x19d (size before relaxing)
 .debug_str     0x0000000000000944      0x13e DebugText.o
                                        0x4cc (size before relaxing)

.debug_loc      0x0000000000000000      0x8e8
 *(.debug_loc)
 .debug_loc     0x0000000000000000       0xc3 Main.o
 .debug_loc     0x00000000000000c3       0x66 Common.o
 .debug_loc     0x0000000000000129      0x4ca CircularBuffer.o
 .debug_loc     0x00000000000005f3       0x1f Timestamp.o
 .debug_loc     0x0000000000000612      0x181 SharedMemory.o
 .debug_loc     0x0000000000000793      0x155 DebugText.o

.debug_macinfo
 *(.debug_macinfo)

.debug_weaknames
 *(.debug_weaknames)

.debug_funcnames
 *(.debug_funcnames)

.debug_typenames
 *(.debug_typenames)

.debug_varnames
 *(.debug_varnames)

.debug_pubtypes
 *(.debug_pubtypes)

.debug_ranges   0x0000000000000000      0x118
 *(.debug_ranges)
 .debug_ranges  0x0000000000000000       0x18 Main.o
 .debug_ranges  0x0000000000000018       0x88 CircularBuffer.o
 .debug_ranges  0x00000000000000a0       0x78 DebugText.o

.debug_macro
 *(.debug_macro)

.gnu.attributes
 *(.gnu.attributes)

.note.gnu.arm.ident
 *(.note.gnu.arm.ident)

/DISCARD/
 *(.note.GNU-stack)
 *(.gnu_debuglink)
 *(.gnu.lto_*)
OUTPUT(Main.elf elf32-littlearm)
