Archive member included to satisfy reference by file (symbol)

/usr/arm-linux-gnueabihf/lib/libc_nonshared.a(elf-init.oS)
                              /usr/lib/gcc-cross/arm-linux-gnueabihf/6/../../../../arm-linux-gnueabihf/lib/../lib/crt1.o (__libc_csu_init)
/usr/lib/gcc-cross/arm-linux-gnueabihf/6/libgcc.a(_udivsi3.o)
                              CircularBuffer.o (__aeabi_uidivmod)
/usr/lib/gcc-cross/arm-linux-gnueabihf/6/libgcc.a(_dvmd_lnx.o)
                              /usr/lib/gcc-cross/arm-linux-gnueabihf/6/libgcc.a(_udivsi3.o) (__aeabi_idiv0)

As-needed library included to satisfy reference by file (symbol)

libc.so.6                     Main.o (fflush@@GLIBC_2.4)
ld-linux-armhf.so.3           Main.o (__stack_chk_guard@@GLIBC_2.4)
librt.so.1                    SharedMemory.o (shm_open@@GLIBC_2.4)
libgcc_s.so.1                 Main.o (__aeabi_unwind_cpp_pr0@@GCC_3.5)

Discarded input sections

 .note.GNU-stack
                0x0000000000000000        0x0 /usr/lib/gcc-cross/arm-linux-gnueabihf/6/../../../../arm-linux-gnueabihf/lib/../lib/crt1.o
 .note.GNU-stack
                0x0000000000000000        0x0 /usr/lib/gcc-cross/arm-linux-gnueabihf/6/../../../../arm-linux-gnueabihf/lib/../lib/crti.o
 .note.GNU-stack
                0x0000000000000000        0x0 /usr/lib/gcc-cross/arm-linux-gnueabihf/6/crtbegin.o
 .group         0x0000000000000000       0x10 Main.o
 .group         0x0000000000000000        0x8 Main.o
 .group         0x0000000000000000        0x8 Main.o
 .group         0x0000000000000000        0x8 Main.o
 .group         0x0000000000000000        0x8 Main.o
 .note.GNU-stack
                0x0000000000000000        0x0 Main.o
 .note.GNU-stack
                0x0000000000000000        0x0 Common.o
 .note.GNU-stack
                0x0000000000000000        0x0 CircularBuffer.o
 .note.GNU-stack
                0x0000000000000000        0x0 Timestamp.o
 .note.GNU-stack
                0x0000000000000000        0x0 SharedMemory.o
 .note.GNU-stack
                0x0000000000000000        0x0 ErrorHandling.o
 .note.GNU-stack
                0x0000000000000000        0x0 DebugText.o
 .note.GNU-stack
                0x0000000000000000        0x0 /usr/arm-linux-gnueabihf/lib/libc_nonshared.a(elf-init.oS)
 .note.GNU-stack
                0x0000000000000000        0x0 /usr/lib/gcc-cross/arm-linux-gnueabihf/6/libgcc.a(_udivsi3.o)
 .note.GNU-stack
                0x0000000000000000        0x0 /usr/lib/gcc-cross/arm-linux-gnueabihf/6/libgcc.a(_dvmd_lnx.o)
 .note.GNU-stack
                0x0000000000000000        0x0 /usr/lib/gcc-cross/arm-linux-gnueabihf/6/crtend.o
 .note.GNU-stack
                0x0000000000000000        0x0 /usr/lib/gcc-cross/arm-linux-gnueabihf/6/../../../../arm-linux-gnueabihf/lib/../lib/crtn.o

Memory Configuration

Name             Origin             Length             Attributes
*default*        0x0000000000000000 0xffffffffffffffff

Linker script and memory map

LOAD /usr/lib/gcc-cross/arm-linux-gnueabihf/6/../../../../arm-linux-gnueabihf/lib/../lib/crt1.o
LOAD /usr/lib/gcc-cross/arm-linux-gnueabihf/6/../../../../arm-linux-gnueabihf/lib/../lib/crti.o
LOAD /usr/lib/gcc-cross/arm-linux-gnueabihf/6/crtbegin.o
LOAD Main.o
LOAD Common.o
LOAD CircularBuffer.o
LOAD Timestamp.o
LOAD SharedMemory.o
LOAD ErrorHandling.o
LOAD DebugText.o
LOAD /usr/lib/gcc-cross/arm-linux-gnueabihf/6/../../../../arm-linux-gnueabihf/lib/../lib/libc.so
START GROUP
LOAD /usr/arm-linux-gnueabihf/lib/libc.so.6
LOAD /usr/arm-linux-gnueabihf/lib/libc_nonshared.a
LOAD /usr/arm-linux-gnueabihf/lib/ld-linux-armhf.so.3
END GROUP
LOAD /usr/lib/gcc-cross/arm-linux-gnueabihf/6/libgcc.a
LOAD /usr/lib/gcc-cross/arm-linux-gnueabihf/6/../../../../arm-linux-gnueabihf/lib/../lib/librt.so
LOAD /usr/lib/gcc-cross/arm-linux-gnueabihf/6/libgcc.a
LOAD /usr/lib/gcc-cross/arm-linux-gnueabihf/6/libgcc_s.so
START GROUP
LOAD /usr/lib/gcc-cross/arm-linux-gnueabihf/6/libgcc_s.so.1
LOAD /usr/lib/gcc-cross/arm-linux-gnueabihf/6/libgcc.a
END GROUP
LOAD /usr/lib/gcc-cross/arm-linux-gnueabihf/6/../../../../arm-linux-gnueabihf/lib/../lib/libc.so
START GROUP
LOAD /usr/arm-linux-gnueabihf/lib/libc.so.6
LOAD /usr/arm-linux-gnueabihf/lib/libc_nonshared.a
LOAD /usr/arm-linux-gnueabihf/lib/ld-linux-armhf.so.3
END GROUP
LOAD /usr/lib/gcc-cross/arm-linux-gnueabihf/6/libgcc.a
LOAD /usr/lib/gcc-cross/arm-linux-gnueabihf/6/libgcc_s.so
START GROUP
LOAD /usr/lib/gcc-cross/arm-linux-gnueabihf/6/libgcc_s.so.1
LOAD /usr/lib/gcc-cross/arm-linux-gnueabihf/6/libgcc.a
END GROUP
LOAD /usr/lib/gcc-cross/arm-linux-gnueabihf/6/crtend.o
LOAD /usr/lib/gcc-cross/arm-linux-gnueabihf/6/../../../../arm-linux-gnueabihf/lib/../lib/crtn.o
                [!provide]                        PROVIDE (__executable_start, 0x10000)
                0x0000000000010154                . = (0x10000 + SIZEOF_HEADERS)

.interp         0x0000000000010154       0x19
 *(.interp)
 .interp        0x0000000000010154       0x19 /usr/lib/gcc-cross/arm-linux-gnueabihf/6/../../../../arm-linux-gnueabihf/lib/../lib/crt1.o

.note.ABI-tag   0x0000000000010170       0x20
 .note.ABI-tag  0x0000000000010170       0x20 /usr/lib/gcc-cross/arm-linux-gnueabihf/6/../../../../arm-linux-gnueabihf/lib/../lib/crt1.o

.note.gnu.build-id
                0x0000000000010190       0x24
 *(.note.gnu.build-id)
 .note.gnu.build-id
                0x0000000000010190       0x24 linker stubs

.hash
 *(.hash)

.gnu.hash       0x00000000000101b4       0xb4
 *(.gnu.hash)
 .gnu.hash      0x00000000000101b4       0xb4 /usr/lib/gcc-cross/arm-linux-gnueabihf/6/../../../../arm-linux-gnueabihf/lib/../lib/crt1.o

.dynsym         0x0000000000010268      0x1a0
 *(.dynsym)
 .dynsym        0x0000000000010268      0x1a0 /usr/lib/gcc-cross/arm-linux-gnueabihf/6/../../../../arm-linux-gnueabihf/lib/../lib/crt1.o

.dynstr         0x0000000000010408      0x172
 *(.dynstr)
 .dynstr        0x0000000000010408      0x172 /usr/lib/gcc-cross/arm-linux-gnueabihf/6/../../../../arm-linux-gnueabihf/lib/../lib/crt1.o

.gnu.version    0x000000000001057a       0x34
 *(.gnu.version)
 .gnu.version   0x000000000001057a       0x34 /usr/lib/gcc-cross/arm-linux-gnueabihf/6/../../../../arm-linux-gnueabihf/lib/../lib/crt1.o

.gnu.version_d  0x00000000000105b0        0x0
 *(.gnu.version_d)
 .gnu.version_d
                0x00000000000105b0        0x0 /usr/lib/gcc-cross/arm-linux-gnueabihf/6/../../../../arm-linux-gnueabihf/lib/../lib/crt1.o

.gnu.version_r  0x00000000000105b0       0x80
 *(.gnu.version_r)
 .gnu.version_r
                0x00000000000105b0       0x80 /usr/lib/gcc-cross/arm-linux-gnueabihf/6/../../../../arm-linux-gnueabihf/lib/../lib/crt1.o

.rel.dyn        0x0000000000010630       0x18
 *(.rel.init)
 *(.rel.text .rel.text.* .rel.gnu.linkonce.t.*)
 *(.rel.fini)
 *(.rel.rodata .rel.rodata.* .rel.gnu.linkonce.r.*)
 *(.rel.data.rel.ro .rel.data.rel.ro.* .rel.gnu.linkonce.d.rel.ro.*)
 *(.rel.data .rel.data.* .rel.gnu.linkonce.d.*)
 *(.rel.tdata .rel.tdata.* .rel.gnu.linkonce.td.*)
 *(.rel.tbss .rel.tbss.* .rel.gnu.linkonce.tb.*)
 *(.rel.ctors)
 *(.rel.dtors)
 *(.rel.got)
 .rel.got       0x0000000000010630        0x8 /usr/lib/gcc-cross/arm-linux-gnueabihf/6/../../../../arm-linux-gnueabihf/lib/../lib/crt1.o
 *(.rel.bss .rel.bss.* .rel.gnu.linkonce.b.*)
 .rel.bss       0x0000000000010638       0x10 /usr/lib/gcc-cross/arm-linux-gnueabihf/6/../../../../arm-linux-gnueabihf/lib/../lib/crt1.o
                [!provide]                        PROVIDE (__rel_iplt_start, .)
 *(.rel.iplt)
 .rel.iplt      0x0000000000010648        0x0 /usr/lib/gcc-cross/arm-linux-gnueabihf/6/../../../../arm-linux-gnueabihf/lib/../lib/crt1.o
                [!provide]                        PROVIDE (__rel_iplt_end, .)

.rela.dyn       0x0000000000010648        0x0
 *(.rela.init)
 *(.rela.text .rela.text.* .rela.gnu.linkonce.t.*)
 *(.rela.fini)
 *(.rela.rodata .rela.rodata.* .rela.gnu.linkonce.r.*)
 *(.rela.data .rela.data.* .rela.gnu.linkonce.d.*)
 *(.rela.tdata .rela.tdata.* .rela.gnu.linkonce.td.*)
 *(.rela.tbss .rela.tbss.* .rela.gnu.linkonce.tb.*)
 *(.rela.ctors)
 *(.rela.dtors)
 *(.rela.got)
 *(.rela.bss .rela.bss.* .rela.gnu.linkonce.b.*)
                [!provide]                        PROVIDE (__rela_iplt_start, .)
 *(.rela.iplt)
                [!provide]                        PROVIDE (__rela_iplt_end, .)

.rel.plt        0x0000000000010648       0x98
 *(.rel.plt)
 .rel.plt       0x0000000000010648       0x98 /usr/lib/gcc-cross/arm-linux-gnueabihf/6/../../../../arm-linux-gnueabihf/lib/../lib/crt1.o

.rela.plt
 *(.rela.plt)

.init           0x00000000000106e0        0xc
 *(SORT(.init))
 .init          0x00000000000106e0        0x8 /usr/lib/gcc-cross/arm-linux-gnueabihf/6/../../../../arm-linux-gnueabihf/lib/../lib/crti.o
                0x00000000000106e0                _init
 .init          0x00000000000106e8        0x4 /usr/lib/gcc-cross/arm-linux-gnueabihf/6/../../../../arm-linux-gnueabihf/lib/../lib/crtn.o

.plt            0x00000000000106ec      0x100
 *(.plt)
 .plt           0x00000000000106ec      0x100 /usr/lib/gcc-cross/arm-linux-gnueabihf/6/../../../../arm-linux-gnueabihf/lib/../lib/crt1.o
                0x0000000000010700                raise@@GLIBC_2.4
                0x0000000000010710                fflush@@GLIBC_2.4
                0x000000000001071c                __vsnprintf_chk@@GLIBC_2.4
                0x0000000000010728                memcpy@@GLIBC_2.4
                0x0000000000010734                shm_open@@GLIBC_2.4
                0x0000000000010740                __stack_chk_fail@@GLIBC_2.4
                0x000000000001074c                perror@@GLIBC_2.4
                0x0000000000010758                __libc_start_main@@GLIBC_2.4
                0x0000000000010770                open@@GLIBC_2.4
                0x000000000001077c                exit@@GLIBC_2.4
                0x0000000000010788                mmap@@GLIBC_2.4
                0x0000000000010794                memset@@GLIBC_2.4
                0x00000000000107a0                __printf_chk@@GLIBC_2.4
                0x00000000000107ac                __fprintf_chk@@GLIBC_2.4
                0x00000000000107b8                ftruncate@@GLIBC_2.4
                0x00000000000107c8                msync@@GLIBC_2.4
                0x00000000000107d4                abort@@GLIBC_2.4
                0x00000000000107e0                close@@GLIBC_2.4

.iplt           0x00000000000107ec        0x0
 *(.iplt)
 .iplt          0x00000000000107ec        0x0 /usr/lib/gcc-cross/arm-linux-gnueabihf/6/../../../../arm-linux-gnueabihf/lib/../lib/crt1.o

.text           0x00000000000107f0     0x10bc
 *(.text.unlikely .text.*_unlikely .text.unlikely.*)
 *(.text.exit .text.exit.*)
 *(.text.startup .text.startup.*)
 .text.startup  0x00000000000107f0      0x17c Main.o
                0x00000000000107f0                main
 *(.text.hot .text.hot.*)
 *(.text .stub .text.* .gnu.linkonce.t.*)
 .text          0x000000000001096c       0x30 /usr/lib/gcc-cross/arm-linux-gnueabihf/6/../../../../arm-linux-gnueabihf/lib/../lib/crt1.o
                0x000000000001096c                _start
 .text          0x000000000001099c       0x24 /usr/lib/gcc-cross/arm-linux-gnueabihf/6/../../../../arm-linux-gnueabihf/lib/../lib/crti.o
 .text          0x00000000000109c0       0x8c /usr/lib/gcc-cross/arm-linux-gnueabihf/6/crtbegin.o
 .text          0x0000000000010a4c      0x130 Main.o
                0x0000000000010a4c                ProcessValue(CircularBuffer*, unsigned int)
                0x0000000000010adc                SetupCounter64()
                0x0000000000010b50                GetCounter64()
 .text._ZN9SchedulerILj100E3PWMILj100000ELj0ELh255EE15UARTReceiver8N1ILj8ELj3ELh2ELj1024EES3_9I2CMasterILj5ELj10ELh4ELh8EES3_S3_S3_S3_E18PeriodicProcessingEyhRh
                0x0000000000010b7c      0x6d0 Main.o
                0x0000000000010b7c                Scheduler<100u, PWM<100000u, 0u, (unsigned char)255>, UARTReceiver8N1<8u, 3u, (unsigned char)2, 1024u>, UARTReceiver8N1<8u, 3u, (unsigned char)2, 1024u>, I2CMaster<5u, 10u, (unsigned char)4, (unsigned char)8>, UARTReceiver8N1<8u, 3u, (unsigned char)2, 1024u>, UARTReceiver8N1<8u, 3u, (unsigned char)2, 1024u>, UARTReceiver8N1<8u, 3u, (unsigned char)2, 1024u>, UARTReceiver8N1<8u, 3u, (unsigned char)2, 1024u> >::PeriodicProcessing(unsigned long long, unsigned char, unsigned char&)
 .text          0x000000000001124c        0x0 Common.o
 .text          0x000000000001124c      0x1bc CircularBuffer.o
                0x000000000001124c                CircularBufferShow
                0x00000000000112a8                CircularBufferInitialiseAsReader
                0x00000000000112d0                CircularBufferInitialiseAsWriter
                0x00000000000112f8                CircularBufferPut
                0x0000000000011354                CircularBufferLossyPut
                0x00000000000113ac                CircularBufferGet
 .text          0x0000000000011408        0xc Timestamp.o
                0x0000000000011408                TimestampInitialise
                0x000000000001140c                GetTimestamp
 .text          0x0000000000011414       0xcc SharedMemory.o
                0x0000000000011414                SharedMemoryMasterInitialise
                0x0000000000011484                SharedMemorySlaveInitialise
                0x00000000000114d4                SharedMemoryFlush
 .text          0x00000000000114e0       0x10 ErrorHandling.o
                0x00000000000114e0                PANIC
 .text          0x00000000000114f0       0xf8 DebugText.o
                0x00000000000114f0                DebugTextOutput
                0x0000000000011518                DebugPrintf
                0x000000000001156c                NibbleToHex
                0x0000000000011578                DebugHexDumpBytes
                0x00000000000115e4                DebugHexDumpWords
 .text          0x00000000000115e8       0x40 /usr/arm-linux-gnueabihf/lib/libc_nonshared.a(elf-init.oS)
                0x00000000000115e8                __libc_csu_init
                0x0000000000011624                __libc_csu_fini
 .text          0x0000000000011628      0x278 /usr/lib/gcc-cross/arm-linux-gnueabihf/6/libgcc.a(_udivsi3.o)
                0x0000000000011628                __aeabi_uidiv
                0x0000000000011628                __udivsi3
                0x0000000000011884                __aeabi_uidivmod
 .text          0x00000000000118a0        0xc /usr/lib/gcc-cross/arm-linux-gnueabihf/6/libgcc.a(_dvmd_lnx.o)
                0x00000000000118a0                __aeabi_ldiv0
                0x00000000000118a0                __aeabi_idiv0
 .text          0x00000000000118ac        0x0 /usr/lib/gcc-cross/arm-linux-gnueabihf/6/crtend.o
 .text          0x00000000000118ac        0x0 /usr/lib/gcc-cross/arm-linux-gnueabihf/6/../../../../arm-linux-gnueabihf/lib/../lib/crtn.o
 *(.gnu.warning)
 *(.glue_7t)
 .glue_7t       0x00000000000118ac        0x0 linker stubs
 *(.glue_7)
 .glue_7        0x00000000000118ac        0x0 linker stubs
 *(.vfp11_veneer)
 .vfp11_veneer  0x00000000000118ac        0x0 linker stubs
 *(.v4_bx)
 .v4_bx         0x00000000000118ac        0x0 linker stubs

.fini           0x00000000000118ac        0x8
 *(SORT(.fini))
 .fini          0x00000000000118ac        0x4 /usr/lib/gcc-cross/arm-linux-gnueabihf/6/../../../../arm-linux-gnueabihf/lib/../lib/crti.o
                0x00000000000118ac                _fini
 .fini          0x00000000000118b0        0x4 /usr/lib/gcc-cross/arm-linux-gnueabihf/6/../../../../arm-linux-gnueabihf/lib/../lib/crtn.o
                [!provide]                        PROVIDE (__etext, .)
                [!provide]                        PROVIDE (_etext, .)
                [!provide]                        PROVIDE (etext, .)

.rodata         0x00000000000118b4      0x144
 *(.rodata .rodata.* .gnu.linkonce.r.*)
 .rodata.cst4   0x00000000000118b4        0x4 /usr/lib/gcc-cross/arm-linux-gnueabihf/6/../../../../arm-linux-gnueabihf/lib/../lib/crt1.o
                0x00000000000118b4                _IO_stdin_used
 .rodata.str1.4
                0x00000000000118b8       0x82 Main.o
 *fill*         0x000000000001193a        0x2 
 .rodata.str1.4
                0x000000000001193c       0x71 CircularBuffer.o
 *fill*         0x00000000000119ad        0x3 
 .rodata        0x00000000000119b0        0x4 SharedMemory.o
                0x00000000000119b0                SIZE
 .rodata.str1.4
                0x00000000000119b4       0x2d SharedMemory.o
 *fill*         0x00000000000119e1        0x3 
 .rodata.str1.4
                0x00000000000119e4       0x10 ErrorHandling.o
 .rodata.str1.4
                0x00000000000119f4        0x4 DebugText.o
                                          0x6 (size before relaxing)

.rodata1
 *(.rodata1)

.ARM.extab      0x00000000000119f8        0x0
 *(.ARM.extab* .gnu.linkonce.armextab.*)
 .ARM.extab     0x00000000000119f8        0x0 /usr/lib/gcc-cross/arm-linux-gnueabihf/6/../../../../arm-linux-gnueabihf/lib/../lib/crt1.o
 .ARM.extab     0x00000000000119f8        0x0 Main.o
 .ARM.extab.text._ZN9SchedulerILj100E3PWMILj100000ELj0ELh255EE15UARTReceiver8N1ILj8ELj3ELh2ELj1024EES3_9I2CMasterILj5ELj10ELh4ELh8EES3_S3_S3_S3_E18PeriodicProcessingEyhRh
                0x00000000000119f8        0x0 Main.o
 .ARM.extab.text.startup
                0x00000000000119f8        0x0 Main.o
                [!provide]                        PROVIDE (__exidx_start, .)

.ARM.exidx      0x00000000000119f8       0x28
 *(.ARM.exidx* .gnu.linkonce.armexidx.*)
 .ARM.exidx     0x0000000000011a00        0x8 /usr/lib/gcc-cross/arm-linux-gnueabihf/6/../../../../arm-linux-gnueabihf/lib/../lib/crt1.o
 .ARM.exidx     0x0000000000011a08       0x18 Main.o
 .ARM.exidx.text._ZN9SchedulerILj100E3PWMILj100000ELj0ELh255EE15UARTReceiver8N1ILj8ELj3ELh2ELj1024EES3_9I2CMasterILj5ELj10ELh4ELh8EES3_S3_S3_S3_E18PeriodicProcessingEyhRh
                0x0000000000011a20        0x0 Main.o
                                          0x8 (size before relaxing)
 .ARM.exidx.text.startup
                0x00000000000119f8        0x8 Main.o
                [!provide]                        PROVIDE (__exidx_end, .)

.eh_frame_hdr
 *(.eh_frame_hdr)
 *(.eh_frame_entry .eh_frame_entry.*)

.eh_frame       0x0000000000011a20        0x4
 *(.eh_frame)
 .eh_frame      0x0000000000011a20        0x4 /usr/lib/gcc-cross/arm-linux-gnueabihf/6/crtend.o
 *(.eh_frame.*)

.gcc_except_table
 *(.gcc_except_table .gcc_except_table.*)

.gnu_extab
 *(.gnu_extab*)

.exception_ranges
 *(.exception_ranges .exception_ranges*)
                0x0000000000021ef4                . = DATA_SEGMENT_ALIGN (0x10000, 0x1000)

.eh_frame
 *(.eh_frame)
 *(.eh_frame.*)

.gnu_extab
 *(.gnu_extab)

.gcc_except_table
 *(.gcc_except_table .gcc_except_table.*)

.exception_ranges
 *(.exception_ranges .exception_ranges*)

.tdata
 *(.tdata .tdata.* .gnu.linkonce.td.*)

.tbss
 *(.tbss .tbss.* .gnu.linkonce.tb.*)
 *(.tcommon)

.preinit_array  0x0000000000021ef4        0x0
                [!provide]                        PROVIDE (__preinit_array_start, .)
 *(.preinit_array)
                [!provide]                        PROVIDE (__preinit_array_end, .)

.init_array     0x0000000000021ef4        0x4
                0x0000000000021ef4                PROVIDE (__init_array_start, .)
 *(SORT(.init_array.*) SORT(.ctors.*))
 *(.init_array EXCLUDE_FILE(*crtend?.o *crtend.o *crtbegin?.o *crtbegin.o) .ctors)
 .init_array    0x0000000000021ef4        0x4 /usr/lib/gcc-cross/arm-linux-gnueabihf/6/crtbegin.o
                0x0000000000021ef8                PROVIDE (__init_array_end, .)

.fini_array     0x0000000000021ef8        0x4
                [!provide]                        PROVIDE (__fini_array_start, .)
 *(SORT(.fini_array.*) SORT(.dtors.*))
 *(.fini_array EXCLUDE_FILE(*crtend?.o *crtend.o *crtbegin?.o *crtbegin.o) .dtors)
 .fini_array    0x0000000000021ef8        0x4 /usr/lib/gcc-cross/arm-linux-gnueabihf/6/crtbegin.o
                [!provide]                        PROVIDE (__fini_array_end, .)

.ctors
 *crtbegin.o(.ctors)
 *crtbegin?.o(.ctors)
 *(EXCLUDE_FILE(*crtend?.o *crtend.o) .ctors)
 *(SORT(.ctors.*))
 *(.ctors)

.dtors
 *crtbegin.o(.dtors)
 *crtbegin?.o(.dtors)
 *(EXCLUDE_FILE(*crtend?.o *crtend.o) .dtors)
 *(SORT(.dtors.*))
 *(.dtors)

.jcr            0x0000000000021efc        0x4
 *(.jcr)
 .jcr           0x0000000000021efc        0x0 /usr/lib/gcc-cross/arm-linux-gnueabihf/6/crtbegin.o
 .jcr           0x0000000000021efc        0x4 /usr/lib/gcc-cross/arm-linux-gnueabihf/6/crtend.o

.data.rel.ro
 *(.data.rel.ro.local* .gnu.linkonce.d.rel.ro.local.*)
 *(.data.rel.ro .data.rel.ro.* .gnu.linkonce.d.rel.ro.*)

.dynamic        0x0000000000021f00      0x100
 *(.dynamic)
 .dynamic       0x0000000000021f00      0x100 /usr/lib/gcc-cross/arm-linux-gnueabihf/6/../../../../arm-linux-gnueabihf/lib/../lib/crt1.o
                0x0000000000021f00                _DYNAMIC
                0x0000000000022000                . = DATA_SEGMENT_RELRO_END (., 0x0)

.got            0x0000000000022000       0x5c
 *(.got.plt)
 .got.plt       0x0000000000022000       0x58 /usr/lib/gcc-cross/arm-linux-gnueabihf/6/../../../../arm-linux-gnueabihf/lib/../lib/crt1.o
                0x0000000000022000                _GLOBAL_OFFSET_TABLE_
 *(.igot.plt)
 .igot.plt      0x0000000000022058        0x0 /usr/lib/gcc-cross/arm-linux-gnueabihf/6/../../../../arm-linux-gnueabihf/lib/../lib/crt1.o
 *(.got)
 .got           0x0000000000022058        0x4 /usr/lib/gcc-cross/arm-linux-gnueabihf/6/../../../../arm-linux-gnueabihf/lib/../lib/crt1.o
 *(.igot)

.data           0x000000000002205c        0x8
                [!provide]                        PROVIDE (__data_start, .)
 *(.data .data.* .gnu.linkonce.d.*)
 .data          0x000000000002205c        0x4 /usr/lib/gcc-cross/arm-linux-gnueabihf/6/../../../../arm-linux-gnueabihf/lib/../lib/crt1.o
                0x000000000002205c                data_start
                0x000000000002205c                __data_start
 .data          0x0000000000022060        0x0 /usr/lib/gcc-cross/arm-linux-gnueabihf/6/../../../../arm-linux-gnueabihf/lib/../lib/crti.o
 .data          0x0000000000022060        0x4 /usr/lib/gcc-cross/arm-linux-gnueabihf/6/crtbegin.o
                0x0000000000022060                __dso_handle
 .data          0x0000000000022064        0x0 Main.o
 .data          0x0000000000022064        0x0 Common.o
 .data          0x0000000000022064        0x0 CircularBuffer.o
 .data          0x0000000000022064        0x0 Timestamp.o
 .data          0x0000000000022064        0x0 SharedMemory.o
 .data          0x0000000000022064        0x0 ErrorHandling.o
 .data          0x0000000000022064        0x0 DebugText.o
 .data          0x0000000000022064        0x0 /usr/arm-linux-gnueabihf/lib/libc_nonshared.a(elf-init.oS)
 .data          0x0000000000022064        0x0 /usr/lib/gcc-cross/arm-linux-gnueabihf/6/libgcc.a(_udivsi3.o)
 .data          0x0000000000022064        0x0 /usr/lib/gcc-cross/arm-linux-gnueabihf/6/libgcc.a(_dvmd_lnx.o)
 .data          0x0000000000022064        0x0 /usr/lib/gcc-cross/arm-linux-gnueabihf/6/crtend.o
 .data          0x0000000000022064        0x0 /usr/lib/gcc-cross/arm-linux-gnueabihf/6/../../../../arm-linux-gnueabihf/lib/../lib/crtn.o

.tm_clone_table
                0x0000000000022064        0x0
 .tm_clone_table
                0x0000000000022064        0x0 /usr/lib/gcc-cross/arm-linux-gnueabihf/6/crtbegin.o
 .tm_clone_table
                0x0000000000022064        0x0 /usr/lib/gcc-cross/arm-linux-gnueabihf/6/crtend.o

.data1
 *(.data1)
                0x0000000000022064                _edata = .
                [!provide]                        PROVIDE (edata, .)
                0x0000000000022064                . = .
                0x0000000000022064                __bss_start = .
                0x0000000000022064                __bss_start__ = .

.bss            0x0000000000022068      0x134
 *(.dynbss)
 *fill*         0x0000000000022068        0x0 
 .dynbss        0x0000000000022068        0x8 /usr/lib/gcc-cross/arm-linux-gnueabihf/6/../../../../arm-linux-gnueabihf/lib/../lib/crt1.o
                0x0000000000022068                __stack_chk_guard@@GLIBC_2.4
                0x000000000002206c                stdout@@GLIBC_2.4
 *(.bss .bss.* .gnu.linkonce.b.*)
 .bss           0x0000000000022070        0x0 /usr/lib/gcc-cross/arm-linux-gnueabihf/6/../../../../arm-linux-gnueabihf/lib/../lib/crt1.o
 .bss           0x0000000000022070        0x0 /usr/lib/gcc-cross/arm-linux-gnueabihf/6/../../../../arm-linux-gnueabihf/lib/../lib/crti.o
 .bss           0x0000000000022070        0x1 /usr/lib/gcc-cross/arm-linux-gnueabihf/6/crtbegin.o
 *fill*         0x0000000000022071        0x3 
 .bss           0x0000000000022074        0xc Main.o
                0x0000000000022074                started
                0x0000000000022078                checkValue
                0x000000000002207c                counter64Base
 .bss._ZZN9SchedulerILj100E3PWMILj100000ELj0ELh255EE15UARTReceiver8N1ILj8ELj3ELh2ELj1024EES3_9I2CMasterILj5ELj10ELh4ELh8EES3_S3_S3_S3_E18PeriodicProcessingEyhRhE9iteration
                0x0000000000022080        0x4 Main.o
                0x0000000000022080                Scheduler<100u, PWM<100000u, 0u, (unsigned char)255>, UARTReceiver8N1<8u, 3u, (unsigned char)2, 1024u>, UARTReceiver8N1<8u, 3u, (unsigned char)2, 1024u>, I2CMaster<5u, 10u, (unsigned char)4, (unsigned char)8>, UARTReceiver8N1<8u, 3u, (unsigned char)2, 1024u>, UARTReceiver8N1<8u, 3u, (unsigned char)2, 1024u>, UARTReceiver8N1<8u, 3u, (unsigned char)2, 1024u>, UARTReceiver8N1<8u, 3u, (unsigned char)2, 1024u> >::PeriodicProcessing(unsigned long long, unsigned char, unsigned char&)::iteration
 .bss._ZZN9SchedulerILj100E3PWMILj100000ELj0ELh255EE15UARTReceiver8N1ILj8ELj3ELh2ELj1024EES3_9I2CMasterILj5ELj10ELh4ELh8EES3_S3_S3_S3_E18PeriodicProcessingEyhRhE18previousTimestamps
                0x0000000000022084        0x8 Main.o
                0x0000000000022084                Scheduler<100u, PWM<100000u, 0u, (unsigned char)255>, UARTReceiver8N1<8u, 3u, (unsigned char)2, 1024u>, UARTReceiver8N1<8u, 3u, (unsigned char)2, 1024u>, I2CMaster<5u, 10u, (unsigned char)4, (unsigned char)8>, UARTReceiver8N1<8u, 3u, (unsigned char)2, 1024u>, UARTReceiver8N1<8u, 3u, (unsigned char)2, 1024u>, UARTReceiver8N1<8u, 3u, (unsigned char)2, 1024u>, UARTReceiver8N1<8u, 3u, (unsigned char)2, 1024u> >::PeriodicProcessing(unsigned long long, unsigned char, unsigned char&)::previousTimestamps
 .bss._ZZN9SchedulerILj100E3PWMILj100000ELj0ELh255EE15UARTReceiver8N1ILj8ELj3ELh2ELj1024EES3_9I2CMasterILj5ELj10ELh4ELh8EES3_S3_S3_S3_E18PeriodicProcessingEyhRhE12previousBits
                0x000000000002208c        0x8 Main.o
                0x000000000002208c                Scheduler<100u, PWM<100000u, 0u, (unsigned char)255>, UARTReceiver8N1<8u, 3u, (unsigned char)2, 1024u>, UARTReceiver8N1<8u, 3u, (unsigned char)2, 1024u>, I2CMaster<5u, 10u, (unsigned char)4, (unsigned char)8>, UARTReceiver8N1<8u, 3u, (unsigned char)2, 1024u>, UARTReceiver8N1<8u, 3u, (unsigned char)2, 1024u>, UARTReceiver8N1<8u, 3u, (unsigned char)2, 1024u>, UARTReceiver8N1<8u, 3u, (unsigned char)2, 1024u> >::PeriodicProcessing(unsigned long long, unsigned char, unsigned char&)::previousBits
 .bss._ZZN9SchedulerILj100E3PWMILj100000ELj0ELh255EE15UARTReceiver8N1ILj8ELj3ELh2ELj1024EES3_9I2CMasterILj5ELj10ELh4ELh8EES3_S3_S3_S3_E18PeriodicProcessingEyhRhE4bits
                0x0000000000022094        0x8 Main.o
                0x0000000000022094                Scheduler<100u, PWM<100000u, 0u, (unsigned char)255>, UARTReceiver8N1<8u, 3u, (unsigned char)2, 1024u>, UARTReceiver8N1<8u, 3u, (unsigned char)2, 1024u>, I2CMaster<5u, 10u, (unsigned char)4, (unsigned char)8>, UARTReceiver8N1<8u, 3u, (unsigned char)2, 1024u>, UARTReceiver8N1<8u, 3u, (unsigned char)2, 1024u>, UARTReceiver8N1<8u, 3u, (unsigned char)2, 1024u>, UARTReceiver8N1<8u, 3u, (unsigned char)2, 1024u> >::PeriodicProcessing(unsigned long long, unsigned char, unsigned char&)::bits
 .bss           0x000000000002209c        0x0 Common.o
 .bss           0x000000000002209c        0x0 CircularBuffer.o
 .bss           0x000000000002209c        0x0 Timestamp.o
 .bss           0x000000000002209c        0x0 SharedMemory.o
 .bss           0x000000000002209c        0x0 ErrorHandling.o
 .bss           0x000000000002209c      0x100 DebugText.o
 .bss           0x000000000002219c        0x0 /usr/arm-linux-gnueabihf/lib/libc_nonshared.a(elf-init.oS)
 .bss           0x000000000002219c        0x0 /usr/lib/gcc-cross/arm-linux-gnueabihf/6/libgcc.a(_udivsi3.o)
 .bss           0x000000000002219c        0x0 /usr/lib/gcc-cross/arm-linux-gnueabihf/6/libgcc.a(_dvmd_lnx.o)
 .bss           0x000000000002219c        0x0 /usr/lib/gcc-cross/arm-linux-gnueabihf/6/crtend.o
 .bss           0x000000000002219c        0x0 /usr/lib/gcc-cross/arm-linux-gnueabihf/6/../../../../arm-linux-gnueabihf/lib/../lib/crtn.o
 *(COMMON)
                0x000000000002219c                . = ALIGN ((. != 0x0)?0x4:0x1)
                0x000000000002219c                _bss_end__ = .
                0x000000000002219c                __bss_end__ = .
                0x000000000002219c                . = ALIGN (0x4)
                0x000000000002219c                . = SEGMENT_START ("ldata-segment", .)
                0x000000000002219c                . = ALIGN (0x4)
                0x000000000002219c                __end__ = .
                0x000000000002219c                _end = .
                [!provide]                        PROVIDE (end, .)
                0x000000000002219c                . = DATA_SEGMENT_END (.)

.stab
 *(.stab)

.stabstr
 *(.stabstr)

.stab.excl
 *(.stab.excl)

.stab.exclstr
 *(.stab.exclstr)

.stab.index
 *(.stab.index)

.stab.indexstr
 *(.stab.indexstr)

.comment        0x0000000000000000       0x2d
 *(.comment)
 .comment       0x0000000000000000       0x2d /usr/lib/gcc-cross/arm-linux-gnueabihf/6/crtbegin.o
                                         0x2e (size before relaxing)
 .comment       0x000000000000002d       0x2e Main.o
 .comment       0x000000000000002d       0x2e Common.o
 .comment       0x000000000000002d       0x2e CircularBuffer.o
 .comment       0x000000000000002d       0x2e Timestamp.o
 .comment       0x000000000000002d       0x2e SharedMemory.o
 .comment       0x000000000000002d       0x2e ErrorHandling.o
 .comment       0x000000000000002d       0x2e DebugText.o
 .comment       0x000000000000002d       0x2e /usr/lib/gcc-cross/arm-linux-gnueabihf/6/crtend.o

.ARM.attributes
                0x0000000000000000       0x35
 .ARM.attributes
                0x0000000000000000       0x33 /usr/lib/gcc-cross/arm-linux-gnueabihf/6/../../../../arm-linux-gnueabihf/lib/../lib/crt1.o
 .ARM.attributes
                0x0000000000000033       0x27 /usr/lib/gcc-cross/arm-linux-gnueabihf/6/../../../../arm-linux-gnueabihf/lib/../lib/crti.o
 .ARM.attributes
                0x000000000000005a       0x33 /usr/lib/gcc-cross/arm-linux-gnueabihf/6/crtbegin.o
 .ARM.attributes
                0x000000000000008d       0x35 Main.o
 .ARM.attributes
                0x00000000000000c2       0x35 Common.o
 .ARM.attributes
                0x00000000000000f7       0x35 CircularBuffer.o
 .ARM.attributes
                0x000000000000012c       0x35 Timestamp.o
 .ARM.attributes
                0x0000000000000161       0x35 SharedMemory.o
 .ARM.attributes
                0x0000000000000196       0x35 ErrorHandling.o
 .ARM.attributes
                0x00000000000001cb       0x35 DebugText.o
 .ARM.attributes
                0x0000000000000200       0x35 /usr/arm-linux-gnueabihf/lib/libc_nonshared.a(elf-init.oS)
 .ARM.attributes
                0x0000000000000235       0x21 /usr/lib/gcc-cross/arm-linux-gnueabihf/6/libgcc.a(_udivsi3.o)
 .ARM.attributes
                0x0000000000000256       0x21 /usr/lib/gcc-cross/arm-linux-gnueabihf/6/libgcc.a(_dvmd_lnx.o)
 .ARM.attributes
                0x0000000000000277       0x33 /usr/lib/gcc-cross/arm-linux-gnueabihf/6/crtend.o
 .ARM.attributes
                0x00000000000002aa       0x27 /usr/lib/gcc-cross/arm-linux-gnueabihf/6/../../../../arm-linux-gnueabihf/lib/../lib/crtn.o

.debug
 *(.debug)

.line
 *(.line)

.debug_srcinfo
 *(.debug_srcinfo)

.debug_sfnames
 *(.debug_sfnames)

.debug_aranges  0x0000000000000000       0xd0
 *(.debug_aranges)
 .debug_aranges
                0x0000000000000000       0x30 Main.o
 .debug_aranges
                0x0000000000000030       0x20 CircularBuffer.o
 .debug_aranges
                0x0000000000000050       0x20 Timestamp.o
 .debug_aranges
                0x0000000000000070       0x20 SharedMemory.o
 .debug_aranges
                0x0000000000000090       0x20 ErrorHandling.o
 .debug_aranges
                0x00000000000000b0       0x20 DebugText.o

.debug_pubnames
 *(.debug_pubnames)

.debug_info     0x0000000000000000     0x405f
 *(.debug_info .gnu.linkonce.wi.*)
 .debug_info    0x0000000000000000     0x2f40 Main.o
 .debug_info    0x0000000000002f40      0x55a CircularBuffer.o
 .debug_info    0x000000000000349a       0xba Timestamp.o
 .debug_info    0x0000000000003554      0x3b5 SharedMemory.o
 .debug_info    0x0000000000003909       0xa0 ErrorHandling.o
 .debug_info    0x00000000000039a9      0x6b6 DebugText.o

.debug_abbrev   0x0000000000000000      0xc4a
 *(.debug_abbrev)
 .debug_abbrev  0x0000000000000000      0x61d Main.o
 .debug_abbrev  0x000000000000061d      0x17b CircularBuffer.o
 .debug_abbrev  0x0000000000000798       0x76 Timestamp.o
 .debug_abbrev  0x000000000000080e      0x193 SharedMemory.o
 .debug_abbrev  0x00000000000009a1       0x6a ErrorHandling.o
 .debug_abbrev  0x0000000000000a0b      0x23f DebugText.o

.debug_line     0x0000000000000000     0x14e7
 *(.debug_line .debug_line.* .debug_line_end)
 .debug_line    0x0000000000000000      0xbf0 Main.o
 .debug_line    0x0000000000000bf0        0x0 Common.o
 .debug_line    0x0000000000000bf0      0x2d2 CircularBuffer.o
 .debug_line    0x0000000000000ec2      0x115 Timestamp.o
 .debug_line    0x0000000000000fd7      0x1fe SharedMemory.o
 .debug_line    0x00000000000011d5       0xea ErrorHandling.o
 .debug_line    0x00000000000012bf      0x228 DebugText.o

.debug_frame    0x0000000000000000      0x2fc
 *(.debug_frame)
 .debug_frame   0x0000000000000000       0xbc Main.o
 .debug_frame   0x00000000000000bc       0xd0 CircularBuffer.o
 .debug_frame   0x000000000000018c       0x30 Timestamp.o
 .debug_frame   0x00000000000001bc       0x64 SharedMemory.o
 .debug_frame   0x0000000000000220       0x28 ErrorHandling.o
 .debug_frame   0x0000000000000248       0xb4 DebugText.o

.debug_str      0x0000000000000000     0x2bb5
 *(.debug_str)
 .debug_str     0x0000000000000000     0x26ce Main.o
                                       0x2900 (size before relaxing)
 .debug_str     0x00000000000026ce       0xa6 Common.o
                                         0xd4 (size before relaxing)
 .debug_str     0x0000000000002774      0x152 CircularBuffer.o
                                        0x34e (size before relaxing)
 .debug_str     0x00000000000028c6       0x82 Timestamp.o
                                        0x1bf (size before relaxing)
 .debug_str     0x0000000000002948       0xdb SharedMemory.o
                                        0x2a4 (size before relaxing)
 .debug_str     0x0000000000002a23       0x61 ErrorHandling.o
                                        0x19d (size before relaxing)
 .debug_str     0x0000000000002a84      0x131 DebugText.o
                                        0x4cc (size before relaxing)

.debug_loc      0x0000000000000000     0x18bf
 *(.debug_loc)
 .debug_loc     0x0000000000000000     0x1100 Main.o
 .debug_loc     0x0000000000001100      0x4ca CircularBuffer.o
 .debug_loc     0x00000000000015ca       0x1f Timestamp.o
 .debug_loc     0x00000000000015e9      0x181 SharedMemory.o
 .debug_loc     0x000000000000176a      0x155 DebugText.o

.debug_macinfo
 *(.debug_macinfo)

.debug_weaknames
 *(.debug_weaknames)

.debug_funcnames
 *(.debug_funcnames)

.debug_typenames
 *(.debug_typenames)

.debug_varnames
 *(.debug_varnames)

.debug_pubtypes
 *(.debug_pubtypes)

.debug_ranges   0x0000000000000000      0x630
 *(.debug_ranges)
 .debug_ranges  0x0000000000000000      0x530 Main.o
 .debug_ranges  0x0000000000000530       0x88 CircularBuffer.o
 .debug_ranges  0x00000000000005b8       0x78 DebugText.o

.debug_macro
 *(.debug_macro)

.gnu.attributes
 *(.gnu.attributes)

.note.gnu.arm.ident
 *(.note.gnu.arm.ident)

/DISCARD/
 *(.note.GNU-stack)
 *(.gnu_debuglink)
 *(.gnu.lto_*)
OUTPUT(Main.elf elf32-littlearm)
