Archive member included to satisfy reference by file (symbol)

/usr/arm-linux-gnueabihf/lib/libc_nonshared.a(elf-init.oS)
                              /usr/lib/gcc-cross/arm-linux-gnueabihf/6/../../../../arm-linux-gnueabihf/lib/../lib/crt1.o (__libc_csu_init)
/usr/lib/gcc-cross/arm-linux-gnueabihf/6/libgcc.a(_udivsi3.o)
                              Main.o (__aeabi_uidiv)
/usr/lib/gcc-cross/arm-linux-gnueabihf/6/libgcc.a(_dvmd_lnx.o)
                              /usr/lib/gcc-cross/arm-linux-gnueabihf/6/libgcc.a(_udivsi3.o) (__aeabi_idiv0)

As-needed library included to satisfy reference by file (symbol)

libc.so.6                     DebugText.o (fflush@@GLIBC_2.4)
ld-linux-armhf.so.3           DebugText.o (__stack_chk_guard@@GLIBC_2.4)
librt.so.1                    SharedMemory.o (shm_open@@GLIBC_2.4)
libpthread.so.0               Main.o (pthread_create@@GLIBC_2.4)

Discarded input sections

 .note.GNU-stack
                0x0000000000000000        0x0 /usr/lib/gcc-cross/arm-linux-gnueabihf/6/../../../../arm-linux-gnueabihf/lib/../lib/crt1.o
 .note.GNU-stack
                0x0000000000000000        0x0 /usr/lib/gcc-cross/arm-linux-gnueabihf/6/../../../../arm-linux-gnueabihf/lib/../lib/crti.o
 .note.GNU-stack
                0x0000000000000000        0x0 /usr/lib/gcc-cross/arm-linux-gnueabihf/6/crtbegin.o
 .note.GNU-stack
                0x0000000000000000        0x0 Main.o
 .note.GNU-stack
                0x0000000000000000        0x0 Common.o
 .note.GNU-stack
                0x0000000000000000        0x0 CircularBuffer.o
 .note.GNU-stack
                0x0000000000000000        0x0 Timestamp.o
 .note.GNU-stack
                0x0000000000000000        0x0 SharedMemory.o
 .note.GNU-stack
                0x0000000000000000        0x0 ErrorHandling.o
 .note.GNU-stack
                0x0000000000000000        0x0 DebugText.o
 .note.GNU-stack
                0x0000000000000000        0x0 /usr/arm-linux-gnueabihf/lib/libc_nonshared.a(elf-init.oS)
 .note.GNU-stack
                0x0000000000000000        0x0 /usr/lib/gcc-cross/arm-linux-gnueabihf/6/libgcc.a(_udivsi3.o)
 .note.GNU-stack
                0x0000000000000000        0x0 /usr/lib/gcc-cross/arm-linux-gnueabihf/6/libgcc.a(_dvmd_lnx.o)
 .note.GNU-stack
                0x0000000000000000        0x0 /usr/lib/gcc-cross/arm-linux-gnueabihf/6/crtend.o
 .note.GNU-stack
                0x0000000000000000        0x0 /usr/lib/gcc-cross/arm-linux-gnueabihf/6/../../../../arm-linux-gnueabihf/lib/../lib/crtn.o

Memory Configuration

Name             Origin             Length             Attributes
*default*        0x0000000000000000 0xffffffffffffffff

Linker script and memory map

LOAD /usr/lib/gcc-cross/arm-linux-gnueabihf/6/../../../../arm-linux-gnueabihf/lib/../lib/crt1.o
LOAD /usr/lib/gcc-cross/arm-linux-gnueabihf/6/../../../../arm-linux-gnueabihf/lib/../lib/crti.o
LOAD /usr/lib/gcc-cross/arm-linux-gnueabihf/6/crtbegin.o
LOAD Main.o
LOAD Common.o
LOAD CircularBuffer.o
LOAD Timestamp.o
LOAD SharedMemory.o
LOAD ErrorHandling.o
LOAD DebugText.o
LOAD /usr/lib/gcc-cross/arm-linux-gnueabihf/6/../../../../arm-linux-gnueabihf/lib/../lib/libc.so
START GROUP
LOAD /usr/arm-linux-gnueabihf/lib/libc.so.6
LOAD /usr/arm-linux-gnueabihf/lib/libc_nonshared.a
LOAD /usr/arm-linux-gnueabihf/lib/ld-linux-armhf.so.3
END GROUP
LOAD /usr/lib/gcc-cross/arm-linux-gnueabihf/6/libgcc.a
LOAD /usr/lib/gcc-cross/arm-linux-gnueabihf/6/../../../../arm-linux-gnueabihf/lib/../lib/librt.so
LOAD /usr/lib/gcc-cross/arm-linux-gnueabihf/6/../../../../arm-linux-gnueabihf/lib/../lib/libpthread.so
START GROUP
LOAD /usr/arm-linux-gnueabihf/lib/libpthread.so.0
LOAD /usr/arm-linux-gnueabihf/lib/libpthread_nonshared.a
END GROUP
LOAD /usr/lib/gcc-cross/arm-linux-gnueabihf/6/libgcc.a
LOAD /usr/lib/gcc-cross/arm-linux-gnueabihf/6/libgcc_s.so
START GROUP
LOAD /usr/lib/gcc-cross/arm-linux-gnueabihf/6/libgcc_s.so.1
LOAD /usr/lib/gcc-cross/arm-linux-gnueabihf/6/libgcc.a
END GROUP
LOAD /usr/lib/gcc-cross/arm-linux-gnueabihf/6/../../../../arm-linux-gnueabihf/lib/../lib/libc.so
START GROUP
LOAD /usr/arm-linux-gnueabihf/lib/libc.so.6
LOAD /usr/arm-linux-gnueabihf/lib/libc_nonshared.a
LOAD /usr/arm-linux-gnueabihf/lib/ld-linux-armhf.so.3
END GROUP
LOAD /usr/lib/gcc-cross/arm-linux-gnueabihf/6/libgcc.a
LOAD /usr/lib/gcc-cross/arm-linux-gnueabihf/6/libgcc_s.so
START GROUP
LOAD /usr/lib/gcc-cross/arm-linux-gnueabihf/6/libgcc_s.so.1
LOAD /usr/lib/gcc-cross/arm-linux-gnueabihf/6/libgcc.a
END GROUP
LOAD /usr/lib/gcc-cross/arm-linux-gnueabihf/6/crtend.o
LOAD /usr/lib/gcc-cross/arm-linux-gnueabihf/6/../../../../arm-linux-gnueabihf/lib/../lib/crtn.o
                [!provide]                        PROVIDE (__executable_start, 0x10000)
                0x0000000000010154                . = (0x10000 + SIZEOF_HEADERS)

.interp         0x0000000000010154       0x19
 *(.interp)
 .interp        0x0000000000010154       0x19 /usr/lib/gcc-cross/arm-linux-gnueabihf/6/../../../../arm-linux-gnueabihf/lib/../lib/crt1.o

.note.ABI-tag   0x0000000000010170       0x20
 .note.ABI-tag  0x0000000000010170       0x20 /usr/lib/gcc-cross/arm-linux-gnueabihf/6/../../../../arm-linux-gnueabihf/lib/../lib/crt1.o

.note.gnu.build-id
                0x0000000000010190       0x24
 *(.note.gnu.build-id)
 .note.gnu.build-id
                0x0000000000010190       0x24 linker stubs

.hash
 *(.hash)

.gnu.hash       0x00000000000101b4       0xc0
 *(.gnu.hash)
 .gnu.hash      0x00000000000101b4       0xc0 /usr/lib/gcc-cross/arm-linux-gnueabihf/6/../../../../arm-linux-gnueabihf/lib/../lib/crt1.o

.dynsym         0x0000000000010274      0x1c0
 *(.dynsym)
 .dynsym        0x0000000000010274      0x1c0 /usr/lib/gcc-cross/arm-linux-gnueabihf/6/../../../../arm-linux-gnueabihf/lib/../lib/crt1.o

.dynstr         0x0000000000010434      0x16f
 *(.dynstr)
 .dynstr        0x0000000000010434      0x16f /usr/lib/gcc-cross/arm-linux-gnueabihf/6/../../../../arm-linux-gnueabihf/lib/../lib/crt1.o

.gnu.version    0x00000000000105a4       0x38
 *(.gnu.version)
 .gnu.version   0x00000000000105a4       0x38 /usr/lib/gcc-cross/arm-linux-gnueabihf/6/../../../../arm-linux-gnueabihf/lib/../lib/crt1.o

.gnu.version_d  0x00000000000105dc        0x0
 *(.gnu.version_d)
 .gnu.version_d
                0x00000000000105dc        0x0 /usr/lib/gcc-cross/arm-linux-gnueabihf/6/../../../../arm-linux-gnueabihf/lib/../lib/crt1.o

.gnu.version_r  0x00000000000105dc       0x80
 *(.gnu.version_r)
 .gnu.version_r
                0x00000000000105dc       0x80 /usr/lib/gcc-cross/arm-linux-gnueabihf/6/../../../../arm-linux-gnueabihf/lib/../lib/crt1.o

.rel.dyn        0x000000000001065c       0x18
 *(.rel.init)
 *(.rel.text .rel.text.* .rel.gnu.linkonce.t.*)
 *(.rel.fini)
 *(.rel.rodata .rel.rodata.* .rel.gnu.linkonce.r.*)
 *(.rel.data.rel.ro .rel.data.rel.ro.* .rel.gnu.linkonce.d.rel.ro.*)
 *(.rel.data .rel.data.* .rel.gnu.linkonce.d.*)
 *(.rel.tdata .rel.tdata.* .rel.gnu.linkonce.td.*)
 *(.rel.tbss .rel.tbss.* .rel.gnu.linkonce.tb.*)
 *(.rel.ctors)
 *(.rel.dtors)
 *(.rel.got)
 .rel.got       0x000000000001065c        0x8 /usr/lib/gcc-cross/arm-linux-gnueabihf/6/../../../../arm-linux-gnueabihf/lib/../lib/crt1.o
 *(.rel.bss .rel.bss.* .rel.gnu.linkonce.b.*)
 .rel.bss       0x0000000000010664       0x10 /usr/lib/gcc-cross/arm-linux-gnueabihf/6/../../../../arm-linux-gnueabihf/lib/../lib/crt1.o
                [!provide]                        PROVIDE (__rel_iplt_start, .)
 *(.rel.iplt)
 .rel.iplt      0x0000000000010674        0x0 /usr/lib/gcc-cross/arm-linux-gnueabihf/6/../../../../arm-linux-gnueabihf/lib/../lib/crt1.o
                [!provide]                        PROVIDE (__rel_iplt_end, .)

.rela.dyn       0x0000000000010674        0x0
 *(.rela.init)
 *(.rela.text .rela.text.* .rela.gnu.linkonce.t.*)
 *(.rela.fini)
 *(.rela.rodata .rela.rodata.* .rela.gnu.linkonce.r.*)
 *(.rela.data .rela.data.* .rela.gnu.linkonce.d.*)
 *(.rela.tdata .rela.tdata.* .rela.gnu.linkonce.td.*)
 *(.rela.tbss .rela.tbss.* .rela.gnu.linkonce.tb.*)
 *(.rela.ctors)
 *(.rela.dtors)
 *(.rela.got)
 *(.rela.bss .rela.bss.* .rela.gnu.linkonce.b.*)
                [!provide]                        PROVIDE (__rela_iplt_start, .)
 *(.rela.iplt)
                [!provide]                        PROVIDE (__rela_iplt_end, .)

.rel.plt        0x0000000000010674       0xb0
 *(.rel.plt)
 .rel.plt       0x0000000000010674       0xb0 /usr/lib/gcc-cross/arm-linux-gnueabihf/6/../../../../arm-linux-gnueabihf/lib/../lib/crt1.o

.rela.plt
 *(.rela.plt)

.init           0x0000000000010724        0xc
 *(SORT(.init))
 .init          0x0000000000010724        0x8 /usr/lib/gcc-cross/arm-linux-gnueabihf/6/../../../../arm-linux-gnueabihf/lib/../lib/crti.o
                0x0000000000010724                _init
 .init          0x000000000001072c        0x4 /usr/lib/gcc-cross/arm-linux-gnueabihf/6/../../../../arm-linux-gnueabihf/lib/../lib/crtn.o

.plt            0x0000000000010730      0x12c
 *(.plt)
 .plt           0x0000000000010730      0x12c /usr/lib/gcc-cross/arm-linux-gnueabihf/6/../../../../arm-linux-gnueabihf/lib/../lib/crt1.o
                0x0000000000010744                raise@@GLIBC_2.4
                0x0000000000010754                fflush@@GLIBC_2.4
                0x0000000000010760                __vsnprintf_chk@@GLIBC_2.4
                0x000000000001076c                memcpy@@GLIBC_2.4
                0x0000000000010778                shm_open@@GLIBC_2.4
                0x0000000000010784                sleep@@GLIBC_2.4
                0x0000000000010790                __stack_chk_fail@@GLIBC_2.4
                0x000000000001079c                perror@@GLIBC_2.4
                0x00000000000107a8                pthread_create@@GLIBC_2.4
                0x00000000000107b8                puts@@GLIBC_2.4
                0x00000000000107c4                __libc_start_main@@GLIBC_2.4
                0x00000000000107dc                open@@GLIBC_2.4
                0x00000000000107e8                exit@@GLIBC_2.4
                0x00000000000107f4                mmap@@GLIBC_2.4
                0x0000000000010800                memset@@GLIBC_2.4
                0x0000000000010810                __printf_chk@@GLIBC_2.4
                0x000000000001081c                __fprintf_chk@@GLIBC_2.4
                0x0000000000010828                ftruncate@@GLIBC_2.4
                0x0000000000010838                msync@@GLIBC_2.4
                0x0000000000010844                abort@@GLIBC_2.4
                0x0000000000010850                close@@GLIBC_2.4

.iplt           0x000000000001085c        0x0
 *(.iplt)
 .iplt          0x000000000001085c        0x0 /usr/lib/gcc-cross/arm-linux-gnueabihf/6/../../../../arm-linux-gnueabihf/lib/../lib/crt1.o

.text           0x0000000000010860     0x11fc
 *(.text.unlikely .text.*_unlikely .text.unlikely.*)
 .text.unlikely
                0x0000000000010860       0x14 Main.o
 *(.text.exit .text.exit.*)
 *(.text.startup .text.startup.*)
 .text.startup  0x0000000000010874      0x228 Main.o
                0x0000000000010874                main
 *(.text.hot .text.hot.*)
 *(.text .stub .text.* .gnu.linkonce.t.*)
 .text          0x0000000000010a9c       0x30 /usr/lib/gcc-cross/arm-linux-gnueabihf/6/../../../../arm-linux-gnueabihf/lib/../lib/crt1.o
                0x0000000000010a9c                _start
 .text          0x0000000000010acc       0x24 /usr/lib/gcc-cross/arm-linux-gnueabihf/6/../../../../arm-linux-gnueabihf/lib/../lib/crti.o
 .text          0x0000000000010af0       0x8c /usr/lib/gcc-cross/arm-linux-gnueabihf/6/crtbegin.o
 .text          0x0000000000010b7c      0x7a8 Main.o
                0x0000000000010b7c                doSomeThing
                0x0000000000010bb0                SetupGPIO
                0x0000000000010c20                writel
                0x0000000000010cc8                readl
                0x0000000000010d4c                SetupPWM
                0x0000000000010dac                SetupSPI
                0x0000000000010e08                spi_set_clk
                0x0000000000010e84                SetupSPIController
                0x0000000000011214                SetOutputState
                0x00000000000112ac                printBits
                0x00000000000112ec                GetByteFromShiftRegister
 .text          0x0000000000011324       0x70 Common.o
                0x0000000000011324                FastSharedBufferInitialiseAsReader
                0x0000000000011330                FastSharedBufferInitialiseAsWriter
                0x0000000000011344                FastSharedBufferPut
                0x0000000000011368                FastSharedBufferGet
 .text          0x0000000000011394      0x1bc CircularBuffer.o
                0x0000000000011394                CircularBufferShow
                0x00000000000113f0                CircularBufferInitialiseAsReader
                0x0000000000011418                CircularBufferInitialiseAsWriter
                0x0000000000011440                CircularBufferPut
                0x000000000001149c                CircularBufferLossyPut
                0x00000000000114f4                CircularBufferGet
 .text          0x0000000000011550        0xc Timestamp.o
                0x0000000000011550                TimestampInitialise
                0x0000000000011554                GetTimestamp
 .text          0x000000000001155c       0xcc SharedMemory.o
                0x000000000001155c                SharedMemoryMasterInitialise
                0x00000000000115cc                SharedMemorySlaveInitialise
                0x000000000001161c                SharedMemoryFlush
 .text          0x0000000000011628       0x10 ErrorHandling.o
                0x0000000000011628                PANIC
 .text          0x0000000000011638      0x15c DebugText.o
                0x0000000000011638                DebugTextOutput
                0x0000000000011660                DebugPrintf
                0x00000000000116d0                NibbleToHex
                0x00000000000116dc                DebugHexDumpBytes
                0x0000000000011790                DebugHexDumpWords
 .text          0x0000000000011794       0x40 /usr/arm-linux-gnueabihf/lib/libc_nonshared.a(elf-init.oS)
                0x0000000000011794                __libc_csu_init
                0x00000000000117d0                __libc_csu_fini
 *fill*         0x00000000000117d4        0x4 
 .text          0x00000000000117d8      0x278 /usr/lib/gcc-cross/arm-linux-gnueabihf/6/libgcc.a(_udivsi3.o)
                0x00000000000117d8                __aeabi_uidiv
                0x00000000000117d8                __udivsi3
                0x0000000000011a34                __aeabi_uidivmod
 .text          0x0000000000011a50        0xc /usr/lib/gcc-cross/arm-linux-gnueabihf/6/libgcc.a(_dvmd_lnx.o)
                0x0000000000011a50                __aeabi_ldiv0
                0x0000000000011a50                __aeabi_idiv0
 .text          0x0000000000011a5c        0x0 /usr/lib/gcc-cross/arm-linux-gnueabihf/6/crtend.o
 .text          0x0000000000011a5c        0x0 /usr/lib/gcc-cross/arm-linux-gnueabihf/6/../../../../arm-linux-gnueabihf/lib/../lib/crtn.o
 *(.gnu.warning)
 *(.glue_7t)
 .glue_7t       0x0000000000011a5c        0x0 linker stubs
 *(.glue_7)
 .glue_7        0x0000000000011a5c        0x0 linker stubs
 *(.vfp11_veneer)
 .vfp11_veneer  0x0000000000011a5c        0x0 linker stubs
 *(.v4_bx)
 .v4_bx         0x0000000000011a5c        0x0 linker stubs

.fini           0x0000000000011a5c        0x8
 *(SORT(.fini))
 .fini          0x0000000000011a5c        0x4 /usr/lib/gcc-cross/arm-linux-gnueabihf/6/../../../../arm-linux-gnueabihf/lib/../lib/crti.o
                0x0000000000011a5c                _fini
 .fini          0x0000000000011a60        0x4 /usr/lib/gcc-cross/arm-linux-gnueabihf/6/../../../../arm-linux-gnueabihf/lib/../lib/crtn.o
                [!provide]                        PROVIDE (__etext, .)
                [!provide]                        PROVIDE (_etext, .)
                [!provide]                        PROVIDE (etext, .)

.rodata         0x0000000000011a64      0x33c
 *(.rodata .rodata.* .gnu.linkonce.r.*)
 .rodata.cst4   0x0000000000011a64        0x4 /usr/lib/gcc-cross/arm-linux-gnueabihf/6/../../../../arm-linux-gnueabihf/lib/../lib/crt1.o
                0x0000000000011a64                _IO_stdin_used
 .rodata.str1.4
                0x0000000000011a68      0x27a Main.o
                                        0x282 (size before relaxing)
 *fill*         0x0000000000011ce2        0x2 
 .rodata.str1.4
                0x0000000000011ce4       0x71 CircularBuffer.o
 *fill*         0x0000000000011d55        0x3 
 .rodata        0x0000000000011d58        0x4 SharedMemory.o
                0x0000000000011d58                SIZE
 .rodata.str1.4
                0x0000000000011d5c       0x2d SharedMemory.o
 *fill*         0x0000000000011d89        0x3 
 .rodata.str1.4
                0x0000000000011d8c       0x10 ErrorHandling.o
 .rodata.str1.4
                0x0000000000011d9c        0x4 DebugText.o
                                          0x6 (size before relaxing)

.rodata1
 *(.rodata1)

.ARM.extab      0x0000000000011da0        0x0
 *(.ARM.extab* .gnu.linkonce.armextab.*)
 .ARM.extab     0x0000000000011da0        0x0 /usr/lib/gcc-cross/arm-linux-gnueabihf/6/../../../../arm-linux-gnueabihf/lib/../lib/crt1.o
                [!provide]                        PROVIDE (__exidx_start, .)

.ARM.exidx      0x0000000000011da0        0x8
 *(.ARM.exidx* .gnu.linkonce.armexidx.*)
 .ARM.exidx     0x0000000000011da0        0x8 /usr/lib/gcc-cross/arm-linux-gnueabihf/6/../../../../arm-linux-gnueabihf/lib/../lib/crt1.o
                [!provide]                        PROVIDE (__exidx_end, .)

.eh_frame_hdr
 *(.eh_frame_hdr)
 *(.eh_frame_entry .eh_frame_entry.*)

.eh_frame       0x0000000000011da8        0x4
 *(.eh_frame)
 .eh_frame      0x0000000000011da8        0x4 /usr/lib/gcc-cross/arm-linux-gnueabihf/6/crtend.o
 *(.eh_frame.*)

.gcc_except_table
 *(.gcc_except_table .gcc_except_table.*)

.gnu_extab
 *(.gnu_extab*)

.exception_ranges
 *(.exception_ranges .exception_ranges*)
                0x0000000000021ef4                . = DATA_SEGMENT_ALIGN (0x10000, 0x1000)

.eh_frame
 *(.eh_frame)
 *(.eh_frame.*)

.gnu_extab
 *(.gnu_extab)

.gcc_except_table
 *(.gcc_except_table .gcc_except_table.*)

.exception_ranges
 *(.exception_ranges .exception_ranges*)

.tdata
 *(.tdata .tdata.* .gnu.linkonce.td.*)

.tbss
 *(.tbss .tbss.* .gnu.linkonce.tb.*)
 *(.tcommon)

.preinit_array  0x0000000000021ef4        0x0
                [!provide]                        PROVIDE (__preinit_array_start, .)
 *(.preinit_array)
                [!provide]                        PROVIDE (__preinit_array_end, .)

.init_array     0x0000000000021ef4        0x4
                0x0000000000021ef4                PROVIDE (__init_array_start, .)
 *(SORT(.init_array.*) SORT(.ctors.*))
 *(.init_array EXCLUDE_FILE(*crtend?.o *crtend.o *crtbegin?.o *crtbegin.o) .ctors)
 .init_array    0x0000000000021ef4        0x4 /usr/lib/gcc-cross/arm-linux-gnueabihf/6/crtbegin.o
                0x0000000000021ef8                PROVIDE (__init_array_end, .)

.fini_array     0x0000000000021ef8        0x4
                [!provide]                        PROVIDE (__fini_array_start, .)
 *(SORT(.fini_array.*) SORT(.dtors.*))
 *(.fini_array EXCLUDE_FILE(*crtend?.o *crtend.o *crtbegin?.o *crtbegin.o) .dtors)
 .fini_array    0x0000000000021ef8        0x4 /usr/lib/gcc-cross/arm-linux-gnueabihf/6/crtbegin.o
                [!provide]                        PROVIDE (__fini_array_end, .)

.ctors
 *crtbegin.o(.ctors)
 *crtbegin?.o(.ctors)
 *(EXCLUDE_FILE(*crtend?.o *crtend.o) .ctors)
 *(SORT(.ctors.*))
 *(.ctors)

.dtors
 *crtbegin.o(.dtors)
 *crtbegin?.o(.dtors)
 *(EXCLUDE_FILE(*crtend?.o *crtend.o) .dtors)
 *(SORT(.dtors.*))
 *(.dtors)

.jcr            0x0000000000021efc        0x4
 *(.jcr)
 .jcr           0x0000000000021efc        0x0 /usr/lib/gcc-cross/arm-linux-gnueabihf/6/crtbegin.o
 .jcr           0x0000000000021efc        0x4 /usr/lib/gcc-cross/arm-linux-gnueabihf/6/crtend.o

.data.rel.ro
 *(.data.rel.ro.local* .gnu.linkonce.d.rel.ro.local.*)
 *(.data.rel.ro .data.rel.ro.* .gnu.linkonce.d.rel.ro.*)

.dynamic        0x0000000000021f00      0x100
 *(.dynamic)
 .dynamic       0x0000000000021f00      0x100 /usr/lib/gcc-cross/arm-linux-gnueabihf/6/../../../../arm-linux-gnueabihf/lib/../lib/crt1.o
                0x0000000000021f00                _DYNAMIC
                0x0000000000022000                . = DATA_SEGMENT_RELRO_END (., 0x0)

.got            0x0000000000022000       0x68
 *(.got.plt)
 .got.plt       0x0000000000022000       0x64 /usr/lib/gcc-cross/arm-linux-gnueabihf/6/../../../../arm-linux-gnueabihf/lib/../lib/crt1.o
                0x0000000000022000                _GLOBAL_OFFSET_TABLE_
 *(.igot.plt)
 .igot.plt      0x0000000000022064        0x0 /usr/lib/gcc-cross/arm-linux-gnueabihf/6/../../../../arm-linux-gnueabihf/lib/../lib/crt1.o
 *(.got)
 .got           0x0000000000022064        0x4 /usr/lib/gcc-cross/arm-linux-gnueabihf/6/../../../../arm-linux-gnueabihf/lib/../lib/crt1.o
 *(.igot)

.data           0x0000000000022068        0x8
                [!provide]                        PROVIDE (__data_start, .)
 *(.data .data.* .gnu.linkonce.d.*)
 .data          0x0000000000022068        0x4 /usr/lib/gcc-cross/arm-linux-gnueabihf/6/../../../../arm-linux-gnueabihf/lib/../lib/crt1.o
                0x0000000000022068                data_start
                0x0000000000022068                __data_start
 .data          0x000000000002206c        0x0 /usr/lib/gcc-cross/arm-linux-gnueabihf/6/../../../../arm-linux-gnueabihf/lib/../lib/crti.o
 .data          0x000000000002206c        0x4 /usr/lib/gcc-cross/arm-linux-gnueabihf/6/crtbegin.o
                0x000000000002206c                __dso_handle
 .data          0x0000000000022070        0x0 Main.o
 .data          0x0000000000022070        0x0 Common.o
 .data          0x0000000000022070        0x0 CircularBuffer.o
 .data          0x0000000000022070        0x0 Timestamp.o
 .data          0x0000000000022070        0x0 SharedMemory.o
 .data          0x0000000000022070        0x0 ErrorHandling.o
 .data          0x0000000000022070        0x0 DebugText.o
 .data          0x0000000000022070        0x0 /usr/arm-linux-gnueabihf/lib/libc_nonshared.a(elf-init.oS)
 .data          0x0000000000022070        0x0 /usr/lib/gcc-cross/arm-linux-gnueabihf/6/libgcc.a(_udivsi3.o)
 .data          0x0000000000022070        0x0 /usr/lib/gcc-cross/arm-linux-gnueabihf/6/libgcc.a(_dvmd_lnx.o)
 .data          0x0000000000022070        0x0 /usr/lib/gcc-cross/arm-linux-gnueabihf/6/crtend.o
 .data          0x0000000000022070        0x0 /usr/lib/gcc-cross/arm-linux-gnueabihf/6/../../../../arm-linux-gnueabihf/lib/../lib/crtn.o

.tm_clone_table
                0x0000000000022070        0x0
 .tm_clone_table
                0x0000000000022070        0x0 /usr/lib/gcc-cross/arm-linux-gnueabihf/6/crtbegin.o
 .tm_clone_table
                0x0000000000022070        0x0 /usr/lib/gcc-cross/arm-linux-gnueabihf/6/crtend.o

.data1
 *(.data1)
                0x0000000000022070                _edata = .
                [!provide]                        PROVIDE (edata, .)
                0x0000000000022070                . = .
                0x0000000000022070                __bss_start = .
                0x0000000000022070                __bss_start__ = .

.bss            0x0000000000022070      0x140
 *(.dynbss)
 .dynbss        0x0000000000022070        0x8 /usr/lib/gcc-cross/arm-linux-gnueabihf/6/../../../../arm-linux-gnueabihf/lib/../lib/crt1.o
                0x0000000000022070                __stack_chk_guard@@GLIBC_2.4
                0x0000000000022074                stdout@@GLIBC_2.4
 *(.bss .bss.* .gnu.linkonce.b.*)
 .bss           0x0000000000022078        0x0 /usr/lib/gcc-cross/arm-linux-gnueabihf/6/../../../../arm-linux-gnueabihf/lib/../lib/crt1.o
 .bss           0x0000000000022078        0x0 /usr/lib/gcc-cross/arm-linux-gnueabihf/6/../../../../arm-linux-gnueabihf/lib/../lib/crti.o
 .bss           0x0000000000022078        0x1 /usr/lib/gcc-cross/arm-linux-gnueabihf/6/crtbegin.o
 *fill*         0x0000000000022079        0x3 
 .bss           0x000000000002207c       0x34 Main.o
                0x000000000002207c                inputCount
                0x0000000000022080                portA
                0x0000000000022084                spi
                0x0000000000022088                spi0
                0x000000000002208c                spi1
                0x0000000000022090                gpio
                0x0000000000022094                portC
                0x0000000000022098                portD
                0x000000000002209c                portE
                0x00000000000220a0                portF
                0x00000000000220a4                portG
                0x00000000000220a8                portL
 .bss           0x00000000000220b0        0x0 Common.o
 .bss           0x00000000000220b0        0x0 CircularBuffer.o
 .bss           0x00000000000220b0        0x0 Timestamp.o
 .bss           0x00000000000220b0        0x0 SharedMemory.o
 .bss           0x00000000000220b0        0x0 ErrorHandling.o
 .bss           0x00000000000220b0      0x100 DebugText.o
 .bss           0x00000000000221b0        0x0 /usr/arm-linux-gnueabihf/lib/libc_nonshared.a(elf-init.oS)
 .bss           0x00000000000221b0        0x0 /usr/lib/gcc-cross/arm-linux-gnueabihf/6/libgcc.a(_udivsi3.o)
 .bss           0x00000000000221b0        0x0 /usr/lib/gcc-cross/arm-linux-gnueabihf/6/libgcc.a(_dvmd_lnx.o)
 .bss           0x00000000000221b0        0x0 /usr/lib/gcc-cross/arm-linux-gnueabihf/6/crtend.o
 .bss           0x00000000000221b0        0x0 /usr/lib/gcc-cross/arm-linux-gnueabihf/6/../../../../arm-linux-gnueabihf/lib/../lib/crtn.o
 *(COMMON)
                0x00000000000221b0                . = ALIGN ((. != 0x0)?0x4:0x1)
                0x00000000000221b0                _bss_end__ = .
                0x00000000000221b0                __bss_end__ = .
                0x00000000000221b0                . = ALIGN (0x4)
                0x00000000000221b0                . = SEGMENT_START ("ldata-segment", .)
                0x00000000000221b0                . = ALIGN (0x4)
                0x00000000000221b0                __end__ = .
                0x00000000000221b0                _end = .
                [!provide]                        PROVIDE (end, .)
                0x00000000000221b0                . = DATA_SEGMENT_END (.)

.stab
 *(.stab)

.stabstr
 *(.stabstr)

.stab.excl
 *(.stab.excl)

.stab.exclstr
 *(.stab.exclstr)

.stab.index
 *(.stab.index)

.stab.indexstr
 *(.stab.indexstr)

.comment        0x0000000000000000       0x2d
 *(.comment)
 .comment       0x0000000000000000       0x2d /usr/lib/gcc-cross/arm-linux-gnueabihf/6/crtbegin.o
                                         0x2e (size before relaxing)
 .comment       0x000000000000002d       0x2e Main.o
 .comment       0x000000000000002d       0x2e Common.o
 .comment       0x000000000000002d       0x2e CircularBuffer.o
 .comment       0x000000000000002d       0x2e Timestamp.o
 .comment       0x000000000000002d       0x2e SharedMemory.o
 .comment       0x000000000000002d       0x2e ErrorHandling.o
 .comment       0x000000000000002d       0x2e DebugText.o
 .comment       0x000000000000002d       0x2e /usr/lib/gcc-cross/arm-linux-gnueabihf/6/crtend.o

.ARM.attributes
                0x0000000000000000       0x35
 .ARM.attributes
                0x0000000000000000       0x33 /usr/lib/gcc-cross/arm-linux-gnueabihf/6/../../../../arm-linux-gnueabihf/lib/../lib/crt1.o
 .ARM.attributes
                0x0000000000000033       0x27 /usr/lib/gcc-cross/arm-linux-gnueabihf/6/../../../../arm-linux-gnueabihf/lib/../lib/crti.o
 .ARM.attributes
                0x000000000000005a       0x33 /usr/lib/gcc-cross/arm-linux-gnueabihf/6/crtbegin.o
 .ARM.attributes
                0x000000000000008d       0x35 Main.o
 .ARM.attributes
                0x00000000000000c2       0x35 Common.o
 .ARM.attributes
                0x00000000000000f7       0x35 CircularBuffer.o
 .ARM.attributes
                0x000000000000012c       0x35 Timestamp.o
 .ARM.attributes
                0x0000000000000161       0x35 SharedMemory.o
 .ARM.attributes
                0x0000000000000196       0x35 ErrorHandling.o
 .ARM.attributes
                0x00000000000001cb       0x35 DebugText.o
 .ARM.attributes
                0x0000000000000200       0x35 /usr/arm-linux-gnueabihf/lib/libc_nonshared.a(elf-init.oS)
 .ARM.attributes
                0x0000000000000235       0x21 /usr/lib/gcc-cross/arm-linux-gnueabihf/6/libgcc.a(_udivsi3.o)
 .ARM.attributes
                0x0000000000000256       0x21 /usr/lib/gcc-cross/arm-linux-gnueabihf/6/libgcc.a(_dvmd_lnx.o)
 .ARM.attributes
                0x0000000000000277       0x33 /usr/lib/gcc-cross/arm-linux-gnueabihf/6/crtend.o
 .ARM.attributes
                0x00000000000002aa       0x27 /usr/lib/gcc-cross/arm-linux-gnueabihf/6/../../../../arm-linux-gnueabihf/lib/../lib/crtn.o

.debug
 *(.debug)

.line
 *(.line)

.debug_srcinfo
 *(.debug_srcinfo)

.debug_sfnames
 *(.debug_sfnames)

.debug_aranges  0x0000000000000000       0xf0
 *(.debug_aranges)
 .debug_aranges
                0x0000000000000000       0x30 Main.o
 .debug_aranges
                0x0000000000000030       0x20 Common.o
 .debug_aranges
                0x0000000000000050       0x20 CircularBuffer.o
 .debug_aranges
                0x0000000000000070       0x20 Timestamp.o
 .debug_aranges
                0x0000000000000090       0x20 SharedMemory.o
 .debug_aranges
                0x00000000000000b0       0x20 ErrorHandling.o
 .debug_aranges
                0x00000000000000d0       0x20 DebugText.o

.debug_pubnames
 *(.debug_pubnames)

.debug_info     0x0000000000000000     0x37d0
 *(.debug_info .gnu.linkonce.wi.*)
 .debug_info    0x0000000000000000     0x23f0 Main.o
 .debug_info    0x00000000000023f0      0x1ba Common.o
 .debug_info    0x00000000000025aa      0x55a CircularBuffer.o
 .debug_info    0x0000000000002b04       0xba Timestamp.o
 .debug_info    0x0000000000002bbe      0x3b5 SharedMemory.o
 .debug_info    0x0000000000002f73       0xa0 ErrorHandling.o
 .debug_info    0x0000000000003013      0x7bd DebugText.o

.debug_abbrev   0x0000000000000000      0xbf5
 *(.debug_abbrev)
 .debug_abbrev  0x0000000000000000      0x4b0 Main.o
 .debug_abbrev  0x00000000000004b0       0xff Common.o
 .debug_abbrev  0x00000000000005af      0x17b CircularBuffer.o
 .debug_abbrev  0x000000000000072a       0x76 Timestamp.o
 .debug_abbrev  0x00000000000007a0      0x193 SharedMemory.o
 .debug_abbrev  0x0000000000000933       0x6a ErrorHandling.o
 .debug_abbrev  0x000000000000099d      0x258 DebugText.o

.debug_line     0x0000000000000000     0x10b0
 *(.debug_line .debug_line.* .debug_line_end)
 .debug_line    0x0000000000000000      0x6db Main.o
 .debug_line    0x00000000000006db       0xa2 Common.o
 .debug_line    0x000000000000077d      0x2d2 CircularBuffer.o
 .debug_line    0x0000000000000a4f      0x115 Timestamp.o
 .debug_line    0x0000000000000b64      0x1fe SharedMemory.o
 .debug_line    0x0000000000000d62       0xea ErrorHandling.o
 .debug_line    0x0000000000000e4c      0x264 DebugText.o

.debug_frame    0x0000000000000000      0x47c
 *(.debug_frame)
 .debug_frame   0x0000000000000000      0x1cc Main.o
 .debug_frame   0x00000000000001cc       0x68 Common.o
 .debug_frame   0x0000000000000234       0xd0 CircularBuffer.o
 .debug_frame   0x0000000000000304       0x30 Timestamp.o
 .debug_frame   0x0000000000000334       0x64 SharedMemory.o
 .debug_frame   0x0000000000000398       0x28 ErrorHandling.o
 .debug_frame   0x00000000000003c0       0xbc DebugText.o

.debug_str      0x0000000000000000      0xc93
 *(.debug_str)
 .debug_str     0x0000000000000000      0x789 Main.o
                                        0x849 (size before relaxing)
 .debug_str     0x0000000000000789       0x72 Common.o
                                        0x21f (size before relaxing)
 .debug_str     0x00000000000007fb      0x19f CircularBuffer.o
                                        0x34c (size before relaxing)
 .debug_str     0x000000000000099a       0x82 Timestamp.o
                                        0x1bd (size before relaxing)
 .debug_str     0x0000000000000a1c       0xd7 SharedMemory.o
                                        0x2a2 (size before relaxing)
 .debug_str     0x0000000000000af3       0x61 ErrorHandling.o
                                        0x19b (size before relaxing)
 .debug_str     0x0000000000000b54      0x13f DebugText.o
                                        0x4ca (size before relaxing)

.debug_loc      0x0000000000000000     0x15c2
 *(.debug_loc)
 .debug_loc     0x0000000000000000      0xcf8 Main.o
 .debug_loc     0x0000000000000cf8       0x66 Common.o
 .debug_loc     0x0000000000000d5e      0x4ca CircularBuffer.o
 .debug_loc     0x0000000000001228       0x1f Timestamp.o
 .debug_loc     0x0000000000001247      0x181 SharedMemory.o
 .debug_loc     0x00000000000013c8      0x1fa DebugText.o

.debug_macinfo
 *(.debug_macinfo)

.debug_weaknames
 *(.debug_weaknames)

.debug_funcnames
 *(.debug_funcnames)

.debug_typenames
 *(.debug_typenames)

.debug_varnames
 *(.debug_varnames)

.debug_pubtypes
 *(.debug_pubtypes)

.debug_ranges   0x0000000000000000      0x338
 *(.debug_ranges)
 .debug_ranges  0x0000000000000000      0x1e0 Main.o
 .debug_ranges  0x00000000000001e0       0x88 CircularBuffer.o
 .debug_ranges  0x0000000000000268       0xd0 DebugText.o

.debug_macro
 *(.debug_macro)

.gnu.attributes
 *(.gnu.attributes)

.note.gnu.arm.ident
 *(.note.gnu.arm.ident)

/DISCARD/
 *(.note.GNU-stack)
 *(.gnu_debuglink)
 *(.gnu.lto_*)
OUTPUT(Main.elf elf32-littlearm)
