Archive member included to satisfy reference by file (symbol)

/usr/arm-linux-gnueabihf/lib/libc_nonshared.a(elf-init.oS)
                              /usr/lib/gcc-cross/arm-linux-gnueabihf/6/../../../../arm-linux-gnueabihf/lib/../lib/crt1.o (__libc_csu_init)
/usr/lib/gcc-cross/arm-linux-gnueabihf/6/libgcc.a(_udivsi3.o)
                              Main.o (__aeabi_uidiv)
/usr/lib/gcc-cross/arm-linux-gnueabihf/6/libgcc.a(_dvmd_lnx.o)
                              /usr/lib/gcc-cross/arm-linux-gnueabihf/6/libgcc.a(_udivsi3.o) (__aeabi_idiv0)

As-needed library included to satisfy reference by file (symbol)

libc.so.6                     DebugText.o (fflush@@GLIBC_2.4)
ld-linux-armhf.so.3           DebugText.o (__stack_chk_guard@@GLIBC_2.4)
librt.so.1                    SharedMemory.o (shm_open@@GLIBC_2.4)
libpthread.so.0               Main.o (pthread_create@@GLIBC_2.4)
libgcc_s.so.1                 Main.o (__aeabi_unwind_cpp_pr0@@GCC_3.5)

Discarded input sections

 .note.GNU-stack
                0x0000000000000000        0x0 /usr/lib/gcc-cross/arm-linux-gnueabihf/6/../../../../arm-linux-gnueabihf/lib/../lib/crt1.o
 .note.GNU-stack
                0x0000000000000000        0x0 /usr/lib/gcc-cross/arm-linux-gnueabihf/6/../../../../arm-linux-gnueabihf/lib/../lib/crti.o
 .note.GNU-stack
                0x0000000000000000        0x0 /usr/lib/gcc-cross/arm-linux-gnueabihf/6/crtbegin.o
 .note.GNU-stack
                0x0000000000000000        0x0 Main.o
 .note.GNU-stack
                0x0000000000000000        0x0 Common.o
 .note.GNU-stack
                0x0000000000000000        0x0 CircularBuffer.o
 .note.GNU-stack
                0x0000000000000000        0x0 Timestamp.o
 .note.GNU-stack
                0x0000000000000000        0x0 SharedMemory.o
 .note.GNU-stack
                0x0000000000000000        0x0 ErrorHandling.o
 .note.GNU-stack
                0x0000000000000000        0x0 DebugText.o
 .note.GNU-stack
                0x0000000000000000        0x0 /usr/arm-linux-gnueabihf/lib/libc_nonshared.a(elf-init.oS)
 .note.GNU-stack
                0x0000000000000000        0x0 /usr/lib/gcc-cross/arm-linux-gnueabihf/6/libgcc.a(_udivsi3.o)
 .note.GNU-stack
                0x0000000000000000        0x0 /usr/lib/gcc-cross/arm-linux-gnueabihf/6/libgcc.a(_dvmd_lnx.o)
 .note.GNU-stack
                0x0000000000000000        0x0 /usr/lib/gcc-cross/arm-linux-gnueabihf/6/crtend.o
 .note.GNU-stack
                0x0000000000000000        0x0 /usr/lib/gcc-cross/arm-linux-gnueabihf/6/../../../../arm-linux-gnueabihf/lib/../lib/crtn.o

Memory Configuration

Name             Origin             Length             Attributes
*default*        0x0000000000000000 0xffffffffffffffff

Linker script and memory map

LOAD /usr/lib/gcc-cross/arm-linux-gnueabihf/6/../../../../arm-linux-gnueabihf/lib/../lib/crt1.o
LOAD /usr/lib/gcc-cross/arm-linux-gnueabihf/6/../../../../arm-linux-gnueabihf/lib/../lib/crti.o
LOAD /usr/lib/gcc-cross/arm-linux-gnueabihf/6/crtbegin.o
LOAD Main.o
LOAD Common.o
LOAD CircularBuffer.o
LOAD Timestamp.o
LOAD SharedMemory.o
LOAD ErrorHandling.o
LOAD DebugText.o
LOAD /usr/lib/gcc-cross/arm-linux-gnueabihf/6/../../../../arm-linux-gnueabihf/lib/../lib/libc.so
START GROUP
LOAD /usr/arm-linux-gnueabihf/lib/libc.so.6
LOAD /usr/arm-linux-gnueabihf/lib/libc_nonshared.a
LOAD /usr/arm-linux-gnueabihf/lib/ld-linux-armhf.so.3
END GROUP
LOAD /usr/lib/gcc-cross/arm-linux-gnueabihf/6/libgcc.a
LOAD /usr/lib/gcc-cross/arm-linux-gnueabihf/6/../../../../arm-linux-gnueabihf/lib/../lib/librt.so
LOAD /usr/lib/gcc-cross/arm-linux-gnueabihf/6/../../../../arm-linux-gnueabihf/lib/../lib/libpthread.so
START GROUP
LOAD /usr/arm-linux-gnueabihf/lib/libpthread.so.0
LOAD /usr/arm-linux-gnueabihf/lib/libpthread_nonshared.a
END GROUP
LOAD /usr/lib/gcc-cross/arm-linux-gnueabihf/6/libgcc.a
LOAD /usr/lib/gcc-cross/arm-linux-gnueabihf/6/libgcc_s.so
START GROUP
LOAD /usr/lib/gcc-cross/arm-linux-gnueabihf/6/libgcc_s.so.1
LOAD /usr/lib/gcc-cross/arm-linux-gnueabihf/6/libgcc.a
END GROUP
LOAD /usr/lib/gcc-cross/arm-linux-gnueabihf/6/../../../../arm-linux-gnueabihf/lib/../lib/libc.so
START GROUP
LOAD /usr/arm-linux-gnueabihf/lib/libc.so.6
LOAD /usr/arm-linux-gnueabihf/lib/libc_nonshared.a
LOAD /usr/arm-linux-gnueabihf/lib/ld-linux-armhf.so.3
END GROUP
LOAD /usr/lib/gcc-cross/arm-linux-gnueabihf/6/libgcc.a
LOAD /usr/lib/gcc-cross/arm-linux-gnueabihf/6/libgcc_s.so
START GROUP
LOAD /usr/lib/gcc-cross/arm-linux-gnueabihf/6/libgcc_s.so.1
LOAD /usr/lib/gcc-cross/arm-linux-gnueabihf/6/libgcc.a
END GROUP
LOAD /usr/lib/gcc-cross/arm-linux-gnueabihf/6/crtend.o
LOAD /usr/lib/gcc-cross/arm-linux-gnueabihf/6/../../../../arm-linux-gnueabihf/lib/../lib/crtn.o
                [!provide]                        PROVIDE (__executable_start, 0x10000)
                0x0000000000010154                . = (0x10000 + SIZEOF_HEADERS)

.interp         0x0000000000010154       0x19
 *(.interp)
 .interp        0x0000000000010154       0x19 /usr/lib/gcc-cross/arm-linux-gnueabihf/6/../../../../arm-linux-gnueabihf/lib/../lib/crt1.o

.note.ABI-tag   0x0000000000010170       0x20
 .note.ABI-tag  0x0000000000010170       0x20 /usr/lib/gcc-cross/arm-linux-gnueabihf/6/../../../../arm-linux-gnueabihf/lib/../lib/crt1.o

.note.gnu.build-id
                0x0000000000010190       0x24
 *(.note.gnu.build-id)
 .note.gnu.build-id
                0x0000000000010190       0x24 linker stubs

.hash
 *(.hash)

.gnu.hash       0x00000000000101b4       0xd4
 *(.gnu.hash)
 .gnu.hash      0x00000000000101b4       0xd4 /usr/lib/gcc-cross/arm-linux-gnueabihf/6/../../../../arm-linux-gnueabihf/lib/../lib/crt1.o

.dynsym         0x0000000000010288      0x1f0
 *(.dynsym)
 .dynsym        0x0000000000010288      0x1f0 /usr/lib/gcc-cross/arm-linux-gnueabihf/6/../../../../arm-linux-gnueabihf/lib/../lib/crt1.o

.dynstr         0x0000000000010478      0x1b4
 *(.dynstr)
 .dynstr        0x0000000000010478      0x1b4 /usr/lib/gcc-cross/arm-linux-gnueabihf/6/../../../../arm-linux-gnueabihf/lib/../lib/crt1.o

.gnu.version    0x000000000001062c       0x3e
 *(.gnu.version)
 .gnu.version   0x000000000001062c       0x3e /usr/lib/gcc-cross/arm-linux-gnueabihf/6/../../../../arm-linux-gnueabihf/lib/../lib/crt1.o

.gnu.version_d  0x000000000001066c        0x0
 *(.gnu.version_d)
 .gnu.version_d
                0x000000000001066c        0x0 /usr/lib/gcc-cross/arm-linux-gnueabihf/6/../../../../arm-linux-gnueabihf/lib/../lib/crt1.o

.gnu.version_r  0x000000000001066c       0xa0
 *(.gnu.version_r)
 .gnu.version_r
                0x000000000001066c       0xa0 /usr/lib/gcc-cross/arm-linux-gnueabihf/6/../../../../arm-linux-gnueabihf/lib/../lib/crt1.o

.rel.dyn        0x000000000001070c       0x18
 *(.rel.init)
 *(.rel.text .rel.text.* .rel.gnu.linkonce.t.*)
 *(.rel.fini)
 *(.rel.rodata .rel.rodata.* .rel.gnu.linkonce.r.*)
 *(.rel.data.rel.ro .rel.data.rel.ro.* .rel.gnu.linkonce.d.rel.ro.*)
 *(.rel.data .rel.data.* .rel.gnu.linkonce.d.*)
 *(.rel.tdata .rel.tdata.* .rel.gnu.linkonce.td.*)
 *(.rel.tbss .rel.tbss.* .rel.gnu.linkonce.tb.*)
 *(.rel.ctors)
 *(.rel.dtors)
 *(.rel.got)
 .rel.got       0x000000000001070c        0x8 /usr/lib/gcc-cross/arm-linux-gnueabihf/6/../../../../arm-linux-gnueabihf/lib/../lib/crt1.o
 *(.rel.bss .rel.bss.* .rel.gnu.linkonce.b.*)
 .rel.bss       0x0000000000010714       0x10 /usr/lib/gcc-cross/arm-linux-gnueabihf/6/../../../../arm-linux-gnueabihf/lib/../lib/crt1.o
                [!provide]                        PROVIDE (__rel_iplt_start, .)
 *(.rel.iplt)
 .rel.iplt      0x0000000000010724        0x0 /usr/lib/gcc-cross/arm-linux-gnueabihf/6/../../../../arm-linux-gnueabihf/lib/../lib/crt1.o
                [!provide]                        PROVIDE (__rel_iplt_end, .)

.rela.dyn       0x0000000000010724        0x0
 *(.rela.init)
 *(.rela.text .rela.text.* .rela.gnu.linkonce.t.*)
 *(.rela.fini)
 *(.rela.rodata .rela.rodata.* .rela.gnu.linkonce.r.*)
 *(.rela.data .rela.data.* .rela.gnu.linkonce.d.*)
 *(.rela.tdata .rela.tdata.* .rela.gnu.linkonce.td.*)
 *(.rela.tbss .rela.tbss.* .rela.gnu.linkonce.tb.*)
 *(.rela.ctors)
 *(.rela.dtors)
 *(.rela.got)
 *(.rela.bss .rela.bss.* .rela.gnu.linkonce.b.*)
                [!provide]                        PROVIDE (__rela_iplt_start, .)
 *(.rela.iplt)
                [!provide]                        PROVIDE (__rela_iplt_end, .)

.rel.plt        0x0000000000010724       0xb8
 *(.rel.plt)
 .rel.plt       0x0000000000010724       0xb8 /usr/lib/gcc-cross/arm-linux-gnueabihf/6/../../../../arm-linux-gnueabihf/lib/../lib/crt1.o

.rela.plt
 *(.rela.plt)

.init           0x00000000000107dc        0xc
 *(SORT(.init))
 .init          0x00000000000107dc        0x8 /usr/lib/gcc-cross/arm-linux-gnueabihf/6/../../../../arm-linux-gnueabihf/lib/../lib/crti.o
                0x00000000000107dc                _init
 .init          0x00000000000107e4        0x4 /usr/lib/gcc-cross/arm-linux-gnueabihf/6/../../../../arm-linux-gnueabihf/lib/../lib/crtn.o

.plt            0x00000000000107e8      0x138
 *(.plt)
 .plt           0x00000000000107e8      0x138 /usr/lib/gcc-cross/arm-linux-gnueabihf/6/../../../../arm-linux-gnueabihf/lib/../lib/crt1.o
                0x00000000000107fc                raise@@GLIBC_2.4
                0x000000000001080c                fflush@@GLIBC_2.4
                0x0000000000010818                __vsnprintf_chk@@GLIBC_2.4
                0x0000000000010824                memcpy@@GLIBC_2.4
                0x0000000000010830                shm_open@@GLIBC_2.4
                0x000000000001083c                sleep@@GLIBC_2.4
                0x0000000000010848                __stack_chk_fail@@GLIBC_2.4
                0x0000000000010854                perror@@GLIBC_2.4
                0x0000000000010860                usleep@@GLIBC_2.4
                0x000000000001086c                pthread_create@@GLIBC_2.4
                0x000000000001087c                puts@@GLIBC_2.4
                0x0000000000010888                __libc_start_main@@GLIBC_2.4
                0x00000000000108a0                open@@GLIBC_2.4
                0x00000000000108ac                exit@@GLIBC_2.4
                0x00000000000108b8                mmap@@GLIBC_2.4
                0x00000000000108c4                memset@@GLIBC_2.4
                0x00000000000108d4                __printf_chk@@GLIBC_2.4
                0x00000000000108e0                __fprintf_chk@@GLIBC_2.4
                0x00000000000108ec                ftruncate@@GLIBC_2.4
                0x00000000000108fc                msync@@GLIBC_2.4
                0x0000000000010908                abort@@GLIBC_2.4
                0x0000000000010914                close@@GLIBC_2.4

.iplt           0x0000000000010920        0x0
 *(.iplt)
 .iplt          0x0000000000010920        0x0 /usr/lib/gcc-cross/arm-linux-gnueabihf/6/../../../../arm-linux-gnueabihf/lib/../lib/crt1.o

.text           0x0000000000010920     0x1054
 *(.text.unlikely .text.*_unlikely .text.unlikely.*)
 .text.unlikely
                0x0000000000010920       0x14 Main.o
 *(.text.exit .text.exit.*)
 *(.text.startup .text.startup.*)
 .text.startup  0x0000000000010934      0x224 Main.o
                0x0000000000010934                main
 *(.text.hot .text.hot.*)
 *(.text .stub .text.* .gnu.linkonce.t.*)
 .text          0x0000000000010b58       0x30 /usr/lib/gcc-cross/arm-linux-gnueabihf/6/../../../../arm-linux-gnueabihf/lib/../lib/crt1.o
                0x0000000000010b58                _start
 .text          0x0000000000010b88       0x24 /usr/lib/gcc-cross/arm-linux-gnueabihf/6/../../../../arm-linux-gnueabihf/lib/../lib/crti.o
 .text          0x0000000000010bac       0x8c /usr/lib/gcc-cross/arm-linux-gnueabihf/6/crtbegin.o
 .text          0x0000000000010c38      0x6d8 Main.o
                0x0000000000010c38                doSomeThing(void*)
                0x0000000000010c80                SetupGPIO()
                0x0000000000010cec                writel(unsigned int, unsigned int)
                0x0000000000010d94                readl(unsigned int)
                0x0000000000010e08                SetupPWM()
                0x0000000000010e64                SetupSPI()
                0x0000000000010ebc                spi_set_clk(SPIPort*, unsigned int, unsigned int)
                0x0000000000010f38                SetupSPIController(SPIPort volatile*)
                0x00000000000111b8                SetOutputState(unsigned char)
                0x0000000000011250                printBits(unsigned int, void const*)
                0x0000000000011290                GetByteFromShiftRegister(FastSharedBuffer<unsigned char, unsigned short>&, SPIPort volatile*, PWMPort*)
 .text          0x0000000000011310        0x0 Common.o
 .text          0x0000000000011310      0x1bc CircularBuffer.o
                0x0000000000011310                CircularBufferShow
                0x000000000001136c                CircularBufferInitialiseAsReader
                0x0000000000011394                CircularBufferInitialiseAsWriter
                0x00000000000113bc                CircularBufferPut
                0x0000000000011418                CircularBufferLossyPut
                0x0000000000011470                CircularBufferGet
 .text          0x00000000000114cc        0xc Timestamp.o
                0x00000000000114cc                TimestampInitialise
                0x00000000000114d0                GetTimestamp
 .text          0x00000000000114d8       0xcc SharedMemory.o
                0x00000000000114d8                SharedMemoryMasterInitialise
                0x0000000000011548                SharedMemorySlaveInitialise
                0x0000000000011598                SharedMemoryFlush
 .text          0x00000000000115a4       0x10 ErrorHandling.o
                0x00000000000115a4                PANIC
 .text          0x00000000000115b4       0xf8 DebugText.o
                0x00000000000115b4                DebugTextOutput
                0x00000000000115dc                DebugPrintf
                0x0000000000011630                NibbleToHex
                0x000000000001163c                DebugHexDumpBytes
                0x00000000000116a8                DebugHexDumpWords
 .text          0x00000000000116ac       0x40 /usr/arm-linux-gnueabihf/lib/libc_nonshared.a(elf-init.oS)
                0x00000000000116ac                __libc_csu_init
                0x00000000000116e8                __libc_csu_fini
 *fill*         0x00000000000116ec        0x4 
 .text          0x00000000000116f0      0x278 /usr/lib/gcc-cross/arm-linux-gnueabihf/6/libgcc.a(_udivsi3.o)
                0x00000000000116f0                __aeabi_uidiv
                0x00000000000116f0                __udivsi3
                0x000000000001194c                __aeabi_uidivmod
 .text          0x0000000000011968        0xc /usr/lib/gcc-cross/arm-linux-gnueabihf/6/libgcc.a(_dvmd_lnx.o)
                0x0000000000011968                __aeabi_ldiv0
                0x0000000000011968                __aeabi_idiv0
 .text          0x0000000000011974        0x0 /usr/lib/gcc-cross/arm-linux-gnueabihf/6/crtend.o
 .text          0x0000000000011974        0x0 /usr/lib/gcc-cross/arm-linux-gnueabihf/6/../../../../arm-linux-gnueabihf/lib/../lib/crtn.o
 *(.gnu.warning)
 *(.glue_7t)
 .glue_7t       0x0000000000011974        0x0 linker stubs
 *(.glue_7)
 .glue_7        0x0000000000011974        0x0 linker stubs
 *(.vfp11_veneer)
 .vfp11_veneer  0x0000000000011974        0x0 linker stubs
 *(.v4_bx)
 .v4_bx         0x0000000000011974        0x0 linker stubs

.fini           0x0000000000011974        0x8
 *(SORT(.fini))
 .fini          0x0000000000011974        0x4 /usr/lib/gcc-cross/arm-linux-gnueabihf/6/../../../../arm-linux-gnueabihf/lib/../lib/crti.o
                0x0000000000011974                _fini
 .fini          0x0000000000011978        0x4 /usr/lib/gcc-cross/arm-linux-gnueabihf/6/../../../../arm-linux-gnueabihf/lib/../lib/crtn.o
                [!provide]                        PROVIDE (__etext, .)
                [!provide]                        PROVIDE (_etext, .)
                [!provide]                        PROVIDE (etext, .)

.rodata         0x000000000001197c      0x338
 *(.rodata .rodata.* .gnu.linkonce.r.*)
 .rodata.cst4   0x000000000001197c        0x4 /usr/lib/gcc-cross/arm-linux-gnueabihf/6/../../../../arm-linux-gnueabihf/lib/../lib/crt1.o
                0x000000000001197c                _IO_stdin_used
 .rodata.str1.4
                0x0000000000011980      0x276 Main.o
                                        0x27a (size before relaxing)
 *fill*         0x0000000000011bf6        0x2 
 .rodata.str1.4
                0x0000000000011bf8       0x71 CircularBuffer.o
 *fill*         0x0000000000011c69        0x3 
 .rodata        0x0000000000011c6c        0x4 SharedMemory.o
                0x0000000000011c6c                SIZE
 .rodata.str1.4
                0x0000000000011c70       0x2d SharedMemory.o
 *fill*         0x0000000000011c9d        0x3 
 .rodata.str1.4
                0x0000000000011ca0       0x10 ErrorHandling.o
 .rodata.str1.4
                0x0000000000011cb0        0x4 DebugText.o
                                          0x6 (size before relaxing)

.rodata1
 *(.rodata1)

.ARM.extab      0x0000000000011cb4        0xc
 *(.ARM.extab* .gnu.linkonce.armextab.*)
 .ARM.extab     0x0000000000011cb4        0x0 /usr/lib/gcc-cross/arm-linux-gnueabihf/6/../../../../arm-linux-gnueabihf/lib/../lib/crt1.o
 .ARM.extab     0x0000000000011cb4        0x0 Main.o
 .ARM.extab.text.unlikely
                0x0000000000011cb4        0xc Main.o
 .ARM.extab.text.startup
                0x0000000000011cc0        0x0 Main.o
                [!provide]                        PROVIDE (__exidx_start, .)

.ARM.exidx      0x0000000000011cc0       0x70
 *(.ARM.exidx* .gnu.linkonce.armexidx.*)
 .ARM.exidx     0x0000000000011cd0        0x8 /usr/lib/gcc-cross/arm-linux-gnueabihf/6/../../../../arm-linux-gnueabihf/lib/../lib/crt1.o
 .ARM.exidx     0x0000000000011cd8       0x58 Main.o
 .ARM.exidx.text.unlikely
                0x0000000000011cc0        0x8 Main.o
 .ARM.exidx.text.startup
                0x0000000000011cc8        0x8 Main.o
                [!provide]                        PROVIDE (__exidx_end, .)

.eh_frame_hdr
 *(.eh_frame_hdr)
 *(.eh_frame_entry .eh_frame_entry.*)

.eh_frame       0x0000000000011d30        0x4
 *(.eh_frame)
 .eh_frame      0x0000000000011d30        0x4 /usr/lib/gcc-cross/arm-linux-gnueabihf/6/crtend.o
 *(.eh_frame.*)

.gcc_except_table
 *(.gcc_except_table .gcc_except_table.*)

.gnu_extab
 *(.gnu_extab*)

.exception_ranges
 *(.exception_ranges .exception_ranges*)
                0x0000000000021eec                . = DATA_SEGMENT_ALIGN (0x10000, 0x1000)

.eh_frame
 *(.eh_frame)
 *(.eh_frame.*)

.gnu_extab
 *(.gnu_extab)

.gcc_except_table
 *(.gcc_except_table .gcc_except_table.*)

.exception_ranges
 *(.exception_ranges .exception_ranges*)

.tdata
 *(.tdata .tdata.* .gnu.linkonce.td.*)

.tbss
 *(.tbss .tbss.* .gnu.linkonce.tb.*)
 *(.tcommon)

.preinit_array  0x0000000000021eec        0x0
                [!provide]                        PROVIDE (__preinit_array_start, .)
 *(.preinit_array)
                [!provide]                        PROVIDE (__preinit_array_end, .)

.init_array     0x0000000000021eec        0x4
                0x0000000000021eec                PROVIDE (__init_array_start, .)
 *(SORT(.init_array.*) SORT(.ctors.*))
 *(.init_array EXCLUDE_FILE(*crtend?.o *crtend.o *crtbegin?.o *crtbegin.o) .ctors)
 .init_array    0x0000000000021eec        0x4 /usr/lib/gcc-cross/arm-linux-gnueabihf/6/crtbegin.o
                0x0000000000021ef0                PROVIDE (__init_array_end, .)

.fini_array     0x0000000000021ef0        0x4
                [!provide]                        PROVIDE (__fini_array_start, .)
 *(SORT(.fini_array.*) SORT(.dtors.*))
 *(.fini_array EXCLUDE_FILE(*crtend?.o *crtend.o *crtbegin?.o *crtbegin.o) .dtors)
 .fini_array    0x0000000000021ef0        0x4 /usr/lib/gcc-cross/arm-linux-gnueabihf/6/crtbegin.o
                [!provide]                        PROVIDE (__fini_array_end, .)

.ctors
 *crtbegin.o(.ctors)
 *crtbegin?.o(.ctors)
 *(EXCLUDE_FILE(*crtend?.o *crtend.o) .ctors)
 *(SORT(.ctors.*))
 *(.ctors)

.dtors
 *crtbegin.o(.dtors)
 *crtbegin?.o(.dtors)
 *(EXCLUDE_FILE(*crtend?.o *crtend.o) .dtors)
 *(SORT(.dtors.*))
 *(.dtors)

.jcr            0x0000000000021ef4        0x4
 *(.jcr)
 .jcr           0x0000000000021ef4        0x0 /usr/lib/gcc-cross/arm-linux-gnueabihf/6/crtbegin.o
 .jcr           0x0000000000021ef4        0x4 /usr/lib/gcc-cross/arm-linux-gnueabihf/6/crtend.o

.data.rel.ro
 *(.data.rel.ro.local* .gnu.linkonce.d.rel.ro.local.*)
 *(.data.rel.ro .data.rel.ro.* .gnu.linkonce.d.rel.ro.*)

.dynamic        0x0000000000021ef8      0x108
 *(.dynamic)
 .dynamic       0x0000000000021ef8      0x108 /usr/lib/gcc-cross/arm-linux-gnueabihf/6/../../../../arm-linux-gnueabihf/lib/../lib/crt1.o
                0x0000000000021ef8                _DYNAMIC
                0x0000000000022000                . = DATA_SEGMENT_RELRO_END (., 0x0)

.got            0x0000000000022000       0x6c
 *(.got.plt)
 .got.plt       0x0000000000022000       0x68 /usr/lib/gcc-cross/arm-linux-gnueabihf/6/../../../../arm-linux-gnueabihf/lib/../lib/crt1.o
                0x0000000000022000                _GLOBAL_OFFSET_TABLE_
 *(.igot.plt)
 .igot.plt      0x0000000000022068        0x0 /usr/lib/gcc-cross/arm-linux-gnueabihf/6/../../../../arm-linux-gnueabihf/lib/../lib/crt1.o
 *(.got)
 .got           0x0000000000022068        0x4 /usr/lib/gcc-cross/arm-linux-gnueabihf/6/../../../../arm-linux-gnueabihf/lib/../lib/crt1.o
 *(.igot)

.data           0x000000000002206c        0x8
                [!provide]                        PROVIDE (__data_start, .)
 *(.data .data.* .gnu.linkonce.d.*)
 .data          0x000000000002206c        0x4 /usr/lib/gcc-cross/arm-linux-gnueabihf/6/../../../../arm-linux-gnueabihf/lib/../lib/crt1.o
                0x000000000002206c                data_start
                0x000000000002206c                __data_start
 .data          0x0000000000022070        0x0 /usr/lib/gcc-cross/arm-linux-gnueabihf/6/../../../../arm-linux-gnueabihf/lib/../lib/crti.o
 .data          0x0000000000022070        0x4 /usr/lib/gcc-cross/arm-linux-gnueabihf/6/crtbegin.o
                0x0000000000022070                __dso_handle
 .data          0x0000000000022074        0x0 Main.o
 .data          0x0000000000022074        0x0 Common.o
 .data          0x0000000000022074        0x0 CircularBuffer.o
 .data          0x0000000000022074        0x0 Timestamp.o
 .data          0x0000000000022074        0x0 SharedMemory.o
 .data          0x0000000000022074        0x0 ErrorHandling.o
 .data          0x0000000000022074        0x0 DebugText.o
 .data          0x0000000000022074        0x0 /usr/arm-linux-gnueabihf/lib/libc_nonshared.a(elf-init.oS)
 .data          0x0000000000022074        0x0 /usr/lib/gcc-cross/arm-linux-gnueabihf/6/libgcc.a(_udivsi3.o)
 .data          0x0000000000022074        0x0 /usr/lib/gcc-cross/arm-linux-gnueabihf/6/libgcc.a(_dvmd_lnx.o)
 .data          0x0000000000022074        0x0 /usr/lib/gcc-cross/arm-linux-gnueabihf/6/crtend.o
 .data          0x0000000000022074        0x0 /usr/lib/gcc-cross/arm-linux-gnueabihf/6/../../../../arm-linux-gnueabihf/lib/../lib/crtn.o

.tm_clone_table
                0x0000000000022074        0x0
 .tm_clone_table
                0x0000000000022074        0x0 /usr/lib/gcc-cross/arm-linux-gnueabihf/6/crtbegin.o
 .tm_clone_table
                0x0000000000022074        0x0 /usr/lib/gcc-cross/arm-linux-gnueabihf/6/crtend.o

.data1
 *(.data1)
                0x0000000000022074                _edata = .
                [!provide]                        PROVIDE (edata, .)
                0x0000000000022074                . = .
                0x0000000000022074                __bss_start = .
                0x0000000000022074                __bss_start__ = .

.bss            0x0000000000022078      0x148
 *(.dynbss)
 *fill*         0x0000000000022078        0x0 
 .dynbss        0x0000000000022078        0x8 /usr/lib/gcc-cross/arm-linux-gnueabihf/6/../../../../arm-linux-gnueabihf/lib/../lib/crt1.o
                0x0000000000022078                __stack_chk_guard@@GLIBC_2.4
                0x000000000002207c                stdout@@GLIBC_2.4
 *(.bss .bss.* .gnu.linkonce.b.*)
 .bss           0x0000000000022080        0x0 /usr/lib/gcc-cross/arm-linux-gnueabihf/6/../../../../arm-linux-gnueabihf/lib/../lib/crt1.o
 .bss           0x0000000000022080        0x0 /usr/lib/gcc-cross/arm-linux-gnueabihf/6/../../../../arm-linux-gnueabihf/lib/../lib/crti.o
 .bss           0x0000000000022080        0x1 /usr/lib/gcc-cross/arm-linux-gnueabihf/6/crtbegin.o
 *fill*         0x0000000000022081        0x3 
 .bss           0x0000000000022084       0x3c Main.o
                0x0000000000022084                inputCount
                0x0000000000022088                sharedMemory
                0x000000000002208c                portA
                0x0000000000022094                spi
                0x0000000000022098                spi0
                0x000000000002209c                spi1
                0x00000000000220a0                gpio
                0x00000000000220a4                portC
                0x00000000000220a8                portD
                0x00000000000220ac                portE
                0x00000000000220b0                portF
                0x00000000000220b4                portG
                0x00000000000220b8                portL
 .bss           0x00000000000220c0        0x0 Common.o
 .bss           0x00000000000220c0        0x0 CircularBuffer.o
 .bss           0x00000000000220c0        0x0 Timestamp.o
 .bss           0x00000000000220c0        0x0 SharedMemory.o
 .bss           0x00000000000220c0        0x0 ErrorHandling.o
 .bss           0x00000000000220c0      0x100 DebugText.o
 .bss           0x00000000000221c0        0x0 /usr/arm-linux-gnueabihf/lib/libc_nonshared.a(elf-init.oS)
 .bss           0x00000000000221c0        0x0 /usr/lib/gcc-cross/arm-linux-gnueabihf/6/libgcc.a(_udivsi3.o)
 .bss           0x00000000000221c0        0x0 /usr/lib/gcc-cross/arm-linux-gnueabihf/6/libgcc.a(_dvmd_lnx.o)
 .bss           0x00000000000221c0        0x0 /usr/lib/gcc-cross/arm-linux-gnueabihf/6/crtend.o
 .bss           0x00000000000221c0        0x0 /usr/lib/gcc-cross/arm-linux-gnueabihf/6/../../../../arm-linux-gnueabihf/lib/../lib/crtn.o
 *(COMMON)
                0x00000000000221c0                . = ALIGN ((. != 0x0)?0x4:0x1)
                0x00000000000221c0                _bss_end__ = .
                0x00000000000221c0                __bss_end__ = .
                0x00000000000221c0                . = ALIGN (0x4)
                0x00000000000221c0                . = SEGMENT_START ("ldata-segment", .)
                0x00000000000221c0                . = ALIGN (0x4)
                0x00000000000221c0                __end__ = .
                0x00000000000221c0                _end = .
                [!provide]                        PROVIDE (end, .)
                0x00000000000221c0                . = DATA_SEGMENT_END (.)

.stab
 *(.stab)

.stabstr
 *(.stabstr)

.stab.excl
 *(.stab.excl)

.stab.exclstr
 *(.stab.exclstr)

.stab.index
 *(.stab.index)

.stab.indexstr
 *(.stab.indexstr)

.comment        0x0000000000000000       0x2d
 *(.comment)
 .comment       0x0000000000000000       0x2d /usr/lib/gcc-cross/arm-linux-gnueabihf/6/crtbegin.o
                                         0x2e (size before relaxing)
 .comment       0x000000000000002d       0x2e Main.o
 .comment       0x000000000000002d       0x2e Common.o
 .comment       0x000000000000002d       0x2e CircularBuffer.o
 .comment       0x000000000000002d       0x2e Timestamp.o
 .comment       0x000000000000002d       0x2e SharedMemory.o
 .comment       0x000000000000002d       0x2e ErrorHandling.o
 .comment       0x000000000000002d       0x2e DebugText.o
 .comment       0x000000000000002d       0x2e /usr/lib/gcc-cross/arm-linux-gnueabihf/6/crtend.o

.ARM.attributes
                0x0000000000000000       0x35
 .ARM.attributes
                0x0000000000000000       0x33 /usr/lib/gcc-cross/arm-linux-gnueabihf/6/../../../../arm-linux-gnueabihf/lib/../lib/crt1.o
 .ARM.attributes
                0x0000000000000033       0x27 /usr/lib/gcc-cross/arm-linux-gnueabihf/6/../../../../arm-linux-gnueabihf/lib/../lib/crti.o
 .ARM.attributes
                0x000000000000005a       0x33 /usr/lib/gcc-cross/arm-linux-gnueabihf/6/crtbegin.o
 .ARM.attributes
                0x000000000000008d       0x35 Main.o
 .ARM.attributes
                0x00000000000000c2       0x35 Common.o
 .ARM.attributes
                0x00000000000000f7       0x35 CircularBuffer.o
 .ARM.attributes
                0x000000000000012c       0x35 Timestamp.o
 .ARM.attributes
                0x0000000000000161       0x35 SharedMemory.o
 .ARM.attributes
                0x0000000000000196       0x35 ErrorHandling.o
 .ARM.attributes
                0x00000000000001cb       0x35 DebugText.o
 .ARM.attributes
                0x0000000000000200       0x35 /usr/arm-linux-gnueabihf/lib/libc_nonshared.a(elf-init.oS)
 .ARM.attributes
                0x0000000000000235       0x21 /usr/lib/gcc-cross/arm-linux-gnueabihf/6/libgcc.a(_udivsi3.o)
 .ARM.attributes
                0x0000000000000256       0x21 /usr/lib/gcc-cross/arm-linux-gnueabihf/6/libgcc.a(_dvmd_lnx.o)
 .ARM.attributes
                0x0000000000000277       0x33 /usr/lib/gcc-cross/arm-linux-gnueabihf/6/crtend.o
 .ARM.attributes
                0x00000000000002aa       0x27 /usr/lib/gcc-cross/arm-linux-gnueabihf/6/../../../../arm-linux-gnueabihf/lib/../lib/crtn.o

.debug
 *(.debug)

.line
 *(.line)

.debug_srcinfo
 *(.debug_srcinfo)

.debug_sfnames
 *(.debug_sfnames)

.debug_aranges  0x0000000000000000       0xd0
 *(.debug_aranges)
 .debug_aranges
                0x0000000000000000       0x30 Main.o
 .debug_aranges
                0x0000000000000030       0x20 CircularBuffer.o
 .debug_aranges
                0x0000000000000050       0x20 Timestamp.o
 .debug_aranges
                0x0000000000000070       0x20 SharedMemory.o
 .debug_aranges
                0x0000000000000090       0x20 ErrorHandling.o
 .debug_aranges
                0x00000000000000b0       0x20 DebugText.o

.debug_pubnames
 *(.debug_pubnames)

.debug_info     0x0000000000000000     0x3d1e
 *(.debug_info .gnu.linkonce.wi.*)
 .debug_info    0x0000000000000000     0x2bff Main.o
 .debug_info    0x0000000000002bff      0x55a CircularBuffer.o
 .debug_info    0x0000000000003159       0xba Timestamp.o
 .debug_info    0x0000000000003213      0x3b5 SharedMemory.o
 .debug_info    0x00000000000035c8       0xa0 ErrorHandling.o
 .debug_info    0x0000000000003668      0x6b6 DebugText.o

.debug_abbrev   0x0000000000000000      0xc80
 *(.debug_abbrev)
 .debug_abbrev  0x0000000000000000      0x653 Main.o
 .debug_abbrev  0x0000000000000653      0x17b CircularBuffer.o
 .debug_abbrev  0x00000000000007ce       0x76 Timestamp.o
 .debug_abbrev  0x0000000000000844      0x193 SharedMemory.o
 .debug_abbrev  0x00000000000009d7       0x6a ErrorHandling.o
 .debug_abbrev  0x0000000000000a41      0x23f DebugText.o

.debug_line     0x0000000000000000     0x1077
 *(.debug_line .debug_line.* .debug_line_end)
 .debug_line    0x0000000000000000      0x780 Main.o
 .debug_line    0x0000000000000780        0x0 Common.o
 .debug_line    0x0000000000000780      0x2d2 CircularBuffer.o
 .debug_line    0x0000000000000a52      0x115 Timestamp.o
 .debug_line    0x0000000000000b67      0x1fe SharedMemory.o
 .debug_line    0x0000000000000d65       0xea ErrorHandling.o
 .debug_line    0x0000000000000e4f      0x228 DebugText.o

.debug_frame    0x0000000000000000      0x418
 *(.debug_frame)
 .debug_frame   0x0000000000000000      0x1d8 Main.o
 .debug_frame   0x00000000000001d8       0xd0 CircularBuffer.o
 .debug_frame   0x00000000000002a8       0x30 Timestamp.o
 .debug_frame   0x00000000000002d8       0x64 SharedMemory.o
 .debug_frame   0x000000000000033c       0x28 ErrorHandling.o
 .debug_frame   0x0000000000000364       0xb4 DebugText.o

.debug_str      0x0000000000000000     0x2001
 *(.debug_str)
 .debug_str     0x0000000000000000     0x1ab8 Main.o
                                       0x1c09 (size before relaxing)
 .debug_str     0x0000000000001ab8       0xa4 Common.o
                                         0xd0 (size before relaxing)
 .debug_str     0x0000000000001b5c      0x1ac CircularBuffer.o
                                        0x34c (size before relaxing)
 .debug_str     0x0000000000001d08       0x82 Timestamp.o
                                        0x1bd (size before relaxing)
 .debug_str     0x0000000000001d8a       0xd7 SharedMemory.o
                                        0x2a2 (size before relaxing)
 .debug_str     0x0000000000001e61       0x61 ErrorHandling.o
                                        0x19b (size before relaxing)
 .debug_str     0x0000000000001ec2      0x13f DebugText.o
                                        0x4ca (size before relaxing)

.debug_loc      0x0000000000000000     0x1467
 *(.debug_loc)
 .debug_loc     0x0000000000000000      0xca8 Main.o
 .debug_loc     0x0000000000000ca8      0x4ca CircularBuffer.o
 .debug_loc     0x0000000000001172       0x1f Timestamp.o
 .debug_loc     0x0000000000001191      0x181 SharedMemory.o
 .debug_loc     0x0000000000001312      0x155 DebugText.o

.debug_macinfo
 *(.debug_macinfo)

.debug_weaknames
 *(.debug_weaknames)

.debug_funcnames
 *(.debug_funcnames)

.debug_typenames
 *(.debug_typenames)

.debug_varnames
 *(.debug_varnames)

.debug_pubtypes
 *(.debug_pubtypes)

.debug_ranges   0x0000000000000000      0x290
 *(.debug_ranges)
 .debug_ranges  0x0000000000000000      0x190 Main.o
 .debug_ranges  0x0000000000000190       0x88 CircularBuffer.o
 .debug_ranges  0x0000000000000218       0x78 DebugText.o

.debug_macro
 *(.debug_macro)

.gnu.attributes
 *(.gnu.attributes)

.note.gnu.arm.ident
 *(.note.gnu.arm.ident)

/DISCARD/
 *(.note.GNU-stack)
 *(.gnu_debuglink)
 *(.gnu.lto_*)
OUTPUT(Main.elf elf32-littlearm)
