Archive member included to satisfy reference by file (symbol)

/usr/arm-linux-gnueabihf/lib/libc_nonshared.a(elf-init.oS)
                              /usr/lib/gcc-cross/arm-linux-gnueabihf/6/../../../../arm-linux-gnueabihf/lib/../lib/crt1.o (__libc_csu_init)
/usr/lib/gcc-cross/arm-linux-gnueabihf/6/libgcc.a(_udivsi3.o)
                              Main.o (__aeabi_uidiv)
/usr/lib/gcc-cross/arm-linux-gnueabihf/6/libgcc.a(_dvmd_lnx.o)
                              /usr/lib/gcc-cross/arm-linux-gnueabihf/6/libgcc.a(_udivsi3.o) (__aeabi_idiv0)

As-needed library included to satisfy reference by file (symbol)

libc.so.6                     DebugText.o (fflush@@GLIBC_2.4)
ld-linux-armhf.so.3           DebugText.o (__stack_chk_guard@@GLIBC_2.4)
librt.so.1                    SharedMemory.o (shm_open@@GLIBC_2.4)

Discarded input sections

 .note.GNU-stack
                0x0000000000000000        0x0 /usr/lib/gcc-cross/arm-linux-gnueabihf/6/../../../../arm-linux-gnueabihf/lib/../lib/crt1.o
 .note.GNU-stack
                0x0000000000000000        0x0 /usr/lib/gcc-cross/arm-linux-gnueabihf/6/../../../../arm-linux-gnueabihf/lib/../lib/crti.o
 .note.GNU-stack
                0x0000000000000000        0x0 /usr/lib/gcc-cross/arm-linux-gnueabihf/6/crtbegin.o
 .note.GNU-stack
                0x0000000000000000        0x0 Main.o
 .note.GNU-stack
                0x0000000000000000        0x0 Common.o
 .note.GNU-stack
                0x0000000000000000        0x0 CircularBuffer.o
 .note.GNU-stack
                0x0000000000000000        0x0 Timestamp.o
 .note.GNU-stack
                0x0000000000000000        0x0 SharedMemory.o
 .note.GNU-stack
                0x0000000000000000        0x0 ErrorHandling.o
 .note.GNU-stack
                0x0000000000000000        0x0 DebugText.o
 .note.GNU-stack
                0x0000000000000000        0x0 /usr/arm-linux-gnueabihf/lib/libc_nonshared.a(elf-init.oS)
 .note.GNU-stack
                0x0000000000000000        0x0 /usr/lib/gcc-cross/arm-linux-gnueabihf/6/libgcc.a(_udivsi3.o)
 .note.GNU-stack
                0x0000000000000000        0x0 /usr/lib/gcc-cross/arm-linux-gnueabihf/6/libgcc.a(_dvmd_lnx.o)
 .note.GNU-stack
                0x0000000000000000        0x0 /usr/lib/gcc-cross/arm-linux-gnueabihf/6/crtend.o
 .note.GNU-stack
                0x0000000000000000        0x0 /usr/lib/gcc-cross/arm-linux-gnueabihf/6/../../../../arm-linux-gnueabihf/lib/../lib/crtn.o

Memory Configuration

Name             Origin             Length             Attributes
*default*        0x0000000000000000 0xffffffffffffffff

Linker script and memory map

LOAD /usr/lib/gcc-cross/arm-linux-gnueabihf/6/../../../../arm-linux-gnueabihf/lib/../lib/crt1.o
LOAD /usr/lib/gcc-cross/arm-linux-gnueabihf/6/../../../../arm-linux-gnueabihf/lib/../lib/crti.o
LOAD /usr/lib/gcc-cross/arm-linux-gnueabihf/6/crtbegin.o
LOAD Main.o
LOAD Common.o
LOAD CircularBuffer.o
LOAD Timestamp.o
LOAD SharedMemory.o
LOAD ErrorHandling.o
LOAD DebugText.o
LOAD /usr/lib/gcc-cross/arm-linux-gnueabihf/6/../../../../arm-linux-gnueabihf/lib/../lib/libc.so
START GROUP
LOAD /usr/arm-linux-gnueabihf/lib/libc.so.6
LOAD /usr/arm-linux-gnueabihf/lib/libc_nonshared.a
LOAD /usr/arm-linux-gnueabihf/lib/ld-linux-armhf.so.3
END GROUP
LOAD /usr/lib/gcc-cross/arm-linux-gnueabihf/6/libgcc.a
LOAD /usr/lib/gcc-cross/arm-linux-gnueabihf/6/../../../../arm-linux-gnueabihf/lib/../lib/librt.so
LOAD /usr/lib/gcc-cross/arm-linux-gnueabihf/6/libgcc.a
LOAD /usr/lib/gcc-cross/arm-linux-gnueabihf/6/libgcc_s.so
START GROUP
LOAD /usr/lib/gcc-cross/arm-linux-gnueabihf/6/libgcc_s.so.1
LOAD /usr/lib/gcc-cross/arm-linux-gnueabihf/6/libgcc.a
END GROUP
LOAD /usr/lib/gcc-cross/arm-linux-gnueabihf/6/../../../../arm-linux-gnueabihf/lib/../lib/libc.so
START GROUP
LOAD /usr/arm-linux-gnueabihf/lib/libc.so.6
LOAD /usr/arm-linux-gnueabihf/lib/libc_nonshared.a
LOAD /usr/arm-linux-gnueabihf/lib/ld-linux-armhf.so.3
END GROUP
LOAD /usr/lib/gcc-cross/arm-linux-gnueabihf/6/libgcc.a
LOAD /usr/lib/gcc-cross/arm-linux-gnueabihf/6/libgcc_s.so
START GROUP
LOAD /usr/lib/gcc-cross/arm-linux-gnueabihf/6/libgcc_s.so.1
LOAD /usr/lib/gcc-cross/arm-linux-gnueabihf/6/libgcc.a
END GROUP
LOAD /usr/lib/gcc-cross/arm-linux-gnueabihf/6/crtend.o
LOAD /usr/lib/gcc-cross/arm-linux-gnueabihf/6/../../../../arm-linux-gnueabihf/lib/../lib/crtn.o
                [!provide]                        PROVIDE (__executable_start, 0x10000)
                0x0000000000010154                . = (0x10000 + SIZEOF_HEADERS)

.interp         0x0000000000010154       0x19
 *(.interp)
 .interp        0x0000000000010154       0x19 /usr/lib/gcc-cross/arm-linux-gnueabihf/6/../../../../arm-linux-gnueabihf/lib/../lib/crt1.o

.note.ABI-tag   0x0000000000010170       0x20
 .note.ABI-tag  0x0000000000010170       0x20 /usr/lib/gcc-cross/arm-linux-gnueabihf/6/../../../../arm-linux-gnueabihf/lib/../lib/crt1.o

.note.gnu.build-id
                0x0000000000010190       0x24
 *(.note.gnu.build-id)
 .note.gnu.build-id
                0x0000000000010190       0x24 linker stubs

.hash
 *(.hash)

.gnu.hash       0x00000000000101b4       0xb8
 *(.gnu.hash)
 .gnu.hash      0x00000000000101b4       0xb8 /usr/lib/gcc-cross/arm-linux-gnueabihf/6/../../../../arm-linux-gnueabihf/lib/../lib/crt1.o

.dynsym         0x000000000001026c      0x1a0
 *(.dynsym)
 .dynsym        0x000000000001026c      0x1a0 /usr/lib/gcc-cross/arm-linux-gnueabihf/6/../../../../arm-linux-gnueabihf/lib/../lib/crt1.o

.dynstr         0x000000000001040c      0x14a
 *(.dynstr)
 .dynstr        0x000000000001040c      0x14a /usr/lib/gcc-cross/arm-linux-gnueabihf/6/../../../../arm-linux-gnueabihf/lib/../lib/crt1.o

.gnu.version    0x0000000000010556       0x34
 *(.gnu.version)
 .gnu.version   0x0000000000010556       0x34 /usr/lib/gcc-cross/arm-linux-gnueabihf/6/../../../../arm-linux-gnueabihf/lib/../lib/crt1.o

.gnu.version_d  0x000000000001058c        0x0
 *(.gnu.version_d)
 .gnu.version_d
                0x000000000001058c        0x0 /usr/lib/gcc-cross/arm-linux-gnueabihf/6/../../../../arm-linux-gnueabihf/lib/../lib/crt1.o

.gnu.version_r  0x000000000001058c       0x60
 *(.gnu.version_r)
 .gnu.version_r
                0x000000000001058c       0x60 /usr/lib/gcc-cross/arm-linux-gnueabihf/6/../../../../arm-linux-gnueabihf/lib/../lib/crt1.o

.rel.dyn        0x00000000000105ec       0x18
 *(.rel.init)
 *(.rel.text .rel.text.* .rel.gnu.linkonce.t.*)
 *(.rel.fini)
 *(.rel.rodata .rel.rodata.* .rel.gnu.linkonce.r.*)
 *(.rel.data.rel.ro .rel.data.rel.ro.* .rel.gnu.linkonce.d.rel.ro.*)
 *(.rel.data .rel.data.* .rel.gnu.linkonce.d.*)
 *(.rel.tdata .rel.tdata.* .rel.gnu.linkonce.td.*)
 *(.rel.tbss .rel.tbss.* .rel.gnu.linkonce.tb.*)
 *(.rel.ctors)
 *(.rel.dtors)
 *(.rel.got)
 .rel.got       0x00000000000105ec        0x8 /usr/lib/gcc-cross/arm-linux-gnueabihf/6/../../../../arm-linux-gnueabihf/lib/../lib/crt1.o
 *(.rel.bss .rel.bss.* .rel.gnu.linkonce.b.*)
 .rel.bss       0x00000000000105f4       0x10 /usr/lib/gcc-cross/arm-linux-gnueabihf/6/../../../../arm-linux-gnueabihf/lib/../lib/crt1.o
                [!provide]                        PROVIDE (__rel_iplt_start, .)
 *(.rel.iplt)
 .rel.iplt      0x0000000000010604        0x0 /usr/lib/gcc-cross/arm-linux-gnueabihf/6/../../../../arm-linux-gnueabihf/lib/../lib/crt1.o
                [!provide]                        PROVIDE (__rel_iplt_end, .)

.rela.dyn       0x0000000000010604        0x0
 *(.rela.init)
 *(.rela.text .rela.text.* .rela.gnu.linkonce.t.*)
 *(.rela.fini)
 *(.rela.rodata .rela.rodata.* .rela.gnu.linkonce.r.*)
 *(.rela.data .rela.data.* .rela.gnu.linkonce.d.*)
 *(.rela.tdata .rela.tdata.* .rela.gnu.linkonce.td.*)
 *(.rela.tbss .rela.tbss.* .rela.gnu.linkonce.tb.*)
 *(.rela.ctors)
 *(.rela.dtors)
 *(.rela.got)
 *(.rela.bss .rela.bss.* .rela.gnu.linkonce.b.*)
                [!provide]                        PROVIDE (__rela_iplt_start, .)
 *(.rela.iplt)
                [!provide]                        PROVIDE (__rela_iplt_end, .)

.rel.plt        0x0000000000010604       0xa0
 *(.rel.plt)
 .rel.plt       0x0000000000010604       0xa0 /usr/lib/gcc-cross/arm-linux-gnueabihf/6/../../../../arm-linux-gnueabihf/lib/../lib/crt1.o

.rela.plt
 *(.rela.plt)

.init           0x00000000000106a4        0xc
 *(SORT(.init))
 .init          0x00000000000106a4        0x8 /usr/lib/gcc-cross/arm-linux-gnueabihf/6/../../../../arm-linux-gnueabihf/lib/../lib/crti.o
                0x00000000000106a4                _init
 .init          0x00000000000106ac        0x4 /usr/lib/gcc-cross/arm-linux-gnueabihf/6/../../../../arm-linux-gnueabihf/lib/../lib/crtn.o

.plt            0x00000000000106b0      0x114
 *(.plt)
 .plt           0x00000000000106b0      0x114 /usr/lib/gcc-cross/arm-linux-gnueabihf/6/../../../../arm-linux-gnueabihf/lib/../lib/crt1.o
                0x00000000000106c4                raise@@GLIBC_2.4
                0x00000000000106d4                fflush@@GLIBC_2.4
                0x00000000000106e0                __vsnprintf_chk@@GLIBC_2.4
                0x00000000000106ec                memcpy@@GLIBC_2.4
                0x00000000000106f8                shm_open@@GLIBC_2.4
                0x0000000000010704                __stack_chk_fail@@GLIBC_2.4
                0x0000000000010710                perror@@GLIBC_2.4
                0x0000000000010720                puts@@GLIBC_2.4
                0x000000000001072c                __libc_start_main@@GLIBC_2.4
                0x0000000000010744                open@@GLIBC_2.4
                0x0000000000010750                exit@@GLIBC_2.4
                0x000000000001075c                mmap@@GLIBC_2.4
                0x0000000000010768                memset@@GLIBC_2.4
                0x0000000000010778                __printf_chk@@GLIBC_2.4
                0x0000000000010784                __fprintf_chk@@GLIBC_2.4
                0x0000000000010790                ftruncate@@GLIBC_2.4
                0x00000000000107a0                msync@@GLIBC_2.4
                0x00000000000107ac                abort@@GLIBC_2.4
                0x00000000000107b8                close@@GLIBC_2.4

.iplt           0x00000000000107c4        0x0
 *(.iplt)
 .iplt          0x00000000000107c4        0x0 /usr/lib/gcc-cross/arm-linux-gnueabihf/6/../../../../arm-linux-gnueabihf/lib/../lib/crt1.o

.text           0x00000000000107c8     0x11b4
 *(.text.unlikely .text.*_unlikely .text.unlikely.*)
 .text.unlikely
                0x00000000000107c8       0x14 Main.o
 *(.text.exit .text.exit.*)
 *(.text.startup .text.startup.*)
 .text.startup  0x00000000000107dc      0x200 Main.o
                0x00000000000107dc                main
 *(.text.hot .text.hot.*)
 *(.text .stub .text.* .gnu.linkonce.t.*)
 .text          0x00000000000109dc       0x30 /usr/lib/gcc-cross/arm-linux-gnueabihf/6/../../../../arm-linux-gnueabihf/lib/../lib/crt1.o
                0x00000000000109dc                _start
 .text          0x0000000000010a0c       0x24 /usr/lib/gcc-cross/arm-linux-gnueabihf/6/../../../../arm-linux-gnueabihf/lib/../lib/crti.o
 .text          0x0000000000010a30       0x8c /usr/lib/gcc-cross/arm-linux-gnueabihf/6/crtbegin.o
 .text          0x0000000000010abc      0x78c Main.o
                0x0000000000010abc                SetupGPIO
                0x0000000000010b2c                writel
                0x0000000000010bd4                readl
                0x0000000000010c58                SetupPWM
                0x0000000000010cb8                SetupSPI
                0x0000000000010d14                spi_set_clk
                0x0000000000010d90                SetupSPIController
                0x0000000000011120                SetOutputState
                0x00000000000111b8                printBits
                0x00000000000111f8                GetByteFromShiftRegister
 .text          0x0000000000011248       0x70 Common.o
                0x0000000000011248                FastSharedBufferInitialiseAsReader
                0x0000000000011254                FastSharedBufferInitialiseAsWriter
                0x0000000000011268                FastSharedBufferPut
                0x000000000001128c                FastSharedBufferGet
 .text          0x00000000000112b8      0x1bc CircularBuffer.o
                0x00000000000112b8                CircularBufferShow
                0x0000000000011314                CircularBufferInitialiseAsReader
                0x000000000001133c                CircularBufferInitialiseAsWriter
                0x0000000000011364                CircularBufferPut
                0x00000000000113c0                CircularBufferLossyPut
                0x0000000000011418                CircularBufferGet
 .text          0x0000000000011474        0xc Timestamp.o
                0x0000000000011474                TimestampInitialise
                0x0000000000011478                GetTimestamp
 .text          0x0000000000011480       0xcc SharedMemory.o
                0x0000000000011480                SharedMemoryMasterInitialise
                0x00000000000114f0                SharedMemorySlaveInitialise
                0x0000000000011540                SharedMemoryFlush
 .text          0x000000000001154c       0x10 ErrorHandling.o
                0x000000000001154c                PANIC
 .text          0x000000000001155c      0x15c DebugText.o
                0x000000000001155c                DebugTextOutput
                0x0000000000011584                DebugPrintf
                0x00000000000115f4                NibbleToHex
                0x0000000000011600                DebugHexDumpBytes
                0x00000000000116b4                DebugHexDumpWords
 .text          0x00000000000116b8       0x40 /usr/arm-linux-gnueabihf/lib/libc_nonshared.a(elf-init.oS)
                0x00000000000116b8                __libc_csu_init
                0x00000000000116f4                __libc_csu_fini
 .text          0x00000000000116f8      0x278 /usr/lib/gcc-cross/arm-linux-gnueabihf/6/libgcc.a(_udivsi3.o)
                0x00000000000116f8                __aeabi_uidiv
                0x00000000000116f8                __udivsi3
                0x0000000000011954                __aeabi_uidivmod
 .text          0x0000000000011970        0xc /usr/lib/gcc-cross/arm-linux-gnueabihf/6/libgcc.a(_dvmd_lnx.o)
                0x0000000000011970                __aeabi_ldiv0
                0x0000000000011970                __aeabi_idiv0
 .text          0x000000000001197c        0x0 /usr/lib/gcc-cross/arm-linux-gnueabihf/6/crtend.o
 .text          0x000000000001197c        0x0 /usr/lib/gcc-cross/arm-linux-gnueabihf/6/../../../../arm-linux-gnueabihf/lib/../lib/crtn.o
 *(.gnu.warning)
 *(.glue_7t)
 .glue_7t       0x000000000001197c        0x0 linker stubs
 *(.glue_7)
 .glue_7        0x000000000001197c        0x0 linker stubs
 *(.vfp11_veneer)
 .vfp11_veneer  0x000000000001197c        0x0 linker stubs
 *(.v4_bx)
 .v4_bx         0x000000000001197c        0x0 linker stubs

.fini           0x000000000001197c        0x8
 *(SORT(.fini))
 .fini          0x000000000001197c        0x4 /usr/lib/gcc-cross/arm-linux-gnueabihf/6/../../../../arm-linux-gnueabihf/lib/../lib/crti.o
                0x000000000001197c                _fini
 .fini          0x0000000000011980        0x4 /usr/lib/gcc-cross/arm-linux-gnueabihf/6/../../../../arm-linux-gnueabihf/lib/../lib/crtn.o
                [!provide]                        PROVIDE (__etext, .)
                [!provide]                        PROVIDE (_etext, .)
                [!provide]                        PROVIDE (etext, .)

.rodata         0x0000000000011984      0x320
 *(.rodata .rodata.* .gnu.linkonce.r.*)
 .rodata.cst4   0x0000000000011984        0x4 /usr/lib/gcc-cross/arm-linux-gnueabihf/6/../../../../arm-linux-gnueabihf/lib/../lib/crt1.o
                0x0000000000011984                _IO_stdin_used
 .rodata.str1.4
                0x0000000000011988      0x260 Main.o
                                        0x264 (size before relaxing)
 .rodata.str1.4
                0x0000000000011be8       0x71 CircularBuffer.o
 *fill*         0x0000000000011c59        0x3 
 .rodata        0x0000000000011c5c        0x4 SharedMemory.o
                0x0000000000011c5c                SIZE
 .rodata.str1.4
                0x0000000000011c60       0x2d SharedMemory.o
 *fill*         0x0000000000011c8d        0x3 
 .rodata.str1.4
                0x0000000000011c90       0x10 ErrorHandling.o
 .rodata.str1.4
                0x0000000000011ca0        0x4 DebugText.o
                                          0x6 (size before relaxing)

.rodata1
 *(.rodata1)

.ARM.extab      0x0000000000011ca4        0x0
 *(.ARM.extab* .gnu.linkonce.armextab.*)
 .ARM.extab     0x0000000000011ca4        0x0 /usr/lib/gcc-cross/arm-linux-gnueabihf/6/../../../../arm-linux-gnueabihf/lib/../lib/crt1.o
                [!provide]                        PROVIDE (__exidx_start, .)

.ARM.exidx      0x0000000000011ca4        0x8
 *(.ARM.exidx* .gnu.linkonce.armexidx.*)
 .ARM.exidx     0x0000000000011ca4        0x8 /usr/lib/gcc-cross/arm-linux-gnueabihf/6/../../../../arm-linux-gnueabihf/lib/../lib/crt1.o
                [!provide]                        PROVIDE (__exidx_end, .)

.eh_frame_hdr
 *(.eh_frame_hdr)
 *(.eh_frame_entry .eh_frame_entry.*)

.eh_frame       0x0000000000011cac        0x4
 *(.eh_frame)
 .eh_frame      0x0000000000011cac        0x4 /usr/lib/gcc-cross/arm-linux-gnueabihf/6/crtend.o
 *(.eh_frame.*)

.gcc_except_table
 *(.gcc_except_table .gcc_except_table.*)

.gnu_extab
 *(.gnu_extab*)

.exception_ranges
 *(.exception_ranges .exception_ranges*)
                0x0000000000021efc                . = DATA_SEGMENT_ALIGN (0x10000, 0x1000)

.eh_frame
 *(.eh_frame)
 *(.eh_frame.*)

.gnu_extab
 *(.gnu_extab)

.gcc_except_table
 *(.gcc_except_table .gcc_except_table.*)

.exception_ranges
 *(.exception_ranges .exception_ranges*)

.tdata
 *(.tdata .tdata.* .gnu.linkonce.td.*)

.tbss
 *(.tbss .tbss.* .gnu.linkonce.tb.*)
 *(.tcommon)

.preinit_array  0x0000000000021efc        0x0
                [!provide]                        PROVIDE (__preinit_array_start, .)
 *(.preinit_array)
                [!provide]                        PROVIDE (__preinit_array_end, .)

.init_array     0x0000000000021efc        0x4
                0x0000000000021efc                PROVIDE (__init_array_start, .)
 *(SORT(.init_array.*) SORT(.ctors.*))
 *(.init_array EXCLUDE_FILE(*crtend?.o *crtend.o *crtbegin?.o *crtbegin.o) .ctors)
 .init_array    0x0000000000021efc        0x4 /usr/lib/gcc-cross/arm-linux-gnueabihf/6/crtbegin.o
                0x0000000000021f00                PROVIDE (__init_array_end, .)

.fini_array     0x0000000000021f00        0x4
                [!provide]                        PROVIDE (__fini_array_start, .)
 *(SORT(.fini_array.*) SORT(.dtors.*))
 *(.fini_array EXCLUDE_FILE(*crtend?.o *crtend.o *crtbegin?.o *crtbegin.o) .dtors)
 .fini_array    0x0000000000021f00        0x4 /usr/lib/gcc-cross/arm-linux-gnueabihf/6/crtbegin.o
                [!provide]                        PROVIDE (__fini_array_end, .)

.ctors
 *crtbegin.o(.ctors)
 *crtbegin?.o(.ctors)
 *(EXCLUDE_FILE(*crtend?.o *crtend.o) .ctors)
 *(SORT(.ctors.*))
 *(.ctors)

.dtors
 *crtbegin.o(.dtors)
 *crtbegin?.o(.dtors)
 *(EXCLUDE_FILE(*crtend?.o *crtend.o) .dtors)
 *(SORT(.dtors.*))
 *(.dtors)

.jcr            0x0000000000021f04        0x4
 *(.jcr)
 .jcr           0x0000000000021f04        0x0 /usr/lib/gcc-cross/arm-linux-gnueabihf/6/crtbegin.o
 .jcr           0x0000000000021f04        0x4 /usr/lib/gcc-cross/arm-linux-gnueabihf/6/crtend.o

.data.rel.ro
 *(.data.rel.ro.local* .gnu.linkonce.d.rel.ro.local.*)
 *(.data.rel.ro .data.rel.ro.* .gnu.linkonce.d.rel.ro.*)

.dynamic        0x0000000000021f08       0xf8
 *(.dynamic)
 .dynamic       0x0000000000021f08       0xf8 /usr/lib/gcc-cross/arm-linux-gnueabihf/6/../../../../arm-linux-gnueabihf/lib/../lib/crt1.o
                0x0000000000021f08                _DYNAMIC
                0x0000000000022000                . = DATA_SEGMENT_RELRO_END (., 0x0)

.got            0x0000000000022000       0x60
 *(.got.plt)
 .got.plt       0x0000000000022000       0x5c /usr/lib/gcc-cross/arm-linux-gnueabihf/6/../../../../arm-linux-gnueabihf/lib/../lib/crt1.o
                0x0000000000022000                _GLOBAL_OFFSET_TABLE_
 *(.igot.plt)
 .igot.plt      0x000000000002205c        0x0 /usr/lib/gcc-cross/arm-linux-gnueabihf/6/../../../../arm-linux-gnueabihf/lib/../lib/crt1.o
 *(.got)
 .got           0x000000000002205c        0x4 /usr/lib/gcc-cross/arm-linux-gnueabihf/6/../../../../arm-linux-gnueabihf/lib/../lib/crt1.o
 *(.igot)

.data           0x0000000000022060        0x8
                [!provide]                        PROVIDE (__data_start, .)
 *(.data .data.* .gnu.linkonce.d.*)
 .data          0x0000000000022060        0x4 /usr/lib/gcc-cross/arm-linux-gnueabihf/6/../../../../arm-linux-gnueabihf/lib/../lib/crt1.o
                0x0000000000022060                data_start
                0x0000000000022060                __data_start
 .data          0x0000000000022064        0x0 /usr/lib/gcc-cross/arm-linux-gnueabihf/6/../../../../arm-linux-gnueabihf/lib/../lib/crti.o
 .data          0x0000000000022064        0x4 /usr/lib/gcc-cross/arm-linux-gnueabihf/6/crtbegin.o
                0x0000000000022064                __dso_handle
 .data          0x0000000000022068        0x0 Main.o
 .data          0x0000000000022068        0x0 Common.o
 .data          0x0000000000022068        0x0 CircularBuffer.o
 .data          0x0000000000022068        0x0 Timestamp.o
 .data          0x0000000000022068        0x0 SharedMemory.o
 .data          0x0000000000022068        0x0 ErrorHandling.o
 .data          0x0000000000022068        0x0 DebugText.o
 .data          0x0000000000022068        0x0 /usr/arm-linux-gnueabihf/lib/libc_nonshared.a(elf-init.oS)
 .data          0x0000000000022068        0x0 /usr/lib/gcc-cross/arm-linux-gnueabihf/6/libgcc.a(_udivsi3.o)
 .data          0x0000000000022068        0x0 /usr/lib/gcc-cross/arm-linux-gnueabihf/6/libgcc.a(_dvmd_lnx.o)
 .data          0x0000000000022068        0x0 /usr/lib/gcc-cross/arm-linux-gnueabihf/6/crtend.o
 .data          0x0000000000022068        0x0 /usr/lib/gcc-cross/arm-linux-gnueabihf/6/../../../../arm-linux-gnueabihf/lib/../lib/crtn.o

.tm_clone_table
                0x0000000000022068        0x0
 .tm_clone_table
                0x0000000000022068        0x0 /usr/lib/gcc-cross/arm-linux-gnueabihf/6/crtbegin.o
 .tm_clone_table
                0x0000000000022068        0x0 /usr/lib/gcc-cross/arm-linux-gnueabihf/6/crtend.o

.data1
 *(.data1)
                0x0000000000022068                _edata = .
                [!provide]                        PROVIDE (edata, .)
                0x0000000000022068                . = .
                0x0000000000022068                __bss_start = .
                0x0000000000022068                __bss_start__ = .

.bss            0x0000000000022068      0x138
 *(.dynbss)
 *fill*         0x0000000000022068        0x0 
 .dynbss        0x0000000000022068        0x8 /usr/lib/gcc-cross/arm-linux-gnueabihf/6/../../../../arm-linux-gnueabihf/lib/../lib/crt1.o
                0x0000000000022068                __stack_chk_guard@@GLIBC_2.4
                0x000000000002206c                stdout@@GLIBC_2.4
 *(.bss .bss.* .gnu.linkonce.b.*)
 .bss           0x0000000000022070        0x0 /usr/lib/gcc-cross/arm-linux-gnueabihf/6/../../../../arm-linux-gnueabihf/lib/../lib/crt1.o
 .bss           0x0000000000022070        0x0 /usr/lib/gcc-cross/arm-linux-gnueabihf/6/../../../../arm-linux-gnueabihf/lib/../lib/crti.o
 .bss           0x0000000000022070        0x1 /usr/lib/gcc-cross/arm-linux-gnueabihf/6/crtbegin.o
 *fill*         0x0000000000022071        0x3 
 .bss           0x0000000000022074       0x2c Main.o
                0x0000000000022074                portA
                0x0000000000022078                spi
                0x000000000002207c                spi0
                0x0000000000022080                spi1
                0x0000000000022084                gpio
                0x0000000000022088                portC
                0x000000000002208c                portD
                0x0000000000022090                portE
                0x0000000000022094                portF
                0x0000000000022098                portG
                0x000000000002209c                portL
 .bss           0x00000000000220a0        0x0 Common.o
 .bss           0x00000000000220a0        0x0 CircularBuffer.o
 .bss           0x00000000000220a0        0x0 Timestamp.o
 .bss           0x00000000000220a0        0x0 SharedMemory.o
 .bss           0x00000000000220a0        0x0 ErrorHandling.o
 .bss           0x00000000000220a0      0x100 DebugText.o
 .bss           0x00000000000221a0        0x0 /usr/arm-linux-gnueabihf/lib/libc_nonshared.a(elf-init.oS)
 .bss           0x00000000000221a0        0x0 /usr/lib/gcc-cross/arm-linux-gnueabihf/6/libgcc.a(_udivsi3.o)
 .bss           0x00000000000221a0        0x0 /usr/lib/gcc-cross/arm-linux-gnueabihf/6/libgcc.a(_dvmd_lnx.o)
 .bss           0x00000000000221a0        0x0 /usr/lib/gcc-cross/arm-linux-gnueabihf/6/crtend.o
 .bss           0x00000000000221a0        0x0 /usr/lib/gcc-cross/arm-linux-gnueabihf/6/../../../../arm-linux-gnueabihf/lib/../lib/crtn.o
 *(COMMON)
                0x00000000000221a0                . = ALIGN ((. != 0x0)?0x4:0x1)
                0x00000000000221a0                _bss_end__ = .
                0x00000000000221a0                __bss_end__ = .
                0x00000000000221a0                . = ALIGN (0x4)
                0x00000000000221a0                . = SEGMENT_START ("ldata-segment", .)
                0x00000000000221a0                . = ALIGN (0x4)
                0x00000000000221a0                __end__ = .
                0x00000000000221a0                _end = .
                [!provide]                        PROVIDE (end, .)
                0x00000000000221a0                . = DATA_SEGMENT_END (.)

.stab
 *(.stab)

.stabstr
 *(.stabstr)

.stab.excl
 *(.stab.excl)

.stab.exclstr
 *(.stab.exclstr)

.stab.index
 *(.stab.index)

.stab.indexstr
 *(.stab.indexstr)

.comment        0x0000000000000000       0x2d
 *(.comment)
 .comment       0x0000000000000000       0x2d /usr/lib/gcc-cross/arm-linux-gnueabihf/6/crtbegin.o
                                         0x2e (size before relaxing)
 .comment       0x000000000000002d       0x2e Main.o
 .comment       0x000000000000002d       0x2e Common.o
 .comment       0x000000000000002d       0x2e CircularBuffer.o
 .comment       0x000000000000002d       0x2e Timestamp.o
 .comment       0x000000000000002d       0x2e SharedMemory.o
 .comment       0x000000000000002d       0x2e ErrorHandling.o
 .comment       0x000000000000002d       0x2e DebugText.o
 .comment       0x000000000000002d       0x2e /usr/lib/gcc-cross/arm-linux-gnueabihf/6/crtend.o

.ARM.attributes
                0x0000000000000000       0x33
 .ARM.attributes
                0x0000000000000000       0x33 /usr/lib/gcc-cross/arm-linux-gnueabihf/6/../../../../arm-linux-gnueabihf/lib/../lib/crt1.o
 .ARM.attributes
                0x0000000000000033       0x27 /usr/lib/gcc-cross/arm-linux-gnueabihf/6/../../../../arm-linux-gnueabihf/lib/../lib/crti.o
 .ARM.attributes
                0x000000000000005a       0x33 /usr/lib/gcc-cross/arm-linux-gnueabihf/6/crtbegin.o
 .ARM.attributes
                0x000000000000008d       0x33 Main.o
 .ARM.attributes
                0x00000000000000c0       0x33 Common.o
 .ARM.attributes
                0x00000000000000f3       0x33 CircularBuffer.o
 .ARM.attributes
                0x0000000000000126       0x33 Timestamp.o
 .ARM.attributes
                0x0000000000000159       0x33 SharedMemory.o
 .ARM.attributes
                0x000000000000018c       0x33 ErrorHandling.o
 .ARM.attributes
                0x00000000000001bf       0x33 DebugText.o
 .ARM.attributes
                0x00000000000001f2       0x35 /usr/arm-linux-gnueabihf/lib/libc_nonshared.a(elf-init.oS)
 .ARM.attributes
                0x0000000000000227       0x21 /usr/lib/gcc-cross/arm-linux-gnueabihf/6/libgcc.a(_udivsi3.o)
 .ARM.attributes
                0x0000000000000248       0x21 /usr/lib/gcc-cross/arm-linux-gnueabihf/6/libgcc.a(_dvmd_lnx.o)
 .ARM.attributes
                0x0000000000000269       0x33 /usr/lib/gcc-cross/arm-linux-gnueabihf/6/crtend.o
 .ARM.attributes
                0x000000000000029c       0x27 /usr/lib/gcc-cross/arm-linux-gnueabihf/6/../../../../arm-linux-gnueabihf/lib/../lib/crtn.o

.debug
 *(.debug)

.line
 *(.line)

.debug_srcinfo
 *(.debug_srcinfo)

.debug_sfnames
 *(.debug_sfnames)

.debug_aranges  0x0000000000000000       0xf0
 *(.debug_aranges)
 .debug_aranges
                0x0000000000000000       0x30 Main.o
 .debug_aranges
                0x0000000000000030       0x20 Common.o
 .debug_aranges
                0x0000000000000050       0x20 CircularBuffer.o
 .debug_aranges
                0x0000000000000070       0x20 Timestamp.o
 .debug_aranges
                0x0000000000000090       0x20 SharedMemory.o
 .debug_aranges
                0x00000000000000b0       0x20 ErrorHandling.o
 .debug_aranges
                0x00000000000000d0       0x20 DebugText.o

.debug_pubnames
 *(.debug_pubnames)

.debug_info     0x0000000000000000     0x369f
 *(.debug_info .gnu.linkonce.wi.*)
 .debug_info    0x0000000000000000     0x22bf Main.o
 .debug_info    0x00000000000022bf      0x1ba Common.o
 .debug_info    0x0000000000002479      0x55a CircularBuffer.o
 .debug_info    0x00000000000029d3       0xba Timestamp.o
 .debug_info    0x0000000000002a8d      0x3b5 SharedMemory.o
 .debug_info    0x0000000000002e42       0xa0 ErrorHandling.o
 .debug_info    0x0000000000002ee2      0x7bd DebugText.o

.debug_abbrev   0x0000000000000000      0xbb9
 *(.debug_abbrev)
 .debug_abbrev  0x0000000000000000      0x474 Main.o
 .debug_abbrev  0x0000000000000474       0xff Common.o
 .debug_abbrev  0x0000000000000573      0x17b CircularBuffer.o
 .debug_abbrev  0x00000000000006ee       0x76 Timestamp.o
 .debug_abbrev  0x0000000000000764      0x193 SharedMemory.o
 .debug_abbrev  0x00000000000008f7       0x6a ErrorHandling.o
 .debug_abbrev  0x0000000000000961      0x258 DebugText.o

.debug_line     0x0000000000000000     0x1068
 *(.debug_line .debug_line.* .debug_line_end)
 .debug_line    0x0000000000000000      0x693 Main.o
 .debug_line    0x0000000000000693       0xa2 Common.o
 .debug_line    0x0000000000000735      0x2d2 CircularBuffer.o
 .debug_line    0x0000000000000a07      0x115 Timestamp.o
 .debug_line    0x0000000000000b1c      0x1fe SharedMemory.o
 .debug_line    0x0000000000000d1a       0xea ErrorHandling.o
 .debug_line    0x0000000000000e04      0x264 DebugText.o

.debug_frame    0x0000000000000000      0x464
 *(.debug_frame)
 .debug_frame   0x0000000000000000      0x1b4 Main.o
 .debug_frame   0x00000000000001b4       0x68 Common.o
 .debug_frame   0x000000000000021c       0xd0 CircularBuffer.o
 .debug_frame   0x00000000000002ec       0x30 Timestamp.o
 .debug_frame   0x000000000000031c       0x64 SharedMemory.o
 .debug_frame   0x0000000000000380       0x28 ErrorHandling.o
 .debug_frame   0x00000000000003a8       0xbc DebugText.o

.debug_str      0x0000000000000000      0xc21
 *(.debug_str)
 .debug_str     0x0000000000000000      0x717 Main.o
                                        0x7d7 (size before relaxing)
 .debug_str     0x0000000000000717       0x72 Common.o
                                        0x224 (size before relaxing)
 .debug_str     0x0000000000000789      0x19f CircularBuffer.o
                                        0x351 (size before relaxing)
 .debug_str     0x0000000000000928       0x82 Timestamp.o
                                        0x1c2 (size before relaxing)
 .debug_str     0x00000000000009aa       0xd7 SharedMemory.o
                                        0x2a7 (size before relaxing)
 .debug_str     0x0000000000000a81       0x61 ErrorHandling.o
                                        0x1a0 (size before relaxing)
 .debug_str     0x0000000000000ae2      0x13f DebugText.o
                                        0x4cf (size before relaxing)

.debug_loc      0x0000000000000000     0x15ff
 *(.debug_loc)
 .debug_loc     0x0000000000000000      0xd35 Main.o
 .debug_loc     0x0000000000000d35       0x66 Common.o
 .debug_loc     0x0000000000000d9b      0x4ca CircularBuffer.o
 .debug_loc     0x0000000000001265       0x1f Timestamp.o
 .debug_loc     0x0000000000001284      0x181 SharedMemory.o
 .debug_loc     0x0000000000001405      0x1fa DebugText.o

.debug_macinfo
 *(.debug_macinfo)

.debug_weaknames
 *(.debug_weaknames)

.debug_funcnames
 *(.debug_funcnames)

.debug_typenames
 *(.debug_typenames)

.debug_varnames
 *(.debug_varnames)

.debug_pubtypes
 *(.debug_pubtypes)

.debug_ranges   0x0000000000000000      0x338
 *(.debug_ranges)
 .debug_ranges  0x0000000000000000      0x1e0 Main.o
 .debug_ranges  0x00000000000001e0       0x88 CircularBuffer.o
 .debug_ranges  0x0000000000000268       0xd0 DebugText.o

.debug_macro
 *(.debug_macro)

.gnu.attributes
 *(.gnu.attributes)

.note.gnu.arm.ident
 *(.note.gnu.arm.ident)

/DISCARD/
 *(.note.GNU-stack)
 *(.gnu_debuglink)
 *(.gnu.lto_*)
OUTPUT(Main.elf elf32-littlearm)
