Archive member included to satisfy reference by file (symbol)

/usr/arm-linux-gnueabihf/lib/libc_nonshared.a(elf-init.oS)
                              /usr/lib/gcc-cross/arm-linux-gnueabihf/6/../../../../arm-linux-gnueabihf/lib/../lib/crt1.o (__libc_csu_init)
/usr/lib/gcc-cross/arm-linux-gnueabihf/6/libgcc.a(_udivsi3.o)
                              Main.o (__aeabi_uidiv)
/usr/lib/gcc-cross/arm-linux-gnueabihf/6/libgcc.a(_dvmd_lnx.o)
                              /usr/lib/gcc-cross/arm-linux-gnueabihf/6/libgcc.a(_udivsi3.o) (__aeabi_idiv0)

As-needed library included to satisfy reference by file (symbol)

libc.so.6                     DebugText.o (fflush@@GLIBC_2.4)
ld-linux-armhf.so.3           DebugText.o (__stack_chk_guard@@GLIBC_2.4)
librt.so.1                    SharedMemory.o (shm_open@@GLIBC_2.4)
libpthread.so.0               Main.o (pthread_create@@GLIBC_2.4)
libgcc_s.so.1                 Main.o (__aeabi_unwind_cpp_pr0@@GCC_3.5)

Discarded input sections

 .note.GNU-stack
                0x0000000000000000        0x0 /usr/lib/gcc-cross/arm-linux-gnueabihf/6/../../../../arm-linux-gnueabihf/lib/../lib/crt1.o
 .note.GNU-stack
                0x0000000000000000        0x0 /usr/lib/gcc-cross/arm-linux-gnueabihf/6/../../../../arm-linux-gnueabihf/lib/../lib/crti.o
 .note.GNU-stack
                0x0000000000000000        0x0 /usr/lib/gcc-cross/arm-linux-gnueabihf/6/crtbegin.o
 .note.GNU-stack
                0x0000000000000000        0x0 Main.o
 .note.GNU-stack
                0x0000000000000000        0x0 Common.o
 .note.GNU-stack
                0x0000000000000000        0x0 CircularBuffer.o
 .note.GNU-stack
                0x0000000000000000        0x0 Timestamp.o
 .note.GNU-stack
                0x0000000000000000        0x0 SharedMemory.o
 .note.GNU-stack
                0x0000000000000000        0x0 ErrorHandling.o
 .note.GNU-stack
                0x0000000000000000        0x0 DebugText.o
 .note.GNU-stack
                0x0000000000000000        0x0 /usr/arm-linux-gnueabihf/lib/libc_nonshared.a(elf-init.oS)
 .note.GNU-stack
                0x0000000000000000        0x0 /usr/lib/gcc-cross/arm-linux-gnueabihf/6/libgcc.a(_udivsi3.o)
 .note.GNU-stack
                0x0000000000000000        0x0 /usr/lib/gcc-cross/arm-linux-gnueabihf/6/libgcc.a(_dvmd_lnx.o)
 .note.GNU-stack
                0x0000000000000000        0x0 /usr/lib/gcc-cross/arm-linux-gnueabihf/6/crtend.o
 .note.GNU-stack
                0x0000000000000000        0x0 /usr/lib/gcc-cross/arm-linux-gnueabihf/6/../../../../arm-linux-gnueabihf/lib/../lib/crtn.o

Memory Configuration

Name             Origin             Length             Attributes
*default*        0x0000000000000000 0xffffffffffffffff

Linker script and memory map

LOAD /usr/lib/gcc-cross/arm-linux-gnueabihf/6/../../../../arm-linux-gnueabihf/lib/../lib/crt1.o
LOAD /usr/lib/gcc-cross/arm-linux-gnueabihf/6/../../../../arm-linux-gnueabihf/lib/../lib/crti.o
LOAD /usr/lib/gcc-cross/arm-linux-gnueabihf/6/crtbegin.o
LOAD Main.o
LOAD Common.o
LOAD CircularBuffer.o
LOAD Timestamp.o
LOAD SharedMemory.o
LOAD ErrorHandling.o
LOAD DebugText.o
LOAD /usr/lib/gcc-cross/arm-linux-gnueabihf/6/../../../../arm-linux-gnueabihf/lib/../lib/libc.so
START GROUP
LOAD /usr/arm-linux-gnueabihf/lib/libc.so.6
LOAD /usr/arm-linux-gnueabihf/lib/libc_nonshared.a
LOAD /usr/arm-linux-gnueabihf/lib/ld-linux-armhf.so.3
END GROUP
LOAD /usr/lib/gcc-cross/arm-linux-gnueabihf/6/libgcc.a
LOAD /usr/lib/gcc-cross/arm-linux-gnueabihf/6/../../../../arm-linux-gnueabihf/lib/../lib/librt.so
LOAD /usr/lib/gcc-cross/arm-linux-gnueabihf/6/../../../../arm-linux-gnueabihf/lib/../lib/libpthread.so
START GROUP
LOAD /usr/arm-linux-gnueabihf/lib/libpthread.so.0
LOAD /usr/arm-linux-gnueabihf/lib/libpthread_nonshared.a
END GROUP
LOAD /usr/lib/gcc-cross/arm-linux-gnueabihf/6/libgcc.a
LOAD /usr/lib/gcc-cross/arm-linux-gnueabihf/6/libgcc_s.so
START GROUP
LOAD /usr/lib/gcc-cross/arm-linux-gnueabihf/6/libgcc_s.so.1
LOAD /usr/lib/gcc-cross/arm-linux-gnueabihf/6/libgcc.a
END GROUP
LOAD /usr/lib/gcc-cross/arm-linux-gnueabihf/6/../../../../arm-linux-gnueabihf/lib/../lib/libc.so
START GROUP
LOAD /usr/arm-linux-gnueabihf/lib/libc.so.6
LOAD /usr/arm-linux-gnueabihf/lib/libc_nonshared.a
LOAD /usr/arm-linux-gnueabihf/lib/ld-linux-armhf.so.3
END GROUP
LOAD /usr/lib/gcc-cross/arm-linux-gnueabihf/6/libgcc.a
LOAD /usr/lib/gcc-cross/arm-linux-gnueabihf/6/libgcc_s.so
START GROUP
LOAD /usr/lib/gcc-cross/arm-linux-gnueabihf/6/libgcc_s.so.1
LOAD /usr/lib/gcc-cross/arm-linux-gnueabihf/6/libgcc.a
END GROUP
LOAD /usr/lib/gcc-cross/arm-linux-gnueabihf/6/crtend.o
LOAD /usr/lib/gcc-cross/arm-linux-gnueabihf/6/../../../../arm-linux-gnueabihf/lib/../lib/crtn.o
                [!provide]                        PROVIDE (__executable_start, 0x10000)
                0x0000000000010154                . = (0x10000 + SIZEOF_HEADERS)

.interp         0x0000000000010154       0x19
 *(.interp)
 .interp        0x0000000000010154       0x19 /usr/lib/gcc-cross/arm-linux-gnueabihf/6/../../../../arm-linux-gnueabihf/lib/../lib/crt1.o

.note.ABI-tag   0x0000000000010170       0x20
 .note.ABI-tag  0x0000000000010170       0x20 /usr/lib/gcc-cross/arm-linux-gnueabihf/6/../../../../arm-linux-gnueabihf/lib/../lib/crt1.o

.note.gnu.build-id
                0x0000000000010190       0x24
 *(.note.gnu.build-id)
 .note.gnu.build-id
                0x0000000000010190       0x24 linker stubs

.hash
 *(.hash)

.gnu.hash       0x00000000000101b4       0xc0
 *(.gnu.hash)
 .gnu.hash      0x00000000000101b4       0xc0 /usr/lib/gcc-cross/arm-linux-gnueabihf/6/../../../../arm-linux-gnueabihf/lib/../lib/crt1.o

.dynsym         0x0000000000010274      0x1e0
 *(.dynsym)
 .dynsym        0x0000000000010274      0x1e0 /usr/lib/gcc-cross/arm-linux-gnueabihf/6/../../../../arm-linux-gnueabihf/lib/../lib/crt1.o

.dynstr         0x0000000000010454      0x1b3
 *(.dynstr)
 .dynstr        0x0000000000010454      0x1b3 /usr/lib/gcc-cross/arm-linux-gnueabihf/6/../../../../arm-linux-gnueabihf/lib/../lib/crt1.o

.gnu.version    0x0000000000010608       0x3c
 *(.gnu.version)
 .gnu.version   0x0000000000010608       0x3c /usr/lib/gcc-cross/arm-linux-gnueabihf/6/../../../../arm-linux-gnueabihf/lib/../lib/crt1.o

.gnu.version_d  0x0000000000010644        0x0
 *(.gnu.version_d)
 .gnu.version_d
                0x0000000000010644        0x0 /usr/lib/gcc-cross/arm-linux-gnueabihf/6/../../../../arm-linux-gnueabihf/lib/../lib/crt1.o

.gnu.version_r  0x0000000000010644       0xa0
 *(.gnu.version_r)
 .gnu.version_r
                0x0000000000010644       0xa0 /usr/lib/gcc-cross/arm-linux-gnueabihf/6/../../../../arm-linux-gnueabihf/lib/../lib/crt1.o

.rel.dyn        0x00000000000106e4       0x18
 *(.rel.init)
 *(.rel.text .rel.text.* .rel.gnu.linkonce.t.*)
 *(.rel.fini)
 *(.rel.rodata .rel.rodata.* .rel.gnu.linkonce.r.*)
 *(.rel.data.rel.ro .rel.data.rel.ro.* .rel.gnu.linkonce.d.rel.ro.*)
 *(.rel.data .rel.data.* .rel.gnu.linkonce.d.*)
 *(.rel.tdata .rel.tdata.* .rel.gnu.linkonce.td.*)
 *(.rel.tbss .rel.tbss.* .rel.gnu.linkonce.tb.*)
 *(.rel.ctors)
 *(.rel.dtors)
 *(.rel.got)
 .rel.got       0x00000000000106e4        0x8 /usr/lib/gcc-cross/arm-linux-gnueabihf/6/../../../../arm-linux-gnueabihf/lib/../lib/crt1.o
 *(.rel.bss .rel.bss.* .rel.gnu.linkonce.b.*)
 .rel.bss       0x00000000000106ec       0x10 /usr/lib/gcc-cross/arm-linux-gnueabihf/6/../../../../arm-linux-gnueabihf/lib/../lib/crt1.o
                [!provide]                        PROVIDE (__rel_iplt_start, .)
 *(.rel.iplt)
 .rel.iplt      0x00000000000106fc        0x0 /usr/lib/gcc-cross/arm-linux-gnueabihf/6/../../../../arm-linux-gnueabihf/lib/../lib/crt1.o
                [!provide]                        PROVIDE (__rel_iplt_end, .)

.rela.dyn       0x00000000000106fc        0x0
 *(.rela.init)
 *(.rela.text .rela.text.* .rela.gnu.linkonce.t.*)
 *(.rela.fini)
 *(.rela.rodata .rela.rodata.* .rela.gnu.linkonce.r.*)
 *(.rela.data .rela.data.* .rela.gnu.linkonce.d.*)
 *(.rela.tdata .rela.tdata.* .rela.gnu.linkonce.td.*)
 *(.rela.tbss .rela.tbss.* .rela.gnu.linkonce.tb.*)
 *(.rela.ctors)
 *(.rela.dtors)
 *(.rela.got)
 *(.rela.bss .rela.bss.* .rela.gnu.linkonce.b.*)
                [!provide]                        PROVIDE (__rela_iplt_start, .)
 *(.rela.iplt)
                [!provide]                        PROVIDE (__rela_iplt_end, .)

.rel.plt        0x00000000000106fc       0xb0
 *(.rel.plt)
 .rel.plt       0x00000000000106fc       0xb0 /usr/lib/gcc-cross/arm-linux-gnueabihf/6/../../../../arm-linux-gnueabihf/lib/../lib/crt1.o

.rela.plt
 *(.rela.plt)

.init           0x00000000000107ac        0xc
 *(SORT(.init))
 .init          0x00000000000107ac        0x8 /usr/lib/gcc-cross/arm-linux-gnueabihf/6/../../../../arm-linux-gnueabihf/lib/../lib/crti.o
                0x00000000000107ac                _init
 .init          0x00000000000107b4        0x4 /usr/lib/gcc-cross/arm-linux-gnueabihf/6/../../../../arm-linux-gnueabihf/lib/../lib/crtn.o

.plt            0x00000000000107b8      0x12c
 *(.plt)
 .plt           0x00000000000107b8      0x12c /usr/lib/gcc-cross/arm-linux-gnueabihf/6/../../../../arm-linux-gnueabihf/lib/../lib/crt1.o
                0x00000000000107cc                raise@@GLIBC_2.4
                0x00000000000107dc                fflush@@GLIBC_2.4
                0x00000000000107e8                __vsnprintf_chk@@GLIBC_2.4
                0x00000000000107f4                memcpy@@GLIBC_2.4
                0x0000000000010800                shm_open@@GLIBC_2.4
                0x000000000001080c                sleep@@GLIBC_2.4
                0x0000000000010818                __stack_chk_fail@@GLIBC_2.4
                0x0000000000010824                perror@@GLIBC_2.4
                0x0000000000010830                pthread_create@@GLIBC_2.4
                0x0000000000010840                puts@@GLIBC_2.4
                0x000000000001084c                __libc_start_main@@GLIBC_2.4
                0x0000000000010864                open@@GLIBC_2.4
                0x0000000000010870                exit@@GLIBC_2.4
                0x000000000001087c                mmap@@GLIBC_2.4
                0x0000000000010888                memset@@GLIBC_2.4
                0x0000000000010898                __printf_chk@@GLIBC_2.4
                0x00000000000108a4                __fprintf_chk@@GLIBC_2.4
                0x00000000000108b0                ftruncate@@GLIBC_2.4
                0x00000000000108c0                msync@@GLIBC_2.4
                0x00000000000108cc                abort@@GLIBC_2.4
                0x00000000000108d8                close@@GLIBC_2.4

.iplt           0x00000000000108e4        0x0
 *(.iplt)
 .iplt          0x00000000000108e4        0x0 /usr/lib/gcc-cross/arm-linux-gnueabihf/6/../../../../arm-linux-gnueabihf/lib/../lib/crt1.o

.text           0x00000000000108e8     0x102c
 *(.text.unlikely .text.*_unlikely .text.unlikely.*)
 .text.unlikely
                0x00000000000108e8       0x14 Main.o
 *(.text.exit .text.exit.*)
 *(.text.startup .text.startup.*)
 .text.startup  0x00000000000108fc      0x208 Main.o
                0x00000000000108fc                main
 *(.text.hot .text.hot.*)
 *(.text .stub .text.* .gnu.linkonce.t.*)
 .text          0x0000000000010b04       0x30 /usr/lib/gcc-cross/arm-linux-gnueabihf/6/../../../../arm-linux-gnueabihf/lib/../lib/crt1.o
                0x0000000000010b04                _start
 .text          0x0000000000010b34       0x24 /usr/lib/gcc-cross/arm-linux-gnueabihf/6/../../../../arm-linux-gnueabihf/lib/../lib/crti.o
 .text          0x0000000000010b58       0x8c /usr/lib/gcc-cross/arm-linux-gnueabihf/6/crtbegin.o
 .text          0x0000000000010be4      0x6c4 Main.o
                0x0000000000010be4                doSomeThing(void*)
                0x0000000000010c28                SetupGPIO()
                0x0000000000010c94                writel(unsigned int, unsigned int)
                0x0000000000010d3c                readl(unsigned int)
                0x0000000000010db0                SetupPWM()
                0x0000000000010e0c                SetupSPI()
                0x0000000000010e64                spi_set_clk(SPIPort*, unsigned int, unsigned int)
                0x0000000000010ee0                SetupSPIController(SPIPort volatile*)
                0x0000000000011160                SetOutputState(unsigned char)
                0x00000000000111f8                printBits(unsigned int, void const*)
                0x0000000000011238                GetByteFromShiftRegister(FastSharedBuffer<unsigned char, unsigned short>&, SPIPort volatile*, PWMPort*)
 .text          0x00000000000112a8        0x0 Common.o
 .text          0x00000000000112a8      0x1bc CircularBuffer.o
                0x00000000000112a8                CircularBufferShow
                0x0000000000011304                CircularBufferInitialiseAsReader
                0x000000000001132c                CircularBufferInitialiseAsWriter
                0x0000000000011354                CircularBufferPut
                0x00000000000113b0                CircularBufferLossyPut
                0x0000000000011408                CircularBufferGet
 .text          0x0000000000011464        0xc Timestamp.o
                0x0000000000011464                TimestampInitialise
                0x0000000000011468                GetTimestamp
 .text          0x0000000000011470       0xcc SharedMemory.o
                0x0000000000011470                SharedMemoryMasterInitialise
                0x00000000000114e0                SharedMemorySlaveInitialise
                0x0000000000011530                SharedMemoryFlush
 .text          0x000000000001153c       0x10 ErrorHandling.o
                0x000000000001153c                PANIC
 .text          0x000000000001154c       0xf8 DebugText.o
                0x000000000001154c                DebugTextOutput
                0x0000000000011574                DebugPrintf
                0x00000000000115c8                NibbleToHex
                0x00000000000115d4                DebugHexDumpBytes
                0x0000000000011640                DebugHexDumpWords
 .text          0x0000000000011644       0x40 /usr/arm-linux-gnueabihf/lib/libc_nonshared.a(elf-init.oS)
                0x0000000000011644                __libc_csu_init
                0x0000000000011680                __libc_csu_fini
 *fill*         0x0000000000011684        0x4 
 .text          0x0000000000011688      0x278 /usr/lib/gcc-cross/arm-linux-gnueabihf/6/libgcc.a(_udivsi3.o)
                0x0000000000011688                __aeabi_uidiv
                0x0000000000011688                __udivsi3
                0x00000000000118e4                __aeabi_uidivmod
 .text          0x0000000000011900        0xc /usr/lib/gcc-cross/arm-linux-gnueabihf/6/libgcc.a(_dvmd_lnx.o)
                0x0000000000011900                __aeabi_ldiv0
                0x0000000000011900                __aeabi_idiv0
 .text          0x000000000001190c        0x0 /usr/lib/gcc-cross/arm-linux-gnueabihf/6/crtend.o
 .text          0x000000000001190c        0x0 /usr/lib/gcc-cross/arm-linux-gnueabihf/6/../../../../arm-linux-gnueabihf/lib/../lib/crtn.o
 *fill*         0x000000000001190c        0x4 
 .text.__stub   0x0000000000011910        0x4 linker stubs
 *(.gnu.warning)
 *(.glue_7t)
 .glue_7t       0x0000000000011914        0x0 linker stubs
 *(.glue_7)
 .glue_7        0x0000000000011914        0x0 linker stubs
 *(.vfp11_veneer)
 .vfp11_veneer  0x0000000000011914        0x0 linker stubs
 *(.v4_bx)
 .v4_bx         0x0000000000011914        0x0 linker stubs

.fini           0x0000000000011914        0x8
 *(SORT(.fini))
 .fini          0x0000000000011914        0x4 /usr/lib/gcc-cross/arm-linux-gnueabihf/6/../../../../arm-linux-gnueabihf/lib/../lib/crti.o
                0x0000000000011914                _fini
 .fini          0x0000000000011918        0x4 /usr/lib/gcc-cross/arm-linux-gnueabihf/6/../../../../arm-linux-gnueabihf/lib/../lib/crtn.o
                [!provide]                        PROVIDE (__etext, .)
                [!provide]                        PROVIDE (_etext, .)
                [!provide]                        PROVIDE (etext, .)

.rodata         0x000000000001191c      0x338
 *(.rodata .rodata.* .gnu.linkonce.r.*)
 .rodata.cst4   0x000000000001191c        0x4 /usr/lib/gcc-cross/arm-linux-gnueabihf/6/../../../../arm-linux-gnueabihf/lib/../lib/crt1.o
                0x000000000001191c                _IO_stdin_used
 .rodata.str1.4
                0x0000000000011920      0x276 Main.o
                                        0x27a (size before relaxing)
 *fill*         0x0000000000011b96        0x2 
 .rodata.str1.4
                0x0000000000011b98       0x71 CircularBuffer.o
 *fill*         0x0000000000011c09        0x3 
 .rodata        0x0000000000011c0c        0x4 SharedMemory.o
                0x0000000000011c0c                SIZE
 .rodata.str1.4
                0x0000000000011c10       0x2d SharedMemory.o
 *fill*         0x0000000000011c3d        0x3 
 .rodata.str1.4
                0x0000000000011c40       0x10 ErrorHandling.o
 .rodata.str1.4
                0x0000000000011c50        0x4 DebugText.o
                                          0x6 (size before relaxing)

.rodata1
 *(.rodata1)

.ARM.extab      0x0000000000011c54        0xc
 *(.ARM.extab* .gnu.linkonce.armextab.*)
 .ARM.extab     0x0000000000011c54        0x0 /usr/lib/gcc-cross/arm-linux-gnueabihf/6/../../../../arm-linux-gnueabihf/lib/../lib/crt1.o
 .ARM.extab     0x0000000000011c54        0x0 Main.o
 .ARM.extab.text.unlikely
                0x0000000000011c54        0xc Main.o
 .ARM.extab.text.startup
                0x0000000000011c60        0x0 Main.o
                [!provide]                        PROVIDE (__exidx_start, .)

.ARM.exidx      0x0000000000011c60       0x70
 *(.ARM.exidx* .gnu.linkonce.armexidx.*)
 .ARM.exidx     0x0000000000011c70        0x8 /usr/lib/gcc-cross/arm-linux-gnueabihf/6/../../../../arm-linux-gnueabihf/lib/../lib/crt1.o
 .ARM.exidx     0x0000000000011c78       0x58 Main.o
 .ARM.exidx.text.unlikely
                0x0000000000011c60        0x8 Main.o
 .ARM.exidx.text.startup
                0x0000000000011c68        0x8 Main.o
                [!provide]                        PROVIDE (__exidx_end, .)

.eh_frame_hdr
 *(.eh_frame_hdr)
 *(.eh_frame_entry .eh_frame_entry.*)

.eh_frame       0x0000000000011cd0        0x4
 *(.eh_frame)
 .eh_frame      0x0000000000011cd0        0x4 /usr/lib/gcc-cross/arm-linux-gnueabihf/6/crtend.o
 *(.eh_frame.*)

.gcc_except_table
 *(.gcc_except_table .gcc_except_table.*)

.gnu_extab
 *(.gnu_extab*)

.exception_ranges
 *(.exception_ranges .exception_ranges*)
                0x0000000000021eec                . = DATA_SEGMENT_ALIGN (0x10000, 0x1000)

.eh_frame
 *(.eh_frame)
 *(.eh_frame.*)

.gnu_extab
 *(.gnu_extab)

.gcc_except_table
 *(.gcc_except_table .gcc_except_table.*)

.exception_ranges
 *(.exception_ranges .exception_ranges*)

.tdata
 *(.tdata .tdata.* .gnu.linkonce.td.*)

.tbss
 *(.tbss .tbss.* .gnu.linkonce.tb.*)
 *(.tcommon)

.preinit_array  0x0000000000021eec        0x0
                [!provide]                        PROVIDE (__preinit_array_start, .)
 *(.preinit_array)
                [!provide]                        PROVIDE (__preinit_array_end, .)

.init_array     0x0000000000021eec        0x4
                0x0000000000021eec                PROVIDE (__init_array_start, .)
 *(SORT(.init_array.*) SORT(.ctors.*))
 *(.init_array EXCLUDE_FILE(*crtend?.o *crtend.o *crtbegin?.o *crtbegin.o) .ctors)
 .init_array    0x0000000000021eec        0x4 /usr/lib/gcc-cross/arm-linux-gnueabihf/6/crtbegin.o
                0x0000000000021ef0                PROVIDE (__init_array_end, .)

.fini_array     0x0000000000021ef0        0x4
                [!provide]                        PROVIDE (__fini_array_start, .)
 *(SORT(.fini_array.*) SORT(.dtors.*))
 *(.fini_array EXCLUDE_FILE(*crtend?.o *crtend.o *crtbegin?.o *crtbegin.o) .dtors)
 .fini_array    0x0000000000021ef0        0x4 /usr/lib/gcc-cross/arm-linux-gnueabihf/6/crtbegin.o
                [!provide]                        PROVIDE (__fini_array_end, .)

.ctors
 *crtbegin.o(.ctors)
 *crtbegin?.o(.ctors)
 *(EXCLUDE_FILE(*crtend?.o *crtend.o) .ctors)
 *(SORT(.ctors.*))
 *(.ctors)

.dtors
 *crtbegin.o(.dtors)
 *crtbegin?.o(.dtors)
 *(EXCLUDE_FILE(*crtend?.o *crtend.o) .dtors)
 *(SORT(.dtors.*))
 *(.dtors)

.jcr            0x0000000000021ef4        0x4
 *(.jcr)
 .jcr           0x0000000000021ef4        0x0 /usr/lib/gcc-cross/arm-linux-gnueabihf/6/crtbegin.o
 .jcr           0x0000000000021ef4        0x4 /usr/lib/gcc-cross/arm-linux-gnueabihf/6/crtend.o

.data.rel.ro
 *(.data.rel.ro.local* .gnu.linkonce.d.rel.ro.local.*)
 *(.data.rel.ro .data.rel.ro.* .gnu.linkonce.d.rel.ro.*)

.dynamic        0x0000000000021ef8      0x108
 *(.dynamic)
 .dynamic       0x0000000000021ef8      0x108 /usr/lib/gcc-cross/arm-linux-gnueabihf/6/../../../../arm-linux-gnueabihf/lib/../lib/crt1.o
                0x0000000000021ef8                _DYNAMIC
                0x0000000000022000                . = DATA_SEGMENT_RELRO_END (., 0x0)

.got            0x0000000000022000       0x68
 *(.got.plt)
 .got.plt       0x0000000000022000       0x64 /usr/lib/gcc-cross/arm-linux-gnueabihf/6/../../../../arm-linux-gnueabihf/lib/../lib/crt1.o
                0x0000000000022000                _GLOBAL_OFFSET_TABLE_
 *(.igot.plt)
 .igot.plt      0x0000000000022064        0x0 /usr/lib/gcc-cross/arm-linux-gnueabihf/6/../../../../arm-linux-gnueabihf/lib/../lib/crt1.o
 *(.got)
 .got           0x0000000000022064        0x4 /usr/lib/gcc-cross/arm-linux-gnueabihf/6/../../../../arm-linux-gnueabihf/lib/../lib/crt1.o
 *(.igot)

.data           0x0000000000022068        0x8
                [!provide]                        PROVIDE (__data_start, .)
 *(.data .data.* .gnu.linkonce.d.*)
 .data          0x0000000000022068        0x4 /usr/lib/gcc-cross/arm-linux-gnueabihf/6/../../../../arm-linux-gnueabihf/lib/../lib/crt1.o
                0x0000000000022068                data_start
                0x0000000000022068                __data_start
 .data          0x000000000002206c        0x0 /usr/lib/gcc-cross/arm-linux-gnueabihf/6/../../../../arm-linux-gnueabihf/lib/../lib/crti.o
 .data          0x000000000002206c        0x4 /usr/lib/gcc-cross/arm-linux-gnueabihf/6/crtbegin.o
                0x000000000002206c                __dso_handle
 .data          0x0000000000022070        0x0 Main.o
 .data          0x0000000000022070        0x0 Common.o
 .data          0x0000000000022070        0x0 CircularBuffer.o
 .data          0x0000000000022070        0x0 Timestamp.o
 .data          0x0000000000022070        0x0 SharedMemory.o
 .data          0x0000000000022070        0x0 ErrorHandling.o
 .data          0x0000000000022070        0x0 DebugText.o
 .data          0x0000000000022070        0x0 /usr/arm-linux-gnueabihf/lib/libc_nonshared.a(elf-init.oS)
 .data          0x0000000000022070        0x0 /usr/lib/gcc-cross/arm-linux-gnueabihf/6/libgcc.a(_udivsi3.o)
 .data          0x0000000000022070        0x0 /usr/lib/gcc-cross/arm-linux-gnueabihf/6/libgcc.a(_dvmd_lnx.o)
 .data          0x0000000000022070        0x0 /usr/lib/gcc-cross/arm-linux-gnueabihf/6/crtend.o
 .data          0x0000000000022070        0x0 /usr/lib/gcc-cross/arm-linux-gnueabihf/6/../../../../arm-linux-gnueabihf/lib/../lib/crtn.o

.tm_clone_table
                0x0000000000022070        0x0
 .tm_clone_table
                0x0000000000022070        0x0 /usr/lib/gcc-cross/arm-linux-gnueabihf/6/crtbegin.o
 .tm_clone_table
                0x0000000000022070        0x0 /usr/lib/gcc-cross/arm-linux-gnueabihf/6/crtend.o

.data1
 *(.data1)
                0x0000000000022070                _edata = .
                [!provide]                        PROVIDE (edata, .)
                0x0000000000022070                . = .
                0x0000000000022070                __bss_start = .
                0x0000000000022070                __bss_start__ = .

.bss            0x0000000000022070      0x144
 *(.dynbss)
 .dynbss        0x0000000000022070        0x8 /usr/lib/gcc-cross/arm-linux-gnueabihf/6/../../../../arm-linux-gnueabihf/lib/../lib/crt1.o
                0x0000000000022070                __stack_chk_guard@@GLIBC_2.4
                0x0000000000022074                stdout@@GLIBC_2.4
 *(.bss .bss.* .gnu.linkonce.b.*)
 .bss           0x0000000000022078        0x0 /usr/lib/gcc-cross/arm-linux-gnueabihf/6/../../../../arm-linux-gnueabihf/lib/../lib/crt1.o
 .bss           0x0000000000022078        0x0 /usr/lib/gcc-cross/arm-linux-gnueabihf/6/../../../../arm-linux-gnueabihf/lib/../lib/crti.o
 .bss           0x0000000000022078        0x1 /usr/lib/gcc-cross/arm-linux-gnueabihf/6/crtbegin.o
 *fill*         0x0000000000022079        0x3 
 .bss           0x000000000002207c       0x38 Main.o
                0x000000000002207c                inputCount
                0x0000000000022080                sharedMemory
                0x0000000000022084                portA
                0x0000000000022088                spi
                0x000000000002208c                spi0
                0x0000000000022090                spi1
                0x0000000000022094                gpio
                0x0000000000022098                portC
                0x000000000002209c                portD
                0x00000000000220a0                portE
                0x00000000000220a4                portF
                0x00000000000220a8                portG
                0x00000000000220ac                portL
 .bss           0x00000000000220b4        0x0 Common.o
 .bss           0x00000000000220b4        0x0 CircularBuffer.o
 .bss           0x00000000000220b4        0x0 Timestamp.o
 .bss           0x00000000000220b4        0x0 SharedMemory.o
 .bss           0x00000000000220b4        0x0 ErrorHandling.o
 .bss           0x00000000000220b4      0x100 DebugText.o
 .bss           0x00000000000221b4        0x0 /usr/arm-linux-gnueabihf/lib/libc_nonshared.a(elf-init.oS)
 .bss           0x00000000000221b4        0x0 /usr/lib/gcc-cross/arm-linux-gnueabihf/6/libgcc.a(_udivsi3.o)
 .bss           0x00000000000221b4        0x0 /usr/lib/gcc-cross/arm-linux-gnueabihf/6/libgcc.a(_dvmd_lnx.o)
 .bss           0x00000000000221b4        0x0 /usr/lib/gcc-cross/arm-linux-gnueabihf/6/crtend.o
 .bss           0x00000000000221b4        0x0 /usr/lib/gcc-cross/arm-linux-gnueabihf/6/../../../../arm-linux-gnueabihf/lib/../lib/crtn.o
 *(COMMON)
                0x00000000000221b4                . = ALIGN ((. != 0x0)?0x4:0x1)
                0x00000000000221b4                _bss_end__ = .
                0x00000000000221b4                __bss_end__ = .
                0x00000000000221b4                . = ALIGN (0x4)
                0x00000000000221b4                . = SEGMENT_START ("ldata-segment", .)
                0x00000000000221b4                . = ALIGN (0x4)
                0x00000000000221b4                __end__ = .
                0x00000000000221b4                _end = .
                [!provide]                        PROVIDE (end, .)
                0x00000000000221b4                . = DATA_SEGMENT_END (.)

.stab
 *(.stab)

.stabstr
 *(.stabstr)

.stab.excl
 *(.stab.excl)

.stab.exclstr
 *(.stab.exclstr)

.stab.index
 *(.stab.index)

.stab.indexstr
 *(.stab.indexstr)

.comment        0x0000000000000000       0x2d
 *(.comment)
 .comment       0x0000000000000000       0x2d /usr/lib/gcc-cross/arm-linux-gnueabihf/6/crtbegin.o
                                         0x2e (size before relaxing)
 .comment       0x000000000000002d       0x2e Main.o
 .comment       0x000000000000002d       0x2e Common.o
 .comment       0x000000000000002d       0x2e CircularBuffer.o
 .comment       0x000000000000002d       0x2e Timestamp.o
 .comment       0x000000000000002d       0x2e SharedMemory.o
 .comment       0x000000000000002d       0x2e ErrorHandling.o
 .comment       0x000000000000002d       0x2e DebugText.o
 .comment       0x000000000000002d       0x2e /usr/lib/gcc-cross/arm-linux-gnueabihf/6/crtend.o

.ARM.attributes
                0x0000000000000000       0x35
 .ARM.attributes
                0x0000000000000000       0x33 /usr/lib/gcc-cross/arm-linux-gnueabihf/6/../../../../arm-linux-gnueabihf/lib/../lib/crt1.o
 .ARM.attributes
                0x0000000000000033       0x27 /usr/lib/gcc-cross/arm-linux-gnueabihf/6/../../../../arm-linux-gnueabihf/lib/../lib/crti.o
 .ARM.attributes
                0x000000000000005a       0x33 /usr/lib/gcc-cross/arm-linux-gnueabihf/6/crtbegin.o
 .ARM.attributes
                0x000000000000008d       0x35 Main.o
 .ARM.attributes
                0x00000000000000c2       0x35 Common.o
 .ARM.attributes
                0x00000000000000f7       0x35 CircularBuffer.o
 .ARM.attributes
                0x000000000000012c       0x35 Timestamp.o
 .ARM.attributes
                0x0000000000000161       0x35 SharedMemory.o
 .ARM.attributes
                0x0000000000000196       0x35 ErrorHandling.o
 .ARM.attributes
                0x00000000000001cb       0x35 DebugText.o
 .ARM.attributes
                0x0000000000000200       0x35 /usr/arm-linux-gnueabihf/lib/libc_nonshared.a(elf-init.oS)
 .ARM.attributes
                0x0000000000000235       0x21 /usr/lib/gcc-cross/arm-linux-gnueabihf/6/libgcc.a(_udivsi3.o)
 .ARM.attributes
                0x0000000000000256       0x21 /usr/lib/gcc-cross/arm-linux-gnueabihf/6/libgcc.a(_dvmd_lnx.o)
 .ARM.attributes
                0x0000000000000277       0x33 /usr/lib/gcc-cross/arm-linux-gnueabihf/6/crtend.o
 .ARM.attributes
                0x00000000000002aa       0x27 /usr/lib/gcc-cross/arm-linux-gnueabihf/6/../../../../arm-linux-gnueabihf/lib/../lib/crtn.o

.debug
 *(.debug)

.line
 *(.line)

.debug_srcinfo
 *(.debug_srcinfo)

.debug_sfnames
 *(.debug_sfnames)

.debug_aranges  0x0000000000000000       0xd0
 *(.debug_aranges)
 .debug_aranges
                0x0000000000000000       0x30 Main.o
 .debug_aranges
                0x0000000000000030       0x20 CircularBuffer.o
 .debug_aranges
                0x0000000000000050       0x20 Timestamp.o
 .debug_aranges
                0x0000000000000070       0x20 SharedMemory.o
 .debug_aranges
                0x0000000000000090       0x20 ErrorHandling.o
 .debug_aranges
                0x00000000000000b0       0x20 DebugText.o

.debug_pubnames
 *(.debug_pubnames)

.debug_info     0x0000000000000000     0x3e2a
 *(.debug_info .gnu.linkonce.wi.*)
 .debug_info    0x0000000000000000     0x2d0b Main.o
 .debug_info    0x0000000000002d0b      0x55a CircularBuffer.o
 .debug_info    0x0000000000003265       0xba Timestamp.o
 .debug_info    0x000000000000331f      0x3b5 SharedMemory.o
 .debug_info    0x00000000000036d4       0xa0 ErrorHandling.o
 .debug_info    0x0000000000003774      0x6b6 DebugText.o

.debug_abbrev   0x0000000000000000      0xc78
 *(.debug_abbrev)
 .debug_abbrev  0x0000000000000000      0x64b Main.o
 .debug_abbrev  0x000000000000064b      0x17b CircularBuffer.o
 .debug_abbrev  0x00000000000007c6       0x76 Timestamp.o
 .debug_abbrev  0x000000000000083c      0x193 SharedMemory.o
 .debug_abbrev  0x00000000000009cf       0x6a ErrorHandling.o
 .debug_abbrev  0x0000000000000a39      0x23f DebugText.o

.debug_line     0x0000000000000000     0x1090
 *(.debug_line .debug_line.* .debug_line_end)
 .debug_line    0x0000000000000000      0x799 Main.o
 .debug_line    0x0000000000000799        0x0 Common.o
 .debug_line    0x0000000000000799      0x2d2 CircularBuffer.o
 .debug_line    0x0000000000000a6b      0x115 Timestamp.o
 .debug_line    0x0000000000000b80      0x1fe SharedMemory.o
 .debug_line    0x0000000000000d7e       0xea ErrorHandling.o
 .debug_line    0x0000000000000e68      0x228 DebugText.o

.debug_frame    0x0000000000000000      0x414
 *(.debug_frame)
 .debug_frame   0x0000000000000000      0x1d4 Main.o
 .debug_frame   0x00000000000001d4       0xd0 CircularBuffer.o
 .debug_frame   0x00000000000002a4       0x30 Timestamp.o
 .debug_frame   0x00000000000002d4       0x64 SharedMemory.o
 .debug_frame   0x0000000000000338       0x28 ErrorHandling.o
 .debug_frame   0x0000000000000360       0xb4 DebugText.o

.debug_str      0x0000000000000000     0x2045
 *(.debug_str)
 .debug_str     0x0000000000000000     0x1b0e Main.o
                                       0x1c68 (size before relaxing)
 .debug_str     0x0000000000001b0e       0xa4 Common.o
                                         0xd0 (size before relaxing)
 .debug_str     0x0000000000001bb2      0x1ac CircularBuffer.o
                                        0x34c (size before relaxing)
 .debug_str     0x0000000000001d5e       0x82 Timestamp.o
                                        0x1bd (size before relaxing)
 .debug_str     0x0000000000001de0       0xc5 SharedMemory.o
                                        0x2a2 (size before relaxing)
 .debug_str     0x0000000000001ea5       0x61 ErrorHandling.o
                                        0x19b (size before relaxing)
 .debug_str     0x0000000000001f06      0x13f DebugText.o
                                        0x4ca (size before relaxing)

.debug_loc      0x0000000000000000     0x15f0
 *(.debug_loc)
 .debug_loc     0x0000000000000000      0xe31 Main.o
 .debug_loc     0x0000000000000e31      0x4ca CircularBuffer.o
 .debug_loc     0x00000000000012fb       0x1f Timestamp.o
 .debug_loc     0x000000000000131a      0x181 SharedMemory.o
 .debug_loc     0x000000000000149b      0x155 DebugText.o

.debug_macinfo
 *(.debug_macinfo)

.debug_weaknames
 *(.debug_weaknames)

.debug_funcnames
 *(.debug_funcnames)

.debug_typenames
 *(.debug_typenames)

.debug_varnames
 *(.debug_varnames)

.debug_pubtypes
 *(.debug_pubtypes)

.debug_ranges   0x0000000000000000      0x288
 *(.debug_ranges)
 .debug_ranges  0x0000000000000000      0x188 Main.o
 .debug_ranges  0x0000000000000188       0x88 CircularBuffer.o
 .debug_ranges  0x0000000000000210       0x78 DebugText.o

.debug_macro
 *(.debug_macro)

.gnu.attributes
 *(.gnu.attributes)

.note.gnu.arm.ident
 *(.note.gnu.arm.ident)

/DISCARD/
 *(.note.GNU-stack)
 *(.gnu_debuglink)
 *(.gnu.lto_*)
OUTPUT(Main.elf elf32-littlearm)
