Archive member included to satisfy reference by file (symbol)

/usr/arm-linux-gnueabihf/lib/libc_nonshared.a(elf-init.oS)
                              /usr/lib/gcc-cross/arm-linux-gnueabihf/6/../../../../arm-linux-gnueabihf/lib/../lib/crt1.o (__libc_csu_init)
/usr/lib/gcc-cross/arm-linux-gnueabihf/6/libgcc.a(_udivsi3.o)
                              CircularBuffer.o (__aeabi_uidivmod)
/usr/lib/gcc-cross/arm-linux-gnueabihf/6/libgcc.a(_dvmd_lnx.o)
                              /usr/lib/gcc-cross/arm-linux-gnueabihf/6/libgcc.a(_udivsi3.o) (__aeabi_idiv0)

As-needed library included to satisfy reference by file (symbol)

libc.so.6                     DebugText.o (fflush@@GLIBC_2.4)
ld-linux-armhf.so.3           Main.o (__stack_chk_guard@@GLIBC_2.4)
librt.so.1                    SharedMemory.o (shm_open@@GLIBC_2.4)

Discarded input sections

 .note.GNU-stack
                0x0000000000000000        0x0 /usr/lib/gcc-cross/arm-linux-gnueabihf/6/../../../../arm-linux-gnueabihf/lib/../lib/crt1.o
 .note.GNU-stack
                0x0000000000000000        0x0 /usr/lib/gcc-cross/arm-linux-gnueabihf/6/../../../../arm-linux-gnueabihf/lib/../lib/crti.o
 .note.GNU-stack
                0x0000000000000000        0x0 /usr/lib/gcc-cross/arm-linux-gnueabihf/6/crtbegin.o
 .note.GNU-stack
                0x0000000000000000        0x0 Main.o
 .note.GNU-stack
                0x0000000000000000        0x0 CircularBuffer.o
 .note.GNU-stack
                0x0000000000000000        0x0 Timestamp.o
 .note.GNU-stack
                0x0000000000000000        0x0 SharedMemory.o
 .note.GNU-stack
                0x0000000000000000        0x0 ErrorHandling.o
 .note.GNU-stack
                0x0000000000000000        0x0 DebugText.o
 .note.GNU-stack
                0x0000000000000000        0x0 /usr/arm-linux-gnueabihf/lib/libc_nonshared.a(elf-init.oS)
 .note.GNU-stack
                0x0000000000000000        0x0 /usr/lib/gcc-cross/arm-linux-gnueabihf/6/libgcc.a(_udivsi3.o)
 .note.GNU-stack
                0x0000000000000000        0x0 /usr/lib/gcc-cross/arm-linux-gnueabihf/6/libgcc.a(_dvmd_lnx.o)
 .note.GNU-stack
                0x0000000000000000        0x0 /usr/lib/gcc-cross/arm-linux-gnueabihf/6/crtend.o
 .note.GNU-stack
                0x0000000000000000        0x0 /usr/lib/gcc-cross/arm-linux-gnueabihf/6/../../../../arm-linux-gnueabihf/lib/../lib/crtn.o

Memory Configuration

Name             Origin             Length             Attributes
*default*        0x0000000000000000 0xffffffffffffffff

Linker script and memory map

LOAD /usr/lib/gcc-cross/arm-linux-gnueabihf/6/../../../../arm-linux-gnueabihf/lib/../lib/crt1.o
LOAD /usr/lib/gcc-cross/arm-linux-gnueabihf/6/../../../../arm-linux-gnueabihf/lib/../lib/crti.o
LOAD /usr/lib/gcc-cross/arm-linux-gnueabihf/6/crtbegin.o
LOAD Main.o
LOAD CircularBuffer.o
LOAD Timestamp.o
LOAD SharedMemory.o
LOAD ErrorHandling.o
LOAD DebugText.o
LOAD /usr/lib/gcc-cross/arm-linux-gnueabihf/6/../../../../arm-linux-gnueabihf/lib/../lib/libc.so
START GROUP
LOAD /usr/arm-linux-gnueabihf/lib/libc.so.6
LOAD /usr/arm-linux-gnueabihf/lib/libc_nonshared.a
LOAD /usr/arm-linux-gnueabihf/lib/ld-linux-armhf.so.3
END GROUP
LOAD /usr/lib/gcc-cross/arm-linux-gnueabihf/6/libgcc.a
LOAD /usr/lib/gcc-cross/arm-linux-gnueabihf/6/../../../../arm-linux-gnueabihf/lib/../lib/librt.so
LOAD /usr/lib/gcc-cross/arm-linux-gnueabihf/6/libgcc.a
LOAD /usr/lib/gcc-cross/arm-linux-gnueabihf/6/libgcc_s.so
START GROUP
LOAD /usr/lib/gcc-cross/arm-linux-gnueabihf/6/libgcc_s.so.1
LOAD /usr/lib/gcc-cross/arm-linux-gnueabihf/6/libgcc.a
END GROUP
LOAD /usr/lib/gcc-cross/arm-linux-gnueabihf/6/../../../../arm-linux-gnueabihf/lib/../lib/libc.so
START GROUP
LOAD /usr/arm-linux-gnueabihf/lib/libc.so.6
LOAD /usr/arm-linux-gnueabihf/lib/libc_nonshared.a
LOAD /usr/arm-linux-gnueabihf/lib/ld-linux-armhf.so.3
END GROUP
LOAD /usr/lib/gcc-cross/arm-linux-gnueabihf/6/libgcc.a
LOAD /usr/lib/gcc-cross/arm-linux-gnueabihf/6/libgcc_s.so
START GROUP
LOAD /usr/lib/gcc-cross/arm-linux-gnueabihf/6/libgcc_s.so.1
LOAD /usr/lib/gcc-cross/arm-linux-gnueabihf/6/libgcc.a
END GROUP
LOAD /usr/lib/gcc-cross/arm-linux-gnueabihf/6/crtend.o
LOAD /usr/lib/gcc-cross/arm-linux-gnueabihf/6/../../../../arm-linux-gnueabihf/lib/../lib/crtn.o
                [!provide]                        PROVIDE (__executable_start, 0x10000)
                0x0000000000010154                . = (0x10000 + SIZEOF_HEADERS)

.interp         0x0000000000010154       0x19
 *(.interp)
 .interp        0x0000000000010154       0x19 /usr/lib/gcc-cross/arm-linux-gnueabihf/6/../../../../arm-linux-gnueabihf/lib/../lib/crt1.o

.note.ABI-tag   0x0000000000010170       0x20
 .note.ABI-tag  0x0000000000010170       0x20 /usr/lib/gcc-cross/arm-linux-gnueabihf/6/../../../../arm-linux-gnueabihf/lib/../lib/crt1.o

.note.gnu.build-id
                0x0000000000010190       0x24
 *(.note.gnu.build-id)
 .note.gnu.build-id
                0x0000000000010190       0x24 linker stubs

.hash
 *(.hash)

.gnu.hash       0x00000000000101b4       0xb0
 *(.gnu.hash)
 .gnu.hash      0x00000000000101b4       0xb0 /usr/lib/gcc-cross/arm-linux-gnueabihf/6/../../../../arm-linux-gnueabihf/lib/../lib/crt1.o

.dynsym         0x0000000000010264      0x180
 *(.dynsym)
 .dynsym        0x0000000000010264      0x180 /usr/lib/gcc-cross/arm-linux-gnueabihf/6/../../../../arm-linux-gnueabihf/lib/../lib/crt1.o

.dynstr         0x00000000000103e4      0x13f
 *(.dynstr)
 .dynstr        0x00000000000103e4      0x13f /usr/lib/gcc-cross/arm-linux-gnueabihf/6/../../../../arm-linux-gnueabihf/lib/../lib/crt1.o

.gnu.version    0x0000000000010524       0x30
 *(.gnu.version)
 .gnu.version   0x0000000000010524       0x30 /usr/lib/gcc-cross/arm-linux-gnueabihf/6/../../../../arm-linux-gnueabihf/lib/../lib/crt1.o

.gnu.version_d  0x0000000000010554        0x0
 *(.gnu.version_d)
 .gnu.version_d
                0x0000000000010554        0x0 /usr/lib/gcc-cross/arm-linux-gnueabihf/6/../../../../arm-linux-gnueabihf/lib/../lib/crt1.o

.gnu.version_r  0x0000000000010554       0x60
 *(.gnu.version_r)
 .gnu.version_r
                0x0000000000010554       0x60 /usr/lib/gcc-cross/arm-linux-gnueabihf/6/../../../../arm-linux-gnueabihf/lib/../lib/crt1.o

.rel.dyn        0x00000000000105b4       0x18
 *(.rel.init)
 *(.rel.text .rel.text.* .rel.gnu.linkonce.t.*)
 *(.rel.fini)
 *(.rel.rodata .rel.rodata.* .rel.gnu.linkonce.r.*)
 *(.rel.data.rel.ro .rel.data.rel.ro.* .rel.gnu.linkonce.d.rel.ro.*)
 *(.rel.data .rel.data.* .rel.gnu.linkonce.d.*)
 *(.rel.tdata .rel.tdata.* .rel.gnu.linkonce.td.*)
 *(.rel.tbss .rel.tbss.* .rel.gnu.linkonce.tb.*)
 *(.rel.ctors)
 *(.rel.dtors)
 *(.rel.got)
 .rel.got       0x00000000000105b4        0x8 /usr/lib/gcc-cross/arm-linux-gnueabihf/6/../../../../arm-linux-gnueabihf/lib/../lib/crt1.o
 *(.rel.bss .rel.bss.* .rel.gnu.linkonce.b.*)
 .rel.bss       0x00000000000105bc       0x10 /usr/lib/gcc-cross/arm-linux-gnueabihf/6/../../../../arm-linux-gnueabihf/lib/../lib/crt1.o
                [!provide]                        PROVIDE (__rel_iplt_start, .)
 *(.rel.iplt)
 .rel.iplt      0x00000000000105cc        0x0 /usr/lib/gcc-cross/arm-linux-gnueabihf/6/../../../../arm-linux-gnueabihf/lib/../lib/crt1.o
                [!provide]                        PROVIDE (__rel_iplt_end, .)

.rela.dyn       0x00000000000105cc        0x0
 *(.rela.init)
 *(.rela.text .rela.text.* .rela.gnu.linkonce.t.*)
 *(.rela.fini)
 *(.rela.rodata .rela.rodata.* .rela.gnu.linkonce.r.*)
 *(.rela.data .rela.data.* .rela.gnu.linkonce.d.*)
 *(.rela.tdata .rela.tdata.* .rela.gnu.linkonce.td.*)
 *(.rela.tbss .rela.tbss.* .rela.gnu.linkonce.tb.*)
 *(.rela.ctors)
 *(.rela.dtors)
 *(.rela.got)
 *(.rela.bss .rela.bss.* .rela.gnu.linkonce.b.*)
                [!provide]                        PROVIDE (__rela_iplt_start, .)
 *(.rela.iplt)
                [!provide]                        PROVIDE (__rela_iplt_end, .)

.rel.plt        0x00000000000105cc       0x90
 *(.rel.plt)
 .rel.plt       0x00000000000105cc       0x90 /usr/lib/gcc-cross/arm-linux-gnueabihf/6/../../../../arm-linux-gnueabihf/lib/../lib/crt1.o

.rela.plt
 *(.rela.plt)

.init           0x000000000001065c        0xc
 *(SORT(.init))
 .init          0x000000000001065c        0x8 /usr/lib/gcc-cross/arm-linux-gnueabihf/6/../../../../arm-linux-gnueabihf/lib/../lib/crti.o
                0x000000000001065c                _init
 .init          0x0000000000010664        0x4 /usr/lib/gcc-cross/arm-linux-gnueabihf/6/../../../../arm-linux-gnueabihf/lib/../lib/crtn.o

.plt            0x0000000000010668       0xf0
 *(.plt)
 .plt           0x0000000000010668       0xf0 /usr/lib/gcc-cross/arm-linux-gnueabihf/6/../../../../arm-linux-gnueabihf/lib/../lib/crt1.o
                0x000000000001067c                raise@@GLIBC_2.4
                0x000000000001068c                fflush@@GLIBC_2.4
                0x0000000000010698                __vsnprintf_chk@@GLIBC_2.4
                0x00000000000106a4                memcpy@@GLIBC_2.4
                0x00000000000106b0                shm_open@@GLIBC_2.4
                0x00000000000106bc                __stack_chk_fail@@GLIBC_2.4
                0x00000000000106c8                perror@@GLIBC_2.4
                0x00000000000106d4                __libc_start_main@@GLIBC_2.4
                0x00000000000106ec                open@@GLIBC_2.4
                0x00000000000106f8                exit@@GLIBC_2.4
                0x0000000000010704                mmap@@GLIBC_2.4
                0x0000000000010710                memset@@GLIBC_2.4
                0x000000000001071c                __printf_chk@@GLIBC_2.4
                0x0000000000010728                __fprintf_chk@@GLIBC_2.4
                0x0000000000010734                ftruncate@@GLIBC_2.4
                0x0000000000010740                abort@@GLIBC_2.4
                0x000000000001074c                close@@GLIBC_2.4

.iplt           0x0000000000010758        0x0
 *(.iplt)
 .iplt          0x0000000000010758        0x0 /usr/lib/gcc-cross/arm-linux-gnueabihf/6/../../../../arm-linux-gnueabihf/lib/../lib/crt1.o

.text           0x0000000000010758      0x804
 *(.text.unlikely .text.*_unlikely .text.unlikely.*)
 *(.text.exit .text.exit.*)
 *(.text.startup .text.startup.*)
 .text.startup  0x0000000000010758       0xa4 Main.o
                0x0000000000010758                main
 *(.text.hot .text.hot.*)
 *(.text .stub .text.* .gnu.linkonce.t.*)
 .text          0x00000000000107fc       0x30 /usr/lib/gcc-cross/arm-linux-gnueabihf/6/../../../../arm-linux-gnueabihf/lib/../lib/crt1.o
                0x00000000000107fc                _start
 .text          0x000000000001082c       0x24 /usr/lib/gcc-cross/arm-linux-gnueabihf/6/../../../../arm-linux-gnueabihf/lib/../lib/crti.o
 .text          0x0000000000010850       0x8c /usr/lib/gcc-cross/arm-linux-gnueabihf/6/crtbegin.o
 .text          0x00000000000108dc      0x10c Main.o
                0x00000000000108dc                SetupGPIO
                0x0000000000010958                SetLineState
 .text          0x00000000000109e8       0xd8 CircularBuffer.o
                0x00000000000109e8                CircularBufferShow
                0x0000000000010a44                CircularBufferInitialiseAsReader
                0x0000000000010a54                CircularBufferInitialiseAsWriter
                0x0000000000010a64                CircularBufferPut
                0x0000000000010a94                CircularBufferGet
 .text          0x0000000000010ac0        0xc Timestamp.o
                0x0000000000010ac0                TimestampInitialise
                0x0000000000010ac4                GetTimestamp
 .text          0x0000000000010acc       0xc0 SharedMemory.o
                0x0000000000010acc                SharedMemoryMasterInitialise
                0x0000000000010b3c                SharedMemorySlaveInitialise
 .text          0x0000000000010b8c       0x10 ErrorHandling.o
                0x0000000000010b8c                PANIC
 .text          0x0000000000010b9c       0xf8 DebugText.o
                0x0000000000010b9c                DebugTextOutput
                0x0000000000010bc4                DebugPrintf
                0x0000000000010c18                NibbleToHex
                0x0000000000010c24                DebugHexDumpBytes
                0x0000000000010c90                DebugHexDumpWords
 .text          0x0000000000010c94       0x40 /usr/arm-linux-gnueabihf/lib/libc_nonshared.a(elf-init.oS)
                0x0000000000010c94                __libc_csu_init
                0x0000000000010cd0                __libc_csu_fini
 *fill*         0x0000000000010cd4        0x4 
 .text          0x0000000000010cd8      0x278 /usr/lib/gcc-cross/arm-linux-gnueabihf/6/libgcc.a(_udivsi3.o)
                0x0000000000010cd8                __aeabi_uidiv
                0x0000000000010cd8                __udivsi3
                0x0000000000010f34                __aeabi_uidivmod
 .text          0x0000000000010f50        0xc /usr/lib/gcc-cross/arm-linux-gnueabihf/6/libgcc.a(_dvmd_lnx.o)
                0x0000000000010f50                __aeabi_ldiv0
                0x0000000000010f50                __aeabi_idiv0
 .text          0x0000000000010f5c        0x0 /usr/lib/gcc-cross/arm-linux-gnueabihf/6/crtend.o
 .text          0x0000000000010f5c        0x0 /usr/lib/gcc-cross/arm-linux-gnueabihf/6/../../../../arm-linux-gnueabihf/lib/../lib/crtn.o
 *(.gnu.warning)
 *(.glue_7t)
 .glue_7t       0x0000000000010f5c        0x0 linker stubs
 *(.glue_7)
 .glue_7        0x0000000000010f5c        0x0 linker stubs
 *(.vfp11_veneer)
 .vfp11_veneer  0x0000000000010f5c        0x0 linker stubs
 *(.v4_bx)
 .v4_bx         0x0000000000010f5c        0x0 linker stubs

.fini           0x0000000000010f5c        0x8
 *(SORT(.fini))
 .fini          0x0000000000010f5c        0x4 /usr/lib/gcc-cross/arm-linux-gnueabihf/6/../../../../arm-linux-gnueabihf/lib/../lib/crti.o
                0x0000000000010f5c                _fini
 .fini          0x0000000000010f60        0x4 /usr/lib/gcc-cross/arm-linux-gnueabihf/6/../../../../arm-linux-gnueabihf/lib/../lib/crtn.o
                [!provide]                        PROVIDE (__etext, .)
                [!provide]                        PROVIDE (_etext, .)
                [!provide]                        PROVIDE (etext, .)

.rodata         0x0000000000010f64      0x144
 *(.rodata .rodata.* .gnu.linkonce.r.*)
 .rodata.cst4   0x0000000000010f64        0x4 /usr/lib/gcc-cross/arm-linux-gnueabihf/6/../../../../arm-linux-gnueabihf/lib/../lib/crt1.o
                0x0000000000010f64                _IO_stdin_used
 .rodata.str1.4
                0x0000000000010f68       0x82 Main.o
 *fill*         0x0000000000010fea        0x2 
 .rodata.str1.4
                0x0000000000010fec       0x71 CircularBuffer.o
 *fill*         0x000000000001105d        0x3 
 .rodata        0x0000000000011060        0x4 SharedMemory.o
                0x0000000000011060                SIZE
 .rodata.str1.4
                0x0000000000011064       0x2d SharedMemory.o
 *fill*         0x0000000000011091        0x3 
 .rodata.str1.4
                0x0000000000011094       0x10 ErrorHandling.o
 .rodata.str1.4
                0x00000000000110a4        0x4 DebugText.o
                                          0x6 (size before relaxing)

.rodata1
 *(.rodata1)

.ARM.extab      0x00000000000110a8        0x0
 *(.ARM.extab* .gnu.linkonce.armextab.*)
 .ARM.extab     0x00000000000110a8        0x0 /usr/lib/gcc-cross/arm-linux-gnueabihf/6/../../../../arm-linux-gnueabihf/lib/../lib/crt1.o
                [!provide]                        PROVIDE (__exidx_start, .)

.ARM.exidx      0x00000000000110a8        0x8
 *(.ARM.exidx* .gnu.linkonce.armexidx.*)
 .ARM.exidx     0x00000000000110a8        0x8 /usr/lib/gcc-cross/arm-linux-gnueabihf/6/../../../../arm-linux-gnueabihf/lib/../lib/crt1.o
                [!provide]                        PROVIDE (__exidx_end, .)

.eh_frame_hdr
 *(.eh_frame_hdr)
 *(.eh_frame_entry .eh_frame_entry.*)

.eh_frame       0x00000000000110b0        0x4
 *(.eh_frame)
 .eh_frame      0x00000000000110b0        0x4 /usr/lib/gcc-cross/arm-linux-gnueabihf/6/crtend.o
 *(.eh_frame.*)

.gcc_except_table
 *(.gcc_except_table .gcc_except_table.*)

.gnu_extab
 *(.gnu_extab*)

.exception_ranges
 *(.exception_ranges .exception_ranges*)
                0x0000000000021efc                . = DATA_SEGMENT_ALIGN (0x10000, 0x1000)

.eh_frame
 *(.eh_frame)
 *(.eh_frame.*)

.gnu_extab
 *(.gnu_extab)

.gcc_except_table
 *(.gcc_except_table .gcc_except_table.*)

.exception_ranges
 *(.exception_ranges .exception_ranges*)

.tdata
 *(.tdata .tdata.* .gnu.linkonce.td.*)

.tbss
 *(.tbss .tbss.* .gnu.linkonce.tb.*)
 *(.tcommon)

.preinit_array  0x0000000000021efc        0x0
                [!provide]                        PROVIDE (__preinit_array_start, .)
 *(.preinit_array)
                [!provide]                        PROVIDE (__preinit_array_end, .)

.init_array     0x0000000000021efc        0x4
                0x0000000000021efc                PROVIDE (__init_array_start, .)
 *(SORT(.init_array.*) SORT(.ctors.*))
 *(.init_array EXCLUDE_FILE(*crtend?.o *crtend.o *crtbegin?.o *crtbegin.o) .ctors)
 .init_array    0x0000000000021efc        0x4 /usr/lib/gcc-cross/arm-linux-gnueabihf/6/crtbegin.o
                0x0000000000021f00                PROVIDE (__init_array_end, .)

.fini_array     0x0000000000021f00        0x4
                [!provide]                        PROVIDE (__fini_array_start, .)
 *(SORT(.fini_array.*) SORT(.dtors.*))
 *(.fini_array EXCLUDE_FILE(*crtend?.o *crtend.o *crtbegin?.o *crtbegin.o) .dtors)
 .fini_array    0x0000000000021f00        0x4 /usr/lib/gcc-cross/arm-linux-gnueabihf/6/crtbegin.o
                [!provide]                        PROVIDE (__fini_array_end, .)

.ctors
 *crtbegin.o(.ctors)
 *crtbegin?.o(.ctors)
 *(EXCLUDE_FILE(*crtend?.o *crtend.o) .ctors)
 *(SORT(.ctors.*))
 *(.ctors)

.dtors
 *crtbegin.o(.dtors)
 *crtbegin?.o(.dtors)
 *(EXCLUDE_FILE(*crtend?.o *crtend.o) .dtors)
 *(SORT(.dtors.*))
 *(.dtors)

.jcr            0x0000000000021f04        0x4
 *(.jcr)
 .jcr           0x0000000000021f04        0x0 /usr/lib/gcc-cross/arm-linux-gnueabihf/6/crtbegin.o
 .jcr           0x0000000000021f04        0x4 /usr/lib/gcc-cross/arm-linux-gnueabihf/6/crtend.o

.data.rel.ro
 *(.data.rel.ro.local* .gnu.linkonce.d.rel.ro.local.*)
 *(.data.rel.ro .data.rel.ro.* .gnu.linkonce.d.rel.ro.*)

.dynamic        0x0000000000021f08       0xf8
 *(.dynamic)
 .dynamic       0x0000000000021f08       0xf8 /usr/lib/gcc-cross/arm-linux-gnueabihf/6/../../../../arm-linux-gnueabihf/lib/../lib/crt1.o
                0x0000000000021f08                _DYNAMIC
                0x0000000000022000                . = DATA_SEGMENT_RELRO_END (., 0x0)

.got            0x0000000000022000       0x58
 *(.got.plt)
 .got.plt       0x0000000000022000       0x54 /usr/lib/gcc-cross/arm-linux-gnueabihf/6/../../../../arm-linux-gnueabihf/lib/../lib/crt1.o
                0x0000000000022000                _GLOBAL_OFFSET_TABLE_
 *(.igot.plt)
 .igot.plt      0x0000000000022054        0x0 /usr/lib/gcc-cross/arm-linux-gnueabihf/6/../../../../arm-linux-gnueabihf/lib/../lib/crt1.o
 *(.got)
 .got           0x0000000000022054        0x4 /usr/lib/gcc-cross/arm-linux-gnueabihf/6/../../../../arm-linux-gnueabihf/lib/../lib/crt1.o
 *(.igot)

.data           0x0000000000022058        0x8
                [!provide]                        PROVIDE (__data_start, .)
 *(.data .data.* .gnu.linkonce.d.*)
 .data          0x0000000000022058        0x4 /usr/lib/gcc-cross/arm-linux-gnueabihf/6/../../../../arm-linux-gnueabihf/lib/../lib/crt1.o
                0x0000000000022058                data_start
                0x0000000000022058                __data_start
 .data          0x000000000002205c        0x0 /usr/lib/gcc-cross/arm-linux-gnueabihf/6/../../../../arm-linux-gnueabihf/lib/../lib/crti.o
 .data          0x000000000002205c        0x4 /usr/lib/gcc-cross/arm-linux-gnueabihf/6/crtbegin.o
                0x000000000002205c                __dso_handle
 .data          0x0000000000022060        0x0 Main.o
 .data          0x0000000000022060        0x0 CircularBuffer.o
 .data          0x0000000000022060        0x0 Timestamp.o
 .data          0x0000000000022060        0x0 SharedMemory.o
 .data          0x0000000000022060        0x0 ErrorHandling.o
 .data          0x0000000000022060        0x0 DebugText.o
 .data          0x0000000000022060        0x0 /usr/arm-linux-gnueabihf/lib/libc_nonshared.a(elf-init.oS)
 .data          0x0000000000022060        0x0 /usr/lib/gcc-cross/arm-linux-gnueabihf/6/libgcc.a(_udivsi3.o)
 .data          0x0000000000022060        0x0 /usr/lib/gcc-cross/arm-linux-gnueabihf/6/libgcc.a(_dvmd_lnx.o)
 .data          0x0000000000022060        0x0 /usr/lib/gcc-cross/arm-linux-gnueabihf/6/crtend.o
 .data          0x0000000000022060        0x0 /usr/lib/gcc-cross/arm-linux-gnueabihf/6/../../../../arm-linux-gnueabihf/lib/../lib/crtn.o

.tm_clone_table
                0x0000000000022060        0x0
 .tm_clone_table
                0x0000000000022060        0x0 /usr/lib/gcc-cross/arm-linux-gnueabihf/6/crtbegin.o
 .tm_clone_table
                0x0000000000022060        0x0 /usr/lib/gcc-cross/arm-linux-gnueabihf/6/crtend.o

.data1
 *(.data1)
                0x0000000000022060                _edata = .
                [!provide]                        PROVIDE (edata, .)
                0x0000000000022060                . = .
                0x0000000000022060                __bss_start = .
                0x0000000000022060                __bss_start__ = .

.bss            0x0000000000022060      0x114
 *(.dynbss)
 .dynbss        0x0000000000022060        0xc /usr/lib/gcc-cross/arm-linux-gnueabihf/6/../../../../arm-linux-gnueabihf/lib/../lib/crt1.o
                0x0000000000022060                __stack_chk_guard@@GLIBC_2.4
                0x0000000000022068                stderr@@GLIBC_2.4
 *(.bss .bss.* .gnu.linkonce.b.*)
 .bss           0x000000000002206c        0x0 /usr/lib/gcc-cross/arm-linux-gnueabihf/6/../../../../arm-linux-gnueabihf/lib/../lib/crt1.o
 .bss           0x000000000002206c        0x0 /usr/lib/gcc-cross/arm-linux-gnueabihf/6/../../../../arm-linux-gnueabihf/lib/../lib/crti.o
 .bss           0x000000000002206c        0x1 /usr/lib/gcc-cross/arm-linux-gnueabihf/6/crtbegin.o
 *fill*         0x000000000002206d        0x3 
 .bss           0x0000000000022070        0x4 Main.o
                0x0000000000022070                portA
 .bss           0x0000000000022074        0x0 CircularBuffer.o
 .bss           0x0000000000022074        0x0 Timestamp.o
 .bss           0x0000000000022074        0x0 SharedMemory.o
 .bss           0x0000000000022074        0x0 ErrorHandling.o
 .bss           0x0000000000022074      0x100 DebugText.o
 .bss           0x0000000000022174        0x0 /usr/arm-linux-gnueabihf/lib/libc_nonshared.a(elf-init.oS)
 .bss           0x0000000000022174        0x0 /usr/lib/gcc-cross/arm-linux-gnueabihf/6/libgcc.a(_udivsi3.o)
 .bss           0x0000000000022174        0x0 /usr/lib/gcc-cross/arm-linux-gnueabihf/6/libgcc.a(_dvmd_lnx.o)
 .bss           0x0000000000022174        0x0 /usr/lib/gcc-cross/arm-linux-gnueabihf/6/crtend.o
 .bss           0x0000000000022174        0x0 /usr/lib/gcc-cross/arm-linux-gnueabihf/6/../../../../arm-linux-gnueabihf/lib/../lib/crtn.o
 *(COMMON)
                0x0000000000022174                . = ALIGN ((. != 0x0)?0x4:0x1)
                0x0000000000022174                _bss_end__ = .
                0x0000000000022174                __bss_end__ = .
                0x0000000000022174                . = ALIGN (0x4)
                0x0000000000022174                . = SEGMENT_START ("ldata-segment", .)
                0x0000000000022174                . = ALIGN (0x4)
                0x0000000000022174                __end__ = .
                0x0000000000022174                _end = .
                [!provide]                        PROVIDE (end, .)
                0x0000000000022174                . = DATA_SEGMENT_END (.)

.stab
 *(.stab)

.stabstr
 *(.stabstr)

.stab.excl
 *(.stab.excl)

.stab.exclstr
 *(.stab.exclstr)

.stab.index
 *(.stab.index)

.stab.indexstr
 *(.stab.indexstr)

.comment        0x0000000000000000       0x2d
 *(.comment)
 .comment       0x0000000000000000       0x2d /usr/lib/gcc-cross/arm-linux-gnueabihf/6/crtbegin.o
                                         0x2e (size before relaxing)
 .comment       0x000000000000002d       0x2e Main.o
 .comment       0x000000000000002d       0x2e CircularBuffer.o
 .comment       0x000000000000002d       0x2e Timestamp.o
 .comment       0x000000000000002d       0x2e SharedMemory.o
 .comment       0x000000000000002d       0x2e ErrorHandling.o
 .comment       0x000000000000002d       0x2e DebugText.o
 .comment       0x000000000000002d       0x2e /usr/lib/gcc-cross/arm-linux-gnueabihf/6/crtend.o

.ARM.attributes
                0x0000000000000000       0x33
 .ARM.attributes
                0x0000000000000000       0x33 /usr/lib/gcc-cross/arm-linux-gnueabihf/6/../../../../arm-linux-gnueabihf/lib/../lib/crt1.o
 .ARM.attributes
                0x0000000000000033       0x27 /usr/lib/gcc-cross/arm-linux-gnueabihf/6/../../../../arm-linux-gnueabihf/lib/../lib/crti.o
 .ARM.attributes
                0x000000000000005a       0x33 /usr/lib/gcc-cross/arm-linux-gnueabihf/6/crtbegin.o
 .ARM.attributes
                0x000000000000008d       0x33 Main.o
 .ARM.attributes
                0x00000000000000c0       0x33 CircularBuffer.o
 .ARM.attributes
                0x00000000000000f3       0x33 Timestamp.o
 .ARM.attributes
                0x0000000000000126       0x33 SharedMemory.o
 .ARM.attributes
                0x0000000000000159       0x33 ErrorHandling.o
 .ARM.attributes
                0x000000000000018c       0x33 DebugText.o
 .ARM.attributes
                0x00000000000001bf       0x35 /usr/arm-linux-gnueabihf/lib/libc_nonshared.a(elf-init.oS)
 .ARM.attributes
                0x00000000000001f4       0x21 /usr/lib/gcc-cross/arm-linux-gnueabihf/6/libgcc.a(_udivsi3.o)
 .ARM.attributes
                0x0000000000000215       0x21 /usr/lib/gcc-cross/arm-linux-gnueabihf/6/libgcc.a(_dvmd_lnx.o)
 .ARM.attributes
                0x0000000000000236       0x33 /usr/lib/gcc-cross/arm-linux-gnueabihf/6/crtend.o
 .ARM.attributes
                0x0000000000000269       0x27 /usr/lib/gcc-cross/arm-linux-gnueabihf/6/../../../../arm-linux-gnueabihf/lib/../lib/crtn.o

.debug
 *(.debug)

.line
 *(.line)

.debug_srcinfo
 *(.debug_srcinfo)

.debug_sfnames
 *(.debug_sfnames)

.debug_aranges  0x0000000000000000       0xc8
 *(.debug_aranges)
 .debug_aranges
                0x0000000000000000       0x28 Main.o
 .debug_aranges
                0x0000000000000028       0x20 CircularBuffer.o
 .debug_aranges
                0x0000000000000048       0x20 Timestamp.o
 .debug_aranges
                0x0000000000000068       0x20 SharedMemory.o
 .debug_aranges
                0x0000000000000088       0x20 ErrorHandling.o
 .debug_aranges
                0x00000000000000a8       0x20 DebugText.o

.debug_pubnames
 *(.debug_pubnames)

.debug_info     0x0000000000000000     0x189c
 *(.debug_info .gnu.linkonce.wi.*)
 .debug_info    0x0000000000000000      0x93d Main.o
 .debug_info    0x000000000000093d      0x3e0 CircularBuffer.o
 .debug_info    0x0000000000000d1d       0xba Timestamp.o
 .debug_info    0x0000000000000dd7      0x36f SharedMemory.o
 .debug_info    0x0000000000001146       0xa0 ErrorHandling.o
 .debug_info    0x00000000000011e6      0x6b6 DebugText.o

.debug_abbrev   0x0000000000000000      0x872
 *(.debug_abbrev)
 .debug_abbrev  0x0000000000000000      0x27a Main.o
 .debug_abbrev  0x000000000000027a      0x168 CircularBuffer.o
 .debug_abbrev  0x00000000000003e2       0x76 Timestamp.o
 .debug_abbrev  0x0000000000000458      0x171 SharedMemory.o
 .debug_abbrev  0x00000000000005c9       0x6a ErrorHandling.o
 .debug_abbrev  0x0000000000000633      0x23f DebugText.o

.debug_line     0x0000000000000000      0xcc4
 *(.debug_line .debug_line.* .debug_line_end)
 .debug_line    0x0000000000000000      0x459 Main.o
 .debug_line    0x0000000000000459      0x23a CircularBuffer.o
 .debug_line    0x0000000000000693      0x115 Timestamp.o
 .debug_line    0x00000000000007a8      0x20a SharedMemory.o
 .debug_line    0x00000000000009b2       0xea ErrorHandling.o
 .debug_line    0x0000000000000a9c      0x228 DebugText.o

.debug_frame    0x0000000000000000      0x25c
 *(.debug_frame)
 .debug_frame   0x0000000000000000       0x78 Main.o
 .debug_frame   0x0000000000000078       0x84 CircularBuffer.o
 .debug_frame   0x00000000000000fc       0x30 Timestamp.o
 .debug_frame   0x000000000000012c       0x54 SharedMemory.o
 .debug_frame   0x0000000000000180       0x28 ErrorHandling.o
 .debug_frame   0x00000000000001a8       0xb4 DebugText.o

.debug_str      0x0000000000000000      0x933
 *(.debug_str)
 .debug_str     0x0000000000000000      0x52f Main.o
                                        0x5c0 (size before relaxing)
 .debug_str     0x000000000000052f      0x10b CircularBuffer.o
                                        0x315 (size before relaxing)
 .debug_str     0x000000000000063a       0x82 Timestamp.o
                                        0x1c3 (size before relaxing)
 .debug_str     0x00000000000006bc       0xd2 SharedMemory.o
                                        0x299 (size before relaxing)
 .debug_str     0x000000000000078e       0x61 ErrorHandling.o
                                        0x1a1 (size before relaxing)
 .debug_str     0x00000000000007ef      0x144 DebugText.o
                                        0x4d0 (size before relaxing)

.debug_loc      0x0000000000000000      0x75d
 *(.debug_loc)
 .debug_loc     0x0000000000000000      0x257 Main.o
 .debug_loc     0x0000000000000257      0x231 CircularBuffer.o
 .debug_loc     0x0000000000000488       0x1f Timestamp.o
 .debug_loc     0x00000000000004a7      0x161 SharedMemory.o
 .debug_loc     0x0000000000000608      0x155 DebugText.o

.debug_macinfo
 *(.debug_macinfo)

.debug_weaknames
 *(.debug_weaknames)

.debug_funcnames
 *(.debug_funcnames)

.debug_typenames
 *(.debug_typenames)

.debug_varnames
 *(.debug_varnames)

.debug_pubtypes
 *(.debug_pubtypes)

.debug_ranges   0x0000000000000000      0x138
 *(.debug_ranges)
 .debug_ranges  0x0000000000000000       0x90 Main.o
 .debug_ranges  0x0000000000000090       0x30 CircularBuffer.o
 .debug_ranges  0x00000000000000c0       0x78 DebugText.o

.debug_macro
 *(.debug_macro)

.gnu.attributes
 *(.gnu.attributes)

.note.gnu.arm.ident
 *(.note.gnu.arm.ident)

/DISCARD/
 *(.note.GNU-stack)
 *(.gnu_debuglink)
 *(.gnu.lto_*)
OUTPUT(Main.elf elf32-littlearm)
